Archive member included to satisfy reference by file (symbol)

/opt/arm-gnu-toolchain-14.3.rel1-x86_64-arm-none-eabi/bin/../lib/gcc/arm-none-eabi/14.3.1/../../../../arm-none-eabi/lib/thumb/v8-m.base/nofp/libc_nano.a(libc_a-exit.o)
                              /opt/arm-gnu-toolchain-14.3.rel1-x86_64-arm-none-eabi/bin/../lib/gcc/arm-none-eabi/14.3.1/../../../../arm-none-eabi/lib/thumb/v8-m.base/nofp/crt0.o (exit)
/opt/arm-gnu-toolchain-14.3.rel1-x86_64-arm-none-eabi/bin/../lib/gcc/arm-none-eabi/14.3.1/../../../../arm-none-eabi/lib/thumb/v8-m.base/nofp/libc_nano.a(libc_a-findfp.o)
                              /opt/arm-gnu-toolchain-14.3.rel1-x86_64-arm-none-eabi/bin/../lib/gcc/arm-none-eabi/14.3.1/../../../../arm-none-eabi/lib/thumb/v8-m.base/nofp/libc_nano.a(libc_a-exit.o) (__stdio_exit_handler)
/opt/arm-gnu-toolchain-14.3.rel1-x86_64-arm-none-eabi/bin/../lib/gcc/arm-none-eabi/14.3.1/../../../../arm-none-eabi/lib/thumb/v8-m.base/nofp/libc_nano.a(libc_a-fwalk.o)
                              /opt/arm-gnu-toolchain-14.3.rel1-x86_64-arm-none-eabi/bin/../lib/gcc/arm-none-eabi/14.3.1/../../../../arm-none-eabi/lib/thumb/v8-m.base/nofp/libc_nano.a(libc_a-findfp.o) (_fwalk_sglue)
/opt/arm-gnu-toolchain-14.3.rel1-x86_64-arm-none-eabi/bin/../lib/gcc/arm-none-eabi/14.3.1/../../../../arm-none-eabi/lib/thumb/v8-m.base/nofp/libc_nano.a(libc_a-stdio.o)
                              /opt/arm-gnu-toolchain-14.3.rel1-x86_64-arm-none-eabi/bin/../lib/gcc/arm-none-eabi/14.3.1/../../../../arm-none-eabi/lib/thumb/v8-m.base/nofp/libc_nano.a(libc_a-findfp.o) (__sread)
/opt/arm-gnu-toolchain-14.3.rel1-x86_64-arm-none-eabi/bin/../lib/gcc/arm-none-eabi/14.3.1/../../../../arm-none-eabi/lib/thumb/v8-m.base/nofp/libc_nano.a(libc_a-memset.o)
                              /opt/arm-gnu-toolchain-14.3.rel1-x86_64-arm-none-eabi/bin/../lib/gcc/arm-none-eabi/14.3.1/../../../../arm-none-eabi/lib/thumb/v8-m.base/nofp/crt0.o (memset)
/opt/arm-gnu-toolchain-14.3.rel1-x86_64-arm-none-eabi/bin/../lib/gcc/arm-none-eabi/14.3.1/../../../../arm-none-eabi/lib/thumb/v8-m.base/nofp/libc_nano.a(libc_a-closer.o)
                              /opt/arm-gnu-toolchain-14.3.rel1-x86_64-arm-none-eabi/bin/../lib/gcc/arm-none-eabi/14.3.1/../../../../arm-none-eabi/lib/thumb/v8-m.base/nofp/libc_nano.a(libc_a-stdio.o) (_close_r)
/opt/arm-gnu-toolchain-14.3.rel1-x86_64-arm-none-eabi/bin/../lib/gcc/arm-none-eabi/14.3.1/../../../../arm-none-eabi/lib/thumb/v8-m.base/nofp/libc_nano.a(libc_a-reent.o)
                              /opt/arm-gnu-toolchain-14.3.rel1-x86_64-arm-none-eabi/bin/../lib/gcc/arm-none-eabi/14.3.1/../../../../arm-none-eabi/lib/thumb/v8-m.base/nofp/libc_nano.a(libc_a-closer.o) (errno)
/opt/arm-gnu-toolchain-14.3.rel1-x86_64-arm-none-eabi/bin/../lib/gcc/arm-none-eabi/14.3.1/../../../../arm-none-eabi/lib/thumb/v8-m.base/nofp/libc_nano.a(libc_a-impure.o)
                              /opt/arm-gnu-toolchain-14.3.rel1-x86_64-arm-none-eabi/bin/../lib/gcc/arm-none-eabi/14.3.1/../../../../arm-none-eabi/lib/thumb/v8-m.base/nofp/libc_nano.a(libc_a-reent.o) (_impure_ptr)
/opt/arm-gnu-toolchain-14.3.rel1-x86_64-arm-none-eabi/bin/../lib/gcc/arm-none-eabi/14.3.1/../../../../arm-none-eabi/lib/thumb/v8-m.base/nofp/libc_nano.a(libc_a-lseekr.o)
                              /opt/arm-gnu-toolchain-14.3.rel1-x86_64-arm-none-eabi/bin/../lib/gcc/arm-none-eabi/14.3.1/../../../../arm-none-eabi/lib/thumb/v8-m.base/nofp/libc_nano.a(libc_a-stdio.o) (_lseek_r)
/opt/arm-gnu-toolchain-14.3.rel1-x86_64-arm-none-eabi/bin/../lib/gcc/arm-none-eabi/14.3.1/../../../../arm-none-eabi/lib/thumb/v8-m.base/nofp/libc_nano.a(libc_a-readr.o)
                              /opt/arm-gnu-toolchain-14.3.rel1-x86_64-arm-none-eabi/bin/../lib/gcc/arm-none-eabi/14.3.1/../../../../arm-none-eabi/lib/thumb/v8-m.base/nofp/libc_nano.a(libc_a-stdio.o) (_read_r)
/opt/arm-gnu-toolchain-14.3.rel1-x86_64-arm-none-eabi/bin/../lib/gcc/arm-none-eabi/14.3.1/../../../../arm-none-eabi/lib/thumb/v8-m.base/nofp/libc_nano.a(libc_a-writer.o)
                              /opt/arm-gnu-toolchain-14.3.rel1-x86_64-arm-none-eabi/bin/../lib/gcc/arm-none-eabi/14.3.1/../../../../arm-none-eabi/lib/thumb/v8-m.base/nofp/libc_nano.a(libc_a-stdio.o) (_write_r)
/opt/arm-gnu-toolchain-14.3.rel1-x86_64-arm-none-eabi/bin/../lib/gcc/arm-none-eabi/14.3.1/../../../../arm-none-eabi/lib/thumb/v8-m.base/nofp/libc_nano.a(libc_a-init.o)
                              /opt/arm-gnu-toolchain-14.3.rel1-x86_64-arm-none-eabi/bin/../lib/gcc/arm-none-eabi/14.3.1/../../../../arm-none-eabi/lib/thumb/v8-m.base/nofp/crt0.o (__libc_init_array)
/opt/arm-gnu-toolchain-14.3.rel1-x86_64-arm-none-eabi/bin/../lib/gcc/arm-none-eabi/14.3.1/../../../../arm-none-eabi/lib/thumb/v8-m.base/nofp/libc_nano.a(libc_a-lock.o)
                              /opt/arm-gnu-toolchain-14.3.rel1-x86_64-arm-none-eabi/bin/../lib/gcc/arm-none-eabi/14.3.1/../../../../arm-none-eabi/lib/thumb/v8-m.base/nofp/libc_nano.a(libc_a-findfp.o) (__retarget_lock_init_recursive)
[...]
Memory Configuration

Name             Origin             Length             Attributes
FLASH            0x00000000         0x000ff000         xr
RAM              0x20000000         0x00040000         xrw
*default*        0x00000000         0xffffffff

Linker script and memory map

LOAD /opt/arm-gnu-toolchain-14.3.rel1-x86_64-arm-none-eabi/bin/../lib/gcc/arm-none-eabi/14.3.1/thumb/v8-m.base/nofp/crti.o
LOAD /opt/arm-gnu-toolchain-14.3.rel1-x86_64-arm-none-eabi/bin/../lib/gcc/arm-none-eabi/14.3.1/thumb/v8-m.base/nofp/crtbegin.o
LOAD /opt/arm-gnu-toolchain-14.3.rel1-x86_64-arm-none-eabi/bin/../lib/gcc/arm-none-eabi/14.3.1/../../../../arm-none-eabi/lib/thumb/v8-m.base/nofp/crt0.o
LOAD /opt/arm-gnu-toolchain-14.3.rel1-x86_64-arm-none-eabi/bin/../lib/gcc/arm-none-eabi/14.3.1/../../../../arm-none-eabi/lib/thumb/v8-m.base/nofp/libc_nano.a
LOAD /opt/arm-gnu-toolchain-14.3.rel1-x86_64-arm-none-eabi/bin/../lib/gcc/arm-none-eabi/14.3.1/../../../../arm-none-eabi/lib/thumb/v8-m.base/nofp/libm.a
                0x00000800                        ld_stack_size = 0x800
LOAD /home/dwpark/work/spuos-secure-v2/applications/abm_v3/bin/GENERIC_M2354_KPQC/dorsalstream.a
START GROUP
LOAD /home/dwpark/work/spuos-secure-v2/extmodules/axiocrypto_dist/2.1.0/axiocrypto_nonsecure_sdk/lib//libaxiocrypto_sdk.a
LOAD /home/dwpark/work/spuos-secure-v2/applications/abm_v3/bin/GENERIC_M2354_KPQC/board.o
LOAD /home/dwpark/work/spuos-secure-v2/applications/abm_v3/bin/GENERIC_M2354_KPQC/application.o
END GROUP
START GROUP
LOAD /opt/arm-gnu-toolchain-14.3.rel1-x86_64-arm-none-eabi/bin/../lib/gcc/arm-none-eabi/14.3.1/thumb/v8-m.base/nofp/libgcc.a
LOAD /opt/arm-gnu-toolchain-14.3.rel1-x86_64-arm-none-eabi/bin/../lib/gcc/arm-none-eabi/14.3.1/../../../../arm-none-eabi/lib/thumb/v8-m.base/nofp/libc_nano.a
END GROUP
START GROUP
LOAD /opt/arm-gnu-toolchain-14.3.rel1-x86_64-arm-none-eabi/bin/../lib/gcc/arm-none-eabi/14.3.1/thumb/v8-m.base/nofp/libgcc.a
LOAD /opt/arm-gnu-toolchain-14.3.rel1-x86_64-arm-none-eabi/bin/../lib/gcc/arm-none-eabi/14.3.1/../../../../arm-none-eabi/lib/thumb/v8-m.base/nofp/libc_nano.a
END GROUP
LOAD /opt/arm-gnu-toolchain-14.3.rel1-x86_64-arm-none-eabi/bin/../lib/gcc/arm-none-eabi/14.3.1/thumb/v8-m.base/nofp/crtend.o
LOAD /opt/arm-gnu-toolchain-14.3.rel1-x86_64-arm-none-eabi/bin/../lib/gcc/arm-none-eabi/14.3.1/thumb/v8-m.base/nofp/crtn.o
                0x00000000                        _ld_flash_start = DEFINED (ld_flash_start)?ld_flash_start:0x0
                0x00100000                        _ld_flash_length = DEFINED (ld_flash_length)?ld_flash_length:0x100000
                0x20000000                        _ld_ram_start = DEFINED (ld_ram_start)?ld_ram_start:0x20000000
                0x00040000                        _ld_ram_length = DEFINED (ld_ram_length)?ld_ram_length:0x40000
                0x00000800                        _ld_stack_size = DEFINED (ld_stack_size)?ld_stack_size:0x800
START GROUP
LOAD /opt/arm-gnu-toolchain-14.3.rel1-x86_64-arm-none-eabi/bin/../lib/gcc/arm-none-eabi/14.3.1/thumb/v8-m.base/nofp/libgcc.a
LOAD /opt/arm-gnu-toolchain-14.3.rel1-x86_64-arm-none-eabi/bin/../lib/gcc/arm-none-eabi/14.3.1/../../../../arm-none-eabi/lib/thumb/v8-m.base/nofp/libc.a
LOAD /opt/arm-gnu-toolchain-14.3.rel1-x86_64-arm-none-eabi/bin/../lib/gcc/arm-none-eabi/14.3.1/../../../../arm-none-eabi/lib/thumb/v8-m.base/nofp/libm.a
LOAD /opt/arm-gnu-toolchain-14.3.rel1-x86_64-arm-none-eabi/bin/../lib/gcc/arm-none-eabi/14.3.1/../../../../arm-none-eabi/lib/thumb/v8-m.base/nofp/libnosys.a
END GROUP

.text           0x00000000      0x22c
 FILL mask 0xff
 *(.vectors)
 .vectors       0x00000000      0x210 /home/dwpark/work/spuos-secure-v2/applications/abm_v3/bin/GENERIC_M2354_KPQC/dorsalstream.a(dorsalstream.o)
                0x00000000                __Vectors
                0x00000210                        __Vectors_End = .
                0x00000210                        __Vectors_Size = (__Vectors_End - __Vectors)
                0x00000210                        . = ALIGN (0x4)
 *(.init)
 .init          0x00000210        0x4 /opt/arm-gnu-toolchain-14.3.rel1-x86_64-arm-none-eabi/bin/../lib/gcc/arm-none-eabi/14.3.1/thumb/v8-m.base/nofp/crti.o
                0x00000210                _init
 .init          0x00000214        0x8 /opt/arm-gnu-toolchain-14.3.rel1-x86_64-arm-none-eabi/bin/../lib/gcc/arm-none-eabi/14.3.1/thumb/v8-m.base/nofp/crtn.o
 *(.fini)
 .fini          0x0000021c        0x4 /opt/arm-gnu-toolchain-14.3.rel1-x86_64-arm-none-eabi/bin/../lib/gcc/arm-none-eabi/14.3.1/thumb/v8-m.base/nofp/crti.o
                0x0000021c                _fini
 .fini          0x00000220        0x8 /opt/arm-gnu-toolchain-14.3.rel1-x86_64-arm-none-eabi/bin/../lib/gcc/arm-none-eabi/14.3.1/thumb/v8-m.base/nofp/crtn.o
 *crtbegin.o(.ctors)
 *crtbegin?.o(.ctors)
 *(EXCLUDE_FILE(*crtend.o *crtend?.o) .ctors)
 *(SORT_BY_NAME(.ctors.*))
 *(.ctors)
 *crtbegin.o(.dtors)
 *crtbegin?.o(.dtors)
 *(EXCLUDE_FILE(*crtend.o *crtend?.o) .dtors)
 *(SORT_BY_NAME(.dtors.*))
 *(.dtors)
 *(.eh_frame*)
 .eh_frame      0x00000228        0x0 /opt/arm-gnu-toolchain-14.3.rel1-x86_64-arm-none-eabi/bin/../lib/gcc/arm-none-eabi/14.3.1/thumb/v8-m.base/nofp/crtbegin.o
 .eh_frame      0x00000228        0x4 /opt/arm-gnu-toolchain-14.3.rel1-x86_64-arm-none-eabi/bin/../lib/gcc/arm-none-eabi/14.3.1/thumb/v8-m.base/nofp/crtend.o

.glue_7         0x0000022c        0x0
 .glue_7        0x0000022c        0x0 linker stubs

.glue_7t        0x0000022c        0x0
 .glue_7t       0x0000022c        0x0 linker stubs

.vfp11_veneer   0x0000022c        0x0
 .vfp11_veneer  0x0000022c        0x0 linker stubs

.v4_bx          0x0000022c        0x0
 .v4_bx         0x0000022c        0x0 linker stubs

.iplt           0x0000022c        0x0
 .iplt          0x0000022c        0x0 /opt/arm-gnu-toolchain-14.3.rel1-x86_64-arm-none-eabi/bin/../lib/gcc/arm-none-eabi/14.3.1/thumb/v8-m.base/nofp/crtbegin.o

.privileged_functions
                0x0000022c       0x14
                0x00000240                        . = ALIGN (0x20)
 *fill*         0x0000022c       0x14 
                0x00000240                        __privileged_functions_start__ = .
 *(privileged_functions)
                0x00000240                        . = ALIGN (0x20)
                0x0000023f                        __privileged_functions_end__ = (. - 0x1)

.freertos_system_calls
                0x00000240        0x0
                0x00000240                        . = ALIGN (0x20)
                0x00000240                        __syscalls_flash_start__ = .
 *(freertos_system_calls)
                0x00000240                        . = ALIGN (0x20)
                0x0000023f                        __syscalls_flash_end__ = (. - 0x1)

.text           0x00000240     0x58c0
                0x00000240                        . = ALIGN (0x20)
                0x00000240                        __unprivileged_flash_start__ = .
 *(.text*)
 .text.deregister_tm_clones
                0x00000240       0x24 /opt/arm-gnu-toolchain-14.3.rel1-x86_64-arm-none-eabi/bin/../lib/gcc/arm-none-eabi/14.3.1/thumb/v8-m.base/nofp/crtbegin.o
 .text.register_tm_clones
                0x00000264       0x2c /opt/arm-gnu-toolchain-14.3.rel1-x86_64-arm-none-eabi/bin/../lib/gcc/arm-none-eabi/14.3.1/thumb/v8-m.base/nofp/crtbegin.o
 .text.__do_global_dtors_aux
                0x00000290       0x30 /opt/arm-gnu-toolchain-14.3.rel1-x86_64-arm-none-eabi/bin/../lib/gcc/arm-none-eabi/14.3.1/thumb/v8-m.base/nofp/crtbegin.o
 .text.frame_dummy
                0x000002c0       0x28 /opt/arm-gnu-toolchain-14.3.rel1-x86_64-arm-none-eabi/bin/../lib/gcc/arm-none-eabi/14.3.1/thumb/v8-m.base/nofp/crtbegin.o
 .text          0x000002e8       0x80 /opt/arm-gnu-toolchain-14.3.rel1-x86_64-arm-none-eabi/bin/../lib/gcc/arm-none-eabi/14.3.1/../../../../arm-none-eabi/lib/thumb/v8-m.base/nofp/crt0.o
                0x000002e8                _stack_init
                0x000002f4                _mainCRTStartup
                0x000002f4                _start
 .text.exit     0x00000368       0x24 /opt/arm-gnu-toolchain-14.3.rel1-x86_64-arm-none-eabi/bin/../lib/gcc/arm-none-eabi/14.3.1/../../../../arm-none-eabi/lib/thumb/v8-m.base/nofp/libc_nano.a(libc_a-exit.o)
                0x00000368                exit
 .text.memset   0x0000038c       0x10 /opt/arm-gnu-toolchain-14.3.rel1-x86_64-arm-none-eabi/bin/../lib/gcc/arm-none-eabi/14.3.1/../../../../arm-none-eabi/lib/thumb/v8-m.base/nofp/libc_nano.a(libc_a-memset.o)
                0x0000038c                memset
 .text.__libc_init_array
                0x0000039c       0x50 /opt/arm-gnu-toolchain-14.3.rel1-x86_64-arm-none-eabi/bin/../lib/gcc/arm-none-eabi/14.3.1/../../../../arm-none-eabi/lib/thumb/v8-m.base/nofp/libc_nano.a(libc_a-init.o)
                0x0000039c                __libc_init_array
 .text.__retarget_lock_acquire_recursive
                0x000003ec        0x2 /opt/arm-gnu-toolchain-14.3.rel1-x86_64-arm-none-eabi/bin/../lib/gcc/arm-none-eabi/14.3.1/../../../../arm-none-eabi/lib/thumb/v8-m.base/nofp/libc_nano.a(libc_a-lock.o)
                0x000003ec                __retarget_lock_acquire_recursive
 .text.__retarget_lock_release_recursive
                0x000003ee        0x2 /opt/arm-gnu-toolchain-14.3.rel1-x86_64-arm-none-eabi/bin/../lib/gcc/arm-none-eabi/14.3.1/../../../../arm-none-eabi/lib/thumb/v8-m.base/nofp/libc_nano.a(libc_a-lock.o)
                0x000003ee                __retarget_lock_release_recursive
 .text._free_r  0x000003f0       0x90 /opt/arm-gnu-toolchain-14.3.rel1-x86_64-arm-none-eabi/bin/../lib/gcc/arm-none-eabi/14.3.1/../../../../arm-none-eabi/lib/thumb/v8-m.base/nofp/libc_nano.a(libc_a-freer.o)
                0x000003f0                _free_r
 .text.sbrk_aligned
                0x00000480       0x44 /opt/arm-gnu-toolchain-14.3.rel1-x86_64-arm-none-eabi/bin/../lib/gcc/arm-none-eabi/14.3.1/../../../../arm-none-eabi/lib/thumb/v8-m.base/nofp/libc_nano.a(libc_a-mallocr.o)
 .text._malloc_r
                0x000004c4      0x100 /opt/arm-gnu-toolchain-14.3.rel1-x86_64-arm-none-eabi/bin/../lib/gcc/arm-none-eabi/14.3.1/../../../../arm-none-eabi/lib/thumb/v8-m.base/nofp/libc_nano.a(libc_a-mallocr.o)
                0x000004c4                _malloc_r
 .text.__malloc_lock
                0x000005c4       0x10 /opt/arm-gnu-toolchain-14.3.rel1-x86_64-arm-none-eabi/bin/../lib/gcc/arm-none-eabi/14.3.1/../../../../arm-none-eabi/lib/thumb/v8-m.base/nofp/libc_nano.a(libc_a-mlock.o)
                0x000005c4                __malloc_lock
 .text.__malloc_unlock
                0x000005d4       0x10 /opt/arm-gnu-toolchain-14.3.rel1-x86_64-arm-none-eabi/bin/../lib/gcc/arm-none-eabi/14.3.1/../../../../arm-none-eabi/lib/thumb/v8-m.base/nofp/libc_nano.a(libc_a-mlock.o)
                0x000005d4                __malloc_unlock
 .text._sbrk_r  0x000005e4       0x20 /opt/arm-gnu-toolchain-14.3.rel1-x86_64-arm-none-eabi/bin/../lib/gcc/arm-none-eabi/14.3.1/../../../../arm-none-eabi/lib/thumb/v8-m.base/nofp/libc_nano.a(libc_a-sbrkr.o)
                0x000005e4                _sbrk_r
 .text          0x00000604       0x64 /home/dwpark/work/spuos-secure-v2/applications/abm_v3/bin/GENERIC_M2354_KPQC/dorsalstream.a(dorsalstream.o)
                0x00000604                Reset_Handler
                0x0000064c                ProcessHardFaultx
                0x0000064e                BRAKE0_IRQHandler
                0x0000064e                SC2_IRQHandler
                0x0000064e                CLKFAIL_IRQHandler
                0x0000064e                ACMP01_IRQHandler
                0x0000064e                I2C0_IRQHandler
                0x0000064e                SC0_IRQHandler
                0x0000064e                EADC0_IRQHandler
                0x0000064e                USCI0_IRQHandler
                0x0000064e                SysTick_Handler
                0x0000064e                PendSV_Handler
                0x0000064e                NMI_Handler
                0x0000064e                I2C1_IRQHandler
                0x0000064e                EINT2_IRQHandler
                0x0000064e                UART1_IRQHandler
                0x0000064e                EINT3_IRQHandler
                0x0000064e                SCU_IRQHandler
                0x0000064e                I2S0_IRQHandler
                0x0000064e                EINT6_IRQHandler
                0x0000064e                UART0_IRQHandler
                0x0000064e                EPWM0_P0_IRQHandler
                0x0000064e                BRAKE1_IRQHandler
                0x0000064e                GPE_IRQHandler
                0x0000064e                EPWM0_P2_IRQHandler
                0x0000064e                USBD_IRQHandler
                0x0000064e                EPWM1_P1_IRQHandler
                0x0000064e                KS_IRQHandler
                0x0000064e                GPB_IRQHandler
                0x0000064e                SPI1_IRQHandler
                0x0000064e                TAMPER_IRQHandler
                0x0000064e                USCI1_IRQHandler
                0x0000064e                SDH0_IRQHandler
                0x0000064e                QSPI0_IRQHandler
                0x0000064e                GPA_IRQHandler
                0x0000064e                IRC_IRQHandler
                0x0000064e                RTC_TAMPER_IRQHandler
                0x0000064e                EPWM1_P0_IRQHandler
                0x0000064e                I2C2_IRQHandler
                0x0000064e                PDMA0_IRQHandler
                0x0000064e                EINT7_IRQHandler
                0x0000064e                RTC_IRQHandler
                0x0000064e                PWRWU_IRQHandler
                0x0000064e                LCD_IRQHandler
                0x0000064e                UART5_IRQHandler
                0x0000064e                BPWM1_IRQHandler
                0x0000064e                EINT1_IRQHandler
                0x0000064e                UART2_IRQHandler
                0x0000064e                GPH_IRQHandler
                0x0000064e                UART4_IRQHandler
                0x0000064e                GPC_IRQHandler
                0x0000064e                Default_Handler
                0x0000064e                TMR5_IRQHandler
                0x0000064e                QEI1_IRQHandler
                0x0000064e                TMR2_IRQHandler
                0x0000064e                EPWM0_P1_IRQHandler
                0x0000064e                SRAM_IRQHandler
                0x0000064e                ECAP0_IRQHandler
                0x0000064e                QEI0_IRQHandler
                0x0000064e                BPWM0_IRQHandler
                0x0000064e                BOD_IRQHandler
                0x0000064e                SPI2_IRQHandler
                0x0000064e                EPWM1_P2_IRQHandler
                0x0000064e                EADC2_IRQHandler
                0x0000064e                WDT_IRQHandler
                0x0000064e                SVC_Handler
                0x0000064e                EADC3_IRQHandler
                0x0000064e                USBOTG_IRQHandler
                0x0000064e                OPA0_IRQHandler
                0x0000064e                EWWDT_IRQHandler
                0x0000064e                EINT4_IRQHandler
                0x0000064e                NS_ISP_IRQHandler
                0x0000064e                SC1_IRQHandler
                0x0000064e                TMR4_IRQHandler
                0x0000064e                EINT0_IRQHandler
                0x0000064e                EINT5_IRQHandler
                0x0000064e                GPG_IRQHandler
                0x0000064e                CAN0_IRQHandler
                0x0000064e                PDMA1_IRQHandler
                0x0000064e                TMR3_IRQHandler
                0x0000064e                EADC1_IRQHandler
                0x0000064e                DAC_IRQHandler
                0x0000064e                SPI0_IRQHandler
                0x0000064e                GPD_IRQHandler
                0x0000064e                ECAP1_IRQHandler
                0x0000064e                EWDT_IRQHandler
                0x0000064e                GPF_IRQHandler
                0x0000064e                SPI3_IRQHandler
                0x0000064e                UART3_IRQHandler
                0x0000064e                TMR1_IRQHandler
                0x0000064e                WWDT_IRQHandler
                0x0000064e                USBH_IRQHandler
                0x0000065c                __PC
 .text.HardFault_Handler
                0x00000668        0xe /home/dwpark/work/spuos-secure-v2/applications/abm_v3/bin/GENERIC_M2354_KPQC/dorsalstream.a(dorsalstream.o)
                0x00000668                HardFault_Handler
 *fill*         0x00000676        0x2 
 .text.cpu_msp_set_seal
                0x00000678       0x14 /home/dwpark/work/spuos-secure-v2/applications/abm_v3/bin/GENERIC_M2354_KPQC/dorsalstream.a(dorsalstream.o)
                0x00000678                cpu_msp_set_seal
 .text.cpu_init
                0x0000068c       0xac /home/dwpark/work/spuos-secure-v2/applications/abm_v3/bin/GENERIC_M2354_KPQC/dorsalstream.a(dorsalstream.o)
                0x0000068c                cpu_init
 .text.__NVIC_SetVector
                0x00000738       0x10 /home/dwpark/work/spuos-secure-v2/applications/abm_v3/bin/GENERIC_M2354_KPQC/dorsalstream.a(dorsalstream.o)
 .text.__NVIC_EnableIRQ
                0x00000748       0x1c /home/dwpark/work/spuos-secure-v2/applications/abm_v3/bin/GENERIC_M2354_KPQC/dorsalstream.a(dorsalstream.o)
 .text.__NVIC_DisableIRQ
                0x00000764       0x24 /home/dwpark/work/spuos-secure-v2/applications/abm_v3/bin/GENERIC_M2354_KPQC/dorsalstream.a(dorsalstream.o)
 .text.FMC_ReadUID
                0x00000788       0xcc /home/dwpark/work/spuos-secure-v2/applications/abm_v3/bin/GENERIC_M2354_KPQC/dorsalstream.a(dorsalstream.o)
 .text.QSPI_IO32.isra.0
                0x00000854       0x48 /home/dwpark/work/spuos-secure-v2/applications/abm_v3/bin/GENERIC_M2354_KPQC/dorsalstream.a(dorsalstream.o)
 .text.QSPI_IO16.isra.0
                0x0000089c       0x48 /home/dwpark/work/spuos-secure-v2/applications/abm_v3/bin/GENERIC_M2354_KPQC/dorsalstream.a(dorsalstream.o)
 .text.QSPI_IO8.isra.0
                0x000008e4       0x40 /home/dwpark/work/spuos-secure-v2/applications/abm_v3/bin/GENERIC_M2354_KPQC/dorsalstream.a(dorsalstream.o)
 .text.SPI_IO32.isra.0
                0x00000924       0x48 /home/dwpark/work/spuos-secure-v2/applications/abm_v3/bin/GENERIC_M2354_KPQC/dorsalstream.a(dorsalstream.o)
 .text.SPI_IO16.isra.0
                0x0000096c       0x48 /home/dwpark/work/spuos-secure-v2/applications/abm_v3/bin/GENERIC_M2354_KPQC/dorsalstream.a(dorsalstream.o)
 .text.SPI_IO8.isra.0
                0x000009b4       0x40 /home/dwpark/work/spuos-secure-v2/applications/abm_v3/bin/GENERIC_M2354_KPQC/dorsalstream.a(dorsalstream.o)
 .text.uart_irq_setup
                0x000009f4       0x4c /home/dwpark/work/spuos-secure-v2/applications/abm_v3/bin/GENERIC_M2354_KPQC/dorsalstream.a(dorsalstream.o)
                0x000009f4                uart_irq_setup
 .text.uart_fini
                0x00000a40       0x44 /home/dwpark/work/spuos-secure-v2/applications/abm_v3/bin/GENERIC_M2354_KPQC/dorsalstream.a(dorsalstream.o)
                0x00000a40                uart_fini
 .text.uart_init
                0x00000a84       0xa4 /home/dwpark/work/spuos-secure-v2/applications/abm_v3/bin/GENERIC_M2354_KPQC/dorsalstream.a(dorsalstream.o)
                0x00000a84                uart_init
 .text.uart_write
                0x00000b28       0x2c /home/dwpark/work/spuos-secure-v2/applications/abm_v3/bin/GENERIC_M2354_KPQC/dorsalstream.a(dorsalstream.o)
                0x00000b28                uart_write
 .text.uart_read
                0x00000b54       0x2c /home/dwpark/work/spuos-secure-v2/applications/abm_v3/bin/GENERIC_M2354_KPQC/dorsalstream.a(dorsalstream.o)
                0x00000b54                uart_read
 .text.uart_close
                0x00000b80       0x4c /home/dwpark/work/spuos-secure-v2/applications/abm_v3/bin/GENERIC_M2354_KPQC/dorsalstream.a(dorsalstream.o)
                0x00000b80                uart_close
 .text.timer_fini
                0x00000bcc       0x40 /home/dwpark/work/spuos-secure-v2/applications/abm_v3/bin/GENERIC_M2354_KPQC/dorsalstream.a(dorsalstream.o)
                0x00000bcc                timer_fini
 .text.timer_stop
                0x00000c0c       0x30 /home/dwpark/work/spuos-secure-v2/applications/abm_v3/bin/GENERIC_M2354_KPQC/dorsalstream.a(dorsalstream.o)
                0x00000c0c                timer_stop
 .text.spi_fini
                0x00000c3c       0x44 /home/dwpark/work/spuos-secure-v2/applications/abm_v3/bin/GENERIC_M2354_KPQC/dorsalstream.a(dorsalstream.o)
                0x00000c3c                spi_fini
 .text.spi_init
                0x00000c80      0x224 /home/dwpark/work/spuos-secure-v2/applications/abm_v3/bin/GENERIC_M2354_KPQC/dorsalstream.a(dorsalstream.o)
                0x00000c80                spi_init
 .text.spi_acquire
                0x00000ea4       0x84 /home/dwpark/work/spuos-secure-v2/applications/abm_v3/bin/GENERIC_M2354_KPQC/dorsalstream.a(dorsalstream.o)
                0x00000ea4                spi_acquire
 .text.spi_release
                0x00000f28       0x50 /home/dwpark/work/spuos-secure-v2/applications/abm_v3/bin/GENERIC_M2354_KPQC/dorsalstream.a(dorsalstream.o)
                0x00000f28                spi_release
 .text.spi_transfer_bytes
                0x00000f78      0x18c /home/dwpark/work/spuos-secure-v2/applications/abm_v3/bin/GENERIC_M2354_KPQC/dorsalstream.a(dorsalstream.o)
                0x00000f78                spi_transfer_bytes
 .text.systick_config
                0x00001104       0x44 /home/dwpark/work/spuos-secure-v2/applications/abm_v3/bin/GENERIC_M2354_KPQC/dorsalstream.a(dorsalstream.o)
                0x00001104                systick_config
 .text.get_cpu_uid
                0x00001148       0x40 /home/dwpark/work/spuos-secure-v2/applications/abm_v3/bin/GENERIC_M2354_KPQC/dorsalstream.a(dorsalstream.o)
                0x00001148                get_cpu_uid
 .text.flash_erase
                0x00001188       0xec /home/dwpark/work/spuos-secure-v2/applications/abm_v3/bin/GENERIC_M2354_KPQC/dorsalstream.a(dorsalstream.o)
                0x00001188                flash_erase
 .text.flash_read
                0x00001274       0xd4 /home/dwpark/work/spuos-secure-v2/applications/abm_v3/bin/GENERIC_M2354_KPQC/dorsalstream.a(dorsalstream.o)
                0x00001274                flash_read
 .text.flash_write
                0x00001348      0x148 /home/dwpark/work/spuos-secure-v2/applications/abm_v3/bin/GENERIC_M2354_KPQC/dorsalstream.a(dorsalstream.o)
                0x00001348                flash_write
 .text.ProcessHardFault
                0x00001490       0xa0 /home/dwpark/work/spuos-secure-v2/applications/abm_v3/bin/GENERIC_M2354_KPQC/dorsalstream.a(dorsalstream.o)
                0x00001490                ProcessHardFault
 .text.SYS_ResetModule_S
                0x00001530        0xa /home/dwpark/work/spuos-secure-v2/applications/abm_v3/bin/GENERIC_M2354_KPQC/dorsalstream.a(dorsalstream.o)
                0x00001530                SYS_ResetModule_S
 .text.CLK_SetModuleClock_S
                0x0000153a        0xa /home/dwpark/work/spuos-secure-v2/applications/abm_v3/bin/GENERIC_M2354_KPQC/dorsalstream.a(dorsalstream.o)
                0x0000153a                CLK_SetModuleClock_S
 .text.CLK_EnableModuleClock_S
                0x00001544        0xa /home/dwpark/work/spuos-secure-v2/applications/abm_v3/bin/GENERIC_M2354_KPQC/dorsalstream.a(dorsalstream.o)
                0x00001544                CLK_EnableModuleClock_S
 .text.CLK_DisableModuleClock_S
                0x0000154e        0xa /home/dwpark/work/spuos-secure-v2/applications/abm_v3/bin/GENERIC_M2354_KPQC/dorsalstream.a(dorsalstream.o)
                0x0000154e                CLK_DisableModuleClock_S
 .text.pin_function_s
                0x00001558       0x50 /home/dwpark/work/spuos-secure-v2/applications/abm_v3/bin/GENERIC_M2354_KPQC/dorsalstream.a(dorsalstream.o)
                0x00001558                pin_function_s
 .text.reset_chip
                0x000015a8        0x8 /home/dwpark/work/spuos-secure-v2/applications/abm_v3/bin/GENERIC_M2354_KPQC/dorsalstream.a(dorsalstream.o)
                0x000015a8                reset_chip
 .text.secureboot_status
                0x000015b0       0x20 /home/dwpark/work/spuos-secure-v2/applications/abm_v3/bin/GENERIC_M2354_KPQC/dorsalstream.a(dorsalstream.o)
                0x000015b0                secureboot_status
 .text.find_pin_af
                0x000015d0       0x1e /home/dwpark/work/spuos-secure-v2/applications/abm_v3/bin/GENERIC_M2354_KPQC/dorsalstream.a(dorsalstream.o)
                0x000015d0                find_pin_af
 .text.find_mod_desc
                0x000015ee       0x14 /home/dwpark/work/spuos-secure-v2/applications/abm_v3/bin/GENERIC_M2354_KPQC/dorsalstream.a(dorsalstream.o)
                0x000015ee                find_mod_desc
 *fill*         0x00001602        0x2 
 .text.systick_isr
                0x00001604       0x10 /home/dwpark/work/spuos-secure-v2/applications/abm_v3/bin/GENERIC_M2354_KPQC/dorsalstream.a(dorsalstream.o)
 .text.get_systick
                0x00001614        0xc /home/dwpark/work/spuos-secure-v2/applications/abm_v3/bin/GENERIC_M2354_KPQC/dorsalstream.a(dorsalstream.o)
                0x00001614                get_systick
 .text.systick_diff
                0x00001620        0xe /home/dwpark/work/spuos-secure-v2/applications/abm_v3/bin/GENERIC_M2354_KPQC/dorsalstream.a(dorsalstream.o)
                0x00001620                systick_diff
 *fill*         0x0000162e        0x2 
 .text.systick_delay
                0x00001630       0x20 /home/dwpark/work/spuos-secure-v2/applications/abm_v3/bin/GENERIC_M2354_KPQC/dorsalstream.a(dorsalstream.o)
                0x00001630                systick_delay
 .text.systick_init
                0x00001650       0x10 /home/dwpark/work/spuos-secure-v2/applications/abm_v3/bin/GENERIC_M2354_KPQC/dorsalstream.a(dorsalstream.o)
                0x00001650                systick_init
 .text.isrpipe_init
                0x00001660       0x1e /home/dwpark/work/spuos-secure-v2/applications/abm_v3/bin/GENERIC_M2354_KPQC/dorsalstream.a(dorsalstream.o)
                0x00001660                isrpipe_init
 .text.isrpipe_free
                0x0000167e        0x2 /home/dwpark/work/spuos-secure-v2/applications/abm_v3/bin/GENERIC_M2354_KPQC/dorsalstream.a(dorsalstream.o)
                0x0000167e                isrpipe_free
 .text.isrpipe_write_one
                0x00001680        0xa /home/dwpark/work/spuos-secure-v2/applications/abm_v3/bin/GENERIC_M2354_KPQC/dorsalstream.a(dorsalstream.o)
                0x00001680                isrpipe_write_one
 .text.isrpipe_read
                0x0000168a       0x40 /home/dwpark/work/spuos-secure-v2/applications/abm_v3/bin/GENERIC_M2354_KPQC/dorsalstream.a(dorsalstream.o)
                0x0000168a                isrpipe_read
 .text.spi_nor_lock
                0x000016ca       0x18 /home/dwpark/work/spuos-secure-v2/applications/abm_v3/bin/GENERIC_M2354_KPQC/dorsalstream.a(dorsalstream.o)
 .text.spi_nor_unlock
                0x000016e2       0x18 /home/dwpark/work/spuos-secure-v2/applications/abm_v3/bin/GENERIC_M2354_KPQC/dorsalstream.a(dorsalstream.o)
 .text.spi_nor_is_locked
                0x000016fa       0x18 /home/dwpark/work/spuos-secure-v2/applications/abm_v3/bin/GENERIC_M2354_KPQC/dorsalstream.a(dorsalstream.o)
 .text.spi_nor_read
                0x00001712       0x4e /home/dwpark/work/spuos-secure-v2/applications/abm_v3/bin/GENERIC_M2354_KPQC/dorsalstream.a(dorsalstream.o)
 .text.spi_nor_wait_till_ready_with_timeout
                0x00001760       0xbe /home/dwpark/work/spuos-secure-v2/applications/abm_v3/bin/GENERIC_M2354_KPQC/dorsalstream.a(dorsalstream.o)
 .text._spi_nor_write
                0x0000181e       0x7a /home/dwpark/work/spuos-secure-v2/applications/abm_v3/bin/GENERIC_M2354_KPQC/dorsalstream.a(dorsalstream.o)
 .text._spi_nor_read
                0x00001898       0x76 /home/dwpark/work/spuos-secure-v2/applications/abm_v3/bin/GENERIC_M2354_KPQC/dorsalstream.a(dorsalstream.o)
 .text._spi_nor_write_reg
                0x0000190e       0x5e /home/dwpark/work/spuos-secure-v2/applications/abm_v3/bin/GENERIC_M2354_KPQC/dorsalstream.a(dorsalstream.o)
 .text._spi_nor_read_reg
                0x0000196c       0x50 /home/dwpark/work/spuos-secure-v2/applications/abm_v3/bin/GENERIC_M2354_KPQC/dorsalstream.a(dorsalstream.o)
 .text.write_enable.isra.0
                0x000019bc       0x12 /home/dwpark/work/spuos-secure-v2/applications/abm_v3/bin/GENERIC_M2354_KPQC/dorsalstream.a(dorsalstream.o)
 .text.spi_nor_write
                0x000019ce       0x80 /home/dwpark/work/spuos-secure-v2/applications/abm_v3/bin/GENERIC_M2354_KPQC/dorsalstream.a(dorsalstream.o)
 *fill*         0x00001a4e        0x2 
 .text.spi_nor_init
                0x00001a50      0x14c /home/dwpark/work/spuos-secure-v2/applications/abm_v3/bin/GENERIC_M2354_KPQC/dorsalstream.a(dorsalstream.o)
 .text.spi_nor_erase
                0x00001b9c       0xde /home/dwpark/work/spuos-secure-v2/applications/abm_v3/bin/GENERIC_M2354_KPQC/dorsalstream.a(dorsalstream.o)
 *fill*         0x00001c7a        0x2 
 .text.fwupdate_next
                0x00001c7c       0xac /home/dwpark/work/spuos-secure-v2/applications/abm_v3/bin/GENERIC_M2354_KPQC/dorsalstream.a(dorsalstream.o)
                0x00001c7c                fwupdate_next
 .text.check_firstblock
                0x00001d28       0x4c /home/dwpark/work/spuos-secure-v2/applications/abm_v3/bin/GENERIC_M2354_KPQC/dorsalstream.a(dorsalstream.o)
                0x00001d28                check_firstblock
 .text.flash_update_begin
                0x00001d74       0x7c /home/dwpark/work/spuos-secure-v2/applications/abm_v3/bin/GENERIC_M2354_KPQC/dorsalstream.a(dorsalstream.o)
 .text.secure_update_begin
                0x00001df0       0x44 /home/dwpark/work/spuos-secure-v2/applications/abm_v3/bin/GENERIC_M2354_KPQC/dorsalstream.a(dorsalstream.o)
                0x00001df0                secure_update_begin
 .text.nonsecure_update_begin
                0x00001e34       0x48 /home/dwpark/work/spuos-secure-v2/applications/abm_v3/bin/GENERIC_M2354_KPQC/dorsalstream.a(dorsalstream.o)
                0x00001e34                nonsecure_update_begin
 .text.is_allowed_bcd_value
                0x00001e7c       0x14 /home/dwpark/work/spuos-secure-v2/applications/abm_v3/bin/GENERIC_M2354_KPQC/dorsalstream.a(dorsalstream.o)
 .text._mtd_erase
                0x00001e90       0x1c /home/dwpark/work/spuos-secure-v2/applications/abm_v3/bin/GENERIC_M2354_KPQC/dorsalstream.a(dorsalstream.o)
 .text._mtd_write
                0x00001eac       0x18 /home/dwpark/work/spuos-secure-v2/applications/abm_v3/bin/GENERIC_M2354_KPQC/dorsalstream.a(dorsalstream.o)
 .text._mtd_read
                0x00001ec4       0x18 /home/dwpark/work/spuos-secure-v2/applications/abm_v3/bin/GENERIC_M2354_KPQC/dorsalstream.a(dorsalstream.o)
 .text.region_erase_header
                0x00001edc       0x1a /home/dwpark/work/spuos-secure-v2/applications/abm_v3/bin/GENERIC_M2354_KPQC/dorsalstream.a(dorsalstream.o)
                0x00001edc                region_erase_header
 .text.region_write_header
                0x00001ef6       0x2e /home/dwpark/work/spuos-secure-v2/applications/abm_v3/bin/GENERIC_M2354_KPQC/dorsalstream.a(dorsalstream.o)
                0x00001ef6                region_write_header
 .text.region_write
                0x00001f24       0x20 /home/dwpark/work/spuos-secure-v2/applications/abm_v3/bin/GENERIC_M2354_KPQC/dorsalstream.a(dorsalstream.o)
                0x00001f24                region_write
 .text.region_erase
                0x00001f44       0x1e /home/dwpark/work/spuos-secure-v2/applications/abm_v3/bin/GENERIC_M2354_KPQC/dorsalstream.a(dorsalstream.o)
                0x00001f44                region_erase
 .text.region_read_image
                0x00001f62       0x20 /home/dwpark/work/spuos-secure-v2/applications/abm_v3/bin/GENERIC_M2354_KPQC/dorsalstream.a(dorsalstream.o)
                0x00001f62                region_read_image
 .text.region_erase_image
                0x00001f82       0x1e /home/dwpark/work/spuos-secure-v2/applications/abm_v3/bin/GENERIC_M2354_KPQC/dorsalstream.a(dorsalstream.o)
                0x00001f82                region_erase_image
 .text.region_write_image
                0x00001fa0       0x20 /home/dwpark/work/spuos-secure-v2/applications/abm_v3/bin/GENERIC_M2354_KPQC/dorsalstream.a(dorsalstream.o)
                0x00001fa0                region_write_image
 .text.crc8     0x00001fc0       0x32 /home/dwpark/work/spuos-secure-v2/applications/abm_v3/bin/GENERIC_M2354_KPQC/dorsalstream.a(dorsalstream.o)
                0x00001fc0                crc8
 *fill*         0x00001ff2        0x2 
 .text.verify_header_crc
                0x00001ff4      0x144 /home/dwpark/work/spuos-secure-v2/applications/abm_v3/bin/GENERIC_M2354_KPQC/dorsalstream.a(dorsalstream.o)
                0x00001ff4                verify_header_crc
 .text.region_read_header
                0x00002138       0x2e /home/dwpark/work/spuos-secure-v2/applications/abm_v3/bin/GENERIC_M2354_KPQC/dorsalstream.a(dorsalstream.o)
                0x00002138                region_read_header
 .text.region_copy
                0x00002166       0xa2 /home/dwpark/work/spuos-secure-v2/applications/abm_v3/bin/GENERIC_M2354_KPQC/dorsalstream.a(dorsalstream.o)
                0x00002166                region_copy
 .text.region_remove
                0x00002208       0x2c /home/dwpark/work/spuos-secure-v2/applications/abm_v3/bin/GENERIC_M2354_KPQC/dorsalstream.a(dorsalstream.o)
                0x00002208                region_remove
 .text.region_copy_direct
                0x00002234       0x50 /home/dwpark/work/spuos-secure-v2/applications/abm_v3/bin/GENERIC_M2354_KPQC/dorsalstream.a(dorsalstream.o)
                0x00002234                region_copy_direct
 .text.region_get_status
                0x00002284       0x84 /home/dwpark/work/spuos-secure-v2/applications/abm_v3/bin/GENERIC_M2354_KPQC/dorsalstream.a(dorsalstream.o)
                0x00002284                region_get_status
 .text.region_duplicate_bootloader
                0x00002308       0x88 /home/dwpark/work/spuos-secure-v2/applications/abm_v3/bin/GENERIC_M2354_KPQC/dorsalstream.a(dorsalstream.o)
                0x00002308                region_duplicate_bootloader
 .text.region_display_config
                0x00002390       0xd0 /home/dwpark/work/spuos-secure-v2/applications/abm_v3/bin/GENERIC_M2354_KPQC/dorsalstream.a(dorsalstream.o)
                0x00002390                region_display_config
 .text.region_check
                0x00002460       0x3c /home/dwpark/work/spuos-secure-v2/applications/abm_v3/bin/GENERIC_M2354_KPQC/dorsalstream.a(dorsalstream.o)
                0x00002460                region_check
 .text.region_get_entry
                0x0000249c       0x14 /home/dwpark/work/spuos-secure-v2/applications/abm_v3/bin/GENERIC_M2354_KPQC/dorsalstream.a(dorsalstream.o)
                0x0000249c                region_get_entry
 .text.abm_config_load
                0x000024b0       0x54 /home/dwpark/work/spuos-secure-v2/applications/abm_v3/bin/GENERIC_M2354_KPQC/dorsalstream.a(dorsalstream.o)
                0x000024b0                abm_config_load
 .text.uart_stdout_init
                0x00002504       0x14 /home/dwpark/work/spuos-secure-v2/applications/abm_v3/bin/GENERIC_M2354_KPQC/dorsalstream.a(dorsalstream.o)
                0x00002504                uart_stdout_init
 .text._putchar
                0x00002518       0x12 /home/dwpark/work/spuos-secure-v2/applications/abm_v3/bin/GENERIC_M2354_KPQC/dorsalstream.a(dorsalstream.o)
                0x00002518                _putchar
 .text._out_buffer
                0x0000252a        0x8 /home/dwpark/work/spuos-secure-v2/applications/abm_v3/bin/GENERIC_M2354_KPQC/dorsalstream.a(dorsalstream.o)
 .text._out_null
                0x00002532        0x2 /home/dwpark/work/spuos-secure-v2/applications/abm_v3/bin/GENERIC_M2354_KPQC/dorsalstream.a(dorsalstream.o)
 .text._ntoa_long
                0x00002534      0x1a8 /home/dwpark/work/spuos-secure-v2/applications/abm_v3/bin/GENERIC_M2354_KPQC/dorsalstream.a(dorsalstream.o)
 .text._out_char
                0x000026dc        0xa /home/dwpark/work/spuos-secure-v2/applications/abm_v3/bin/GENERIC_M2354_KPQC/dorsalstream.a(dorsalstream.o)
 *fill*         0x000026e6        0x2 
 .text._vsnprintf
                0x000026e8      0x414 /home/dwpark/work/spuos-secure-v2/applications/abm_v3/bin/GENERIC_M2354_KPQC/dorsalstream.a(dorsalstream.o)
 .text.printf_  0x00002afc       0x24 /home/dwpark/work/spuos-secure-v2/applications/abm_v3/bin/GENERIC_M2354_KPQC/dorsalstream.a(dorsalstream.o)
                0x00002afc                printf_
 .text.sprintf_
                0x00002b20       0x28 /home/dwpark/work/spuos-secure-v2/applications/abm_v3/bin/GENERIC_M2354_KPQC/dorsalstream.a(dorsalstream.o)
                0x00002b20                sprintf_
 .text.SH_Return
                0x00002b48        0x4 /home/dwpark/work/spuos-secure-v2/applications/abm_v3/bin/GENERIC_M2354_KPQC/dorsalstream.a(dorsalstream.o)
                0x00002b48                SH_Return
 .text._sbrk    0x00002b4c       0x38 /home/dwpark/work/spuos-secure-v2/applications/abm_v3/bin/GENERIC_M2354_KPQC/dorsalstream.a(dorsalstream.o)
                0x00002b4c                _sbrk
 .text.version_get_string
                0x00002b84        0x8 /home/dwpark/work/spuos-secure-v2/applications/abm_v3/bin/GENERIC_M2354_KPQC/dorsalstream.a(dorsalstream.o)
                0x00002b84                version_get_string
 .text._pop     0x00002b8c       0x12 /home/dwpark/work/spuos-secure-v2/applications/abm_v3/bin/GENERIC_M2354_KPQC/dorsalstream.a(dorsalstream.o)
 .text.tsrb_get
                0x00002b9e       0x28 /home/dwpark/work/spuos-secure-v2/applications/abm_v3/bin/GENERIC_M2354_KPQC/dorsalstream.a(dorsalstream.o)
                0x00002b9e                tsrb_get
 .text.tsrb_add_one
                0x00002bc6       0x26 /home/dwpark/work/spuos-secure-v2/applications/abm_v3/bin/GENERIC_M2354_KPQC/dorsalstream.a(dorsalstream.o)
                0x00002bc6                tsrb_add_one
 .text.mtd_init
                0x00002bec       0x22 /home/dwpark/work/spuos-secure-v2/applications/abm_v3/bin/GENERIC_M2354_KPQC/dorsalstream.a(dorsalstream.o)
                0x00002bec                mtd_init
 .text.mtd_erase
                0x00002c0e       0x3a /home/dwpark/work/spuos-secure-v2/applications/abm_v3/bin/GENERIC_M2354_KPQC/dorsalstream.a(dorsalstream.o)
                0x00002c0e                mtd_erase
 .text.mtd_read
                0x00002c48       0x40 /home/dwpark/work/spuos-secure-v2/applications/abm_v3/bin/GENERIC_M2354_KPQC/dorsalstream.a(dorsalstream.o)
                0x00002c48                mtd_read
 .text.mtd_write
                0x00002c88       0x3c /home/dwpark/work/spuos-secure-v2/applications/abm_v3/bin/GENERIC_M2354_KPQC/dorsalstream.a(dorsalstream.o)
                0x00002c88                mtd_write
 .text.mtd_get_info
                0x00002cc4       0x44 /home/dwpark/work/spuos-secure-v2/applications/abm_v3/bin/GENERIC_M2354_KPQC/dorsalstream.a(dorsalstream.o)
                0x00002cc4                mtd_get_info
 .text.SystemCoreClockUpdate
                0x00002d08       0x44 /home/dwpark/work/spuos-secure-v2/applications/abm_v3/bin/GENERIC_M2354_KPQC/dorsalstream.a(dorsalstream.o)
                0x00002d08                SystemCoreClockUpdate
 .text.SystemInit
                0x00002d4c       0x58 /home/dwpark/work/spuos-secure-v2/applications/abm_v3/bin/GENERIC_M2354_KPQC/dorsalstream.a(dorsalstream.o)
                0x00002d4c                SystemInit
 .text.CLK_GetHCLKFreq
                0x00002da4       0x14 /home/dwpark/work/spuos-secure-v2/applications/abm_v3/bin/GENERIC_M2354_KPQC/dorsalstream.a(dorsalstream.o)
                0x00002da4                CLK_GetHCLKFreq
 .text.CLK_GetPCLK0Freq
                0x00002db8       0x14 /home/dwpark/work/spuos-secure-v2/applications/abm_v3/bin/GENERIC_M2354_KPQC/dorsalstream.a(dorsalstream.o)
                0x00002db8                CLK_GetPCLK0Freq
 .text.CLK_GetPCLK1Freq
                0x00002dcc       0x14 /home/dwpark/work/spuos-secure-v2/applications/abm_v3/bin/GENERIC_M2354_KPQC/dorsalstream.a(dorsalstream.o)
                0x00002dcc                CLK_GetPCLK1Freq
 .text.CLK_GetCPUFreq
                0x00002de0      0x130 /home/dwpark/work/spuos-secure-v2/applications/abm_v3/bin/GENERIC_M2354_KPQC/dorsalstream.a(dorsalstream.o)
                0x00002de0                CLK_GetCPUFreq
 .text.CLK_SetHCLK
                0x00002f10      0x1e4 /home/dwpark/work/spuos-secure-v2/applications/abm_v3/bin/GENERIC_M2354_KPQC/dorsalstream.a(dorsalstream.o)
                0x00002f10                CLK_SetHCLK
 .text.CLK_SetModuleClock
                0x000030f4       0xf8 /home/dwpark/work/spuos-secure-v2/applications/abm_v3/bin/GENERIC_M2354_KPQC/dorsalstream.a(dorsalstream.o)
                0x000030f4                CLK_SetModuleClock
 .text.CLK_EnableXtalRC
                0x000031ec       0x10 /home/dwpark/work/spuos-secure-v2/applications/abm_v3/bin/GENERIC_M2354_KPQC/dorsalstream.a(dorsalstream.o)
                0x000031ec                CLK_EnableXtalRC
 .text.CLK_EnableModuleClock
                0x000031fc       0x24 /home/dwpark/work/spuos-secure-v2/applications/abm_v3/bin/GENERIC_M2354_KPQC/dorsalstream.a(dorsalstream.o)
                0x000031fc                CLK_EnableModuleClock
 .text.CLK_DisableModuleClock
                0x00003220       0x20 /home/dwpark/work/spuos-secure-v2/applications/abm_v3/bin/GENERIC_M2354_KPQC/dorsalstream.a(dorsalstream.o)
                0x00003220                CLK_DisableModuleClock
 .text.CLK_EnablePLL
                0x00003240      0x1e0 /home/dwpark/work/spuos-secure-v2/applications/abm_v3/bin/GENERIC_M2354_KPQC/dorsalstream.a(dorsalstream.o)
                0x00003240                CLK_EnablePLL
 .text.CLK_SetCoreClock
                0x00003420       0xb0 /home/dwpark/work/spuos-secure-v2/applications/abm_v3/bin/GENERIC_M2354_KPQC/dorsalstream.a(dorsalstream.o)
                0x00003420                CLK_SetCoreClock
 .text.CLK_WaitClockReady
                0x000034d0       0x28 /home/dwpark/work/spuos-secure-v2/applications/abm_v3/bin/GENERIC_M2354_KPQC/dorsalstream.a(dorsalstream.o)
                0x000034d0                CLK_WaitClockReady
 .text.CLK_GetPLLClockFreq
                0x000034f8       0x58 /home/dwpark/work/spuos-secure-v2/applications/abm_v3/bin/GENERIC_M2354_KPQC/dorsalstream.a(dorsalstream.o)
                0x000034f8                CLK_GetPLLClockFreq
 .text.CLK_GetModuleClockSource
                0x00003550       0xe4 /home/dwpark/work/spuos-secure-v2/applications/abm_v3/bin/GENERIC_M2354_KPQC/dorsalstream.a(dorsalstream.o)
                0x00003550                CLK_GetModuleClockSource
 .text.CLK_GetModuleClockDivider
                0x00003634       0x50 /home/dwpark/work/spuos-secure-v2/applications/abm_v3/bin/GENERIC_M2354_KPQC/dorsalstream.a(dorsalstream.o)
                0x00003634                CLK_GetModuleClockDivider
 .text.FMC_Close
                0x00003684       0x14 /home/dwpark/work/spuos-secure-v2/applications/abm_v3/bin/GENERIC_M2354_KPQC/dorsalstream.a(dorsalstream.o)
                0x00003684                FMC_Close
 .text.FMC_Erase
                0x00003698      0x114 /home/dwpark/work/spuos-secure-v2/applications/abm_v3/bin/GENERIC_M2354_KPQC/dorsalstream.a(dorsalstream.o)
                0x00003698                FMC_Erase
 .text.FMC_Open
                0x000037ac       0x30 /home/dwpark/work/spuos-secure-v2/applications/abm_v3/bin/GENERIC_M2354_KPQC/dorsalstream.a(dorsalstream.o)
                0x000037ac                FMC_Open
 .text.FMC_Read
                0x000037dc       0xe0 /home/dwpark/work/spuos-secure-v2/applications/abm_v3/bin/GENERIC_M2354_KPQC/dorsalstream.a(dorsalstream.o)
                0x000037dc                FMC_Read
 .text.FMC_Write
                0x000038bc       0xe0 /home/dwpark/work/spuos-secure-v2/applications/abm_v3/bin/GENERIC_M2354_KPQC/dorsalstream.a(dorsalstream.o)
                0x000038bc                FMC_Write
 .text.GPIO_SetMode
                0x0000399c       0x38 /home/dwpark/work/spuos-secure-v2/applications/abm_v3/bin/GENERIC_M2354_KPQC/dorsalstream.a(dorsalstream.o)
                0x0000399c                GPIO_SetMode
 .text.KS_Open  0x000039d4       0x68 /home/dwpark/work/spuos-secure-v2/applications/abm_v3/bin/GENERIC_M2354_KPQC/dorsalstream.a(dorsalstream.o)
                0x000039d4                KS_Open
 .text.QSPI_Open
                0x00003a3c      0x20c /home/dwpark/work/spuos-secure-v2/applications/abm_v3/bin/GENERIC_M2354_KPQC/dorsalstream.a(dorsalstream.o)
                0x00003a3c                QSPI_Open
 .text.QSPI_Close
                0x00003c48        0xc /home/dwpark/work/spuos-secure-v2/applications/abm_v3/bin/GENERIC_M2354_KPQC/dorsalstream.a(dorsalstream.o)
                0x00003c48                QSPI_Close
 .text.QSPI_ClearRxFIFO
                0x00003c54        0xc /home/dwpark/work/spuos-secure-v2/applications/abm_v3/bin/GENERIC_M2354_KPQC/dorsalstream.a(dorsalstream.o)
                0x00003c54                QSPI_ClearRxFIFO
 .text.QSPI_DisableAutoSS
                0x00003c60        0xc /home/dwpark/work/spuos-secure-v2/applications/abm_v3/bin/GENERIC_M2354_KPQC/dorsalstream.a(dorsalstream.o)
                0x00003c60                QSPI_DisableAutoSS
 .text.SPI_Open
                0x00003c6c      0x518 /home/dwpark/work/spuos-secure-v2/applications/abm_v3/bin/GENERIC_M2354_KPQC/dorsalstream.a(dorsalstream.o)
                0x00003c6c                SPI_Open
 .text.SPI_Close
                0x00004184        0xc /home/dwpark/work/spuos-secure-v2/applications/abm_v3/bin/GENERIC_M2354_KPQC/dorsalstream.a(dorsalstream.o)
                0x00004184                SPI_Close
 .text.SPI_ClearRxFIFO
                0x00004190        0xc /home/dwpark/work/spuos-secure-v2/applications/abm_v3/bin/GENERIC_M2354_KPQC/dorsalstream.a(dorsalstream.o)
                0x00004190                SPI_ClearRxFIFO
 .text.SPI_DisableAutoSS
                0x0000419c        0xc /home/dwpark/work/spuos-secure-v2/applications/abm_v3/bin/GENERIC_M2354_KPQC/dorsalstream.a(dorsalstream.o)
                0x0000419c                SPI_DisableAutoSS
 .text.SYS_ResetChip
                0x000041a8       0x10 /home/dwpark/work/spuos-secure-v2/applications/abm_v3/bin/GENERIC_M2354_KPQC/dorsalstream.a(dorsalstream.o)
                0x000041a8                SYS_ResetChip
 .text.SYS_ResetModule
                0x000041b8       0x24 /home/dwpark/work/spuos-secure-v2/applications/abm_v3/bin/GENERIC_M2354_KPQC/dorsalstream.a(dorsalstream.o)
                0x000041b8                SYS_ResetModule
 .text.TIMER_Close
                0x000041dc        0x8 /home/dwpark/work/spuos-secure-v2/applications/abm_v3/bin/GENERIC_M2354_KPQC/dorsalstream.a(dorsalstream.o)
                0x000041dc                TIMER_Close
 .text.UART_Close
                0x000041e4        0x8 /home/dwpark/work/spuos-secure-v2/applications/abm_v3/bin/GENERIC_M2354_KPQC/dorsalstream.a(dorsalstream.o)
                0x000041e4                UART_Close
 .text.UART_EnableInt
                0x000041ec        0x8 /home/dwpark/work/spuos-secure-v2/applications/abm_v3/bin/GENERIC_M2354_KPQC/dorsalstream.a(dorsalstream.o)
                0x000041ec                UART_EnableInt
 .text.UART_Open
                0x000041f4      0x218 /home/dwpark/work/spuos-secure-v2/applications/abm_v3/bin/GENERIC_M2354_KPQC/dorsalstream.a(dorsalstream.o)
                0x000041f4                UART_Open
 .text.UART_Read
                0x0000440c       0x2c /home/dwpark/work/spuos-secure-v2/applications/abm_v3/bin/GENERIC_M2354_KPQC/dorsalstream.a(dorsalstream.o)
                0x0000440c                UART_Read
 .text.UART_Write
                0x00004438       0x2c /home/dwpark/work/spuos-secure-v2/applications/abm_v3/bin/GENERIC_M2354_KPQC/dorsalstream.a(dorsalstream.o)
                0x00004438                UART_Write
 .text.TRNG_IRQHandler
                0x00004464       0x10 /home/dwpark/work/spuos-secure-v2/applications/abm_v3/bin/GENERIC_M2354_KPQC/dorsalstream.a(dorsalstream.o)
                0x00004464                TRNG_IRQHandler
 .text.TMR0_IRQHandler
                0x00004474       0x10 /home/dwpark/work/spuos-secure-v2/applications/abm_v3/bin/GENERIC_M2354_KPQC/dorsalstream.a(dorsalstream.o)
                0x00004474                TMR0_IRQHandler
 .text.CRPT_IRQHandler
                0x00004484       0x10 /home/dwpark/work/spuos-secure-v2/applications/abm_v3/bin/GENERIC_M2354_KPQC/dorsalstream.a(dorsalstream.o)
                0x00004484                CRPT_IRQHandler
 .text.board_init
                0x00004494       0x28 /home/dwpark/work/spuos-secure-v2/applications/abm_v3/bin/GENERIC_M2354_KPQC/board.o
                0x00004494                board_init
 .text.board_fini
                0x000044bc       0x2c /home/dwpark/work/spuos-secure-v2/applications/abm_v3/bin/GENERIC_M2354_KPQC/board.o
                0x000044bc                board_fini
 .text.uart_axtool_dev_isr
                0x000044e8       0x4c /home/dwpark/work/spuos-secure-v2/applications/abm_v3/bin/GENERIC_M2354_KPQC/application.o
 .text.comm_init
                0x00004534       0x4c /home/dwpark/work/spuos-secure-v2/applications/abm_v3/bin/GENERIC_M2354_KPQC/application.o
                0x00004534                comm_init
 .text.comm_read
                0x00004580       0x2c /home/dwpark/work/spuos-secure-v2/applications/abm_v3/bin/GENERIC_M2354_KPQC/application.o
                0x00004580                comm_read
 .text.comm_write
                0x000045ac       0x14 /home/dwpark/work/spuos-secure-v2/applications/abm_v3/bin/GENERIC_M2354_KPQC/application.o
                0x000045ac                comm_write
 .text.comm_rx_flush
                0x000045c0       0x1c /home/dwpark/work/spuos-secure-v2/applications/abm_v3/bin/GENERIC_M2354_KPQC/application.o
                0x000045c0                comm_rx_flush
 .text.comm_deinit
                0x000045dc       0x24 /home/dwpark/work/spuos-secure-v2/applications/abm_v3/bin/GENERIC_M2354_KPQC/application.o
                0x000045dc                comm_deinit
 .text.send_res_pkt
                0x00004600       0x34 /home/dwpark/work/spuos-secure-v2/applications/abm_v3/bin/GENERIC_M2354_KPQC/application.o
 .text.notify_update_start
                0x00004634       0x10 /home/dwpark/work/spuos-secure-v2/applications/abm_v3/bin/GENERIC_M2354_KPQC/application.o
 .text.receive_packet
                0x00004644       0x80 /home/dwpark/work/spuos-secure-v2/applications/abm_v3/bin/GENERIC_M2354_KPQC/application.o
 .text.send_general_response
                0x000046c4       0x18 /home/dwpark/work/spuos-secure-v2/applications/abm_v3/bin/GENERIC_M2354_KPQC/application.o
                0x000046c4                send_general_response
 .text.proc_get_uid
                0x000046dc       0x3a /home/dwpark/work/spuos-secure-v2/applications/abm_v3/bin/GENERIC_M2354_KPQC/application.o
                0x000046dc                proc_get_uid
 .text.proc_reset
                0x00004716       0x14 /home/dwpark/work/spuos-secure-v2/applications/abm_v3/bin/GENERIC_M2354_KPQC/application.o
                0x00004716                proc_reset
 *fill*         0x0000472a        0x2 
 .text.proc_read
                0x0000472c       0x5c /home/dwpark/work/spuos-secure-v2/applications/abm_v3/bin/GENERIC_M2354_KPQC/application.o
                0x0000472c                proc_read
 .text.proc_write
                0x00004788       0x44 /home/dwpark/work/spuos-secure-v2/applications/abm_v3/bin/GENERIC_M2354_KPQC/application.o
                0x00004788                proc_write
 .text.update_needed
                0x000047cc       0x2e /home/dwpark/work/spuos-secure-v2/applications/abm_v3/bin/GENERIC_M2354_KPQC/application.o
                0x000047cc                update_needed
 *fill*         0x000047fa        0x2 
 .text.update_thread
                0x000047fc       0x74 /home/dwpark/work/spuos-secure-v2/applications/abm_v3/bin/GENERIC_M2354_KPQC/application.o
                0x000047fc                update_thread
 .text.find_spe_region
                0x00004870       0x1c /home/dwpark/work/spuos-secure-v2/applications/abm_v3/bin/GENERIC_M2354_KPQC/application.o
                0x00004870                find_spe_region
 .text.find_nspe_region
                0x0000488c       0x1c /home/dwpark/work/spuos-secure-v2/applications/abm_v3/bin/GENERIC_M2354_KPQC/application.o
                0x0000488c                find_nspe_region
 .text.region_update
                0x000048a8       0x46 /home/dwpark/work/spuos-secure-v2/applications/abm_v3/bin/GENERIC_M2354_KPQC/application.o
                0x000048a8                region_update
 *fill*         0x000048ee        0x2 
 .text.proc_download_image
                0x000048f0       0x50 /home/dwpark/work/spuos-secure-v2/applications/abm_v3/bin/GENERIC_M2354_KPQC/application.o
                0x000048f0                proc_download_image
 .text.proc_download_next
                0x00004940       0x20 /home/dwpark/work/spuos-secure-v2/applications/abm_v3/bin/GENERIC_M2354_KPQC/application.o
                0x00004940                proc_download_next
 .text.init_exteral_flash
                0x00004960       0x44 /home/dwpark/work/spuos-secure-v2/applications/abm_v3/bin/GENERIC_M2354_KPQC/application.o
                0x00004960                init_exteral_flash
 .text.startup.main
                0x000049a4      0x3c0 /home/dwpark/work/spuos-secure-v2/applications/abm_v3/bin/GENERIC_M2354_KPQC/application.o
                0x000049a4                main
 .text          0x00004d64       0x14 /opt/arm-gnu-toolchain-14.3.rel1-x86_64-arm-none-eabi/bin/../lib/gcc/arm-none-eabi/14.3.1/thumb/v8-m.base/nofp/libgcc.a(_thumb1_case_sqi.o)
                0x00004d64                __gnu_thumb1_case_sqi
 .text          0x00004d78       0x14 /opt/arm-gnu-toolchain-14.3.rel1-x86_64-arm-none-eabi/bin/../lib/gcc/arm-none-eabi/14.3.1/thumb/v8-m.base/nofp/libgcc.a(_thumb1_case_uqi.o)
                0x00004d78                __gnu_thumb1_case_uqi
 .text.calloc   0x00004d8c       0x14 /opt/arm-gnu-toolchain-14.3.rel1-x86_64-arm-none-eabi/bin/../lib/gcc/arm-none-eabi/14.3.1/../../../../arm-none-eabi/lib/thumb/v8-m.base/nofp/libc_nano.a(libc_a-calloc.o)
                0x00004d8c                calloc
 .text._calloc_r
                0x00004da0       0x54 /opt/arm-gnu-toolchain-14.3.rel1-x86_64-arm-none-eabi/bin/../lib/gcc/arm-none-eabi/14.3.1/../../../../arm-none-eabi/lib/thumb/v8-m.base/nofp/libc_nano.a(libc_a-callocr.o)
                0x00004da0                _calloc_r
 .text.malloc   0x00004df4       0x14 /opt/arm-gnu-toolchain-14.3.rel1-x86_64-arm-none-eabi/bin/../lib/gcc/arm-none-eabi/14.3.1/../../../../arm-none-eabi/lib/thumb/v8-m.base/nofp/libc_nano.a(libc_a-malloc.o)
                0x00004df4                malloc
 .text.free     0x00004e08       0x14 /opt/arm-gnu-toolchain-14.3.rel1-x86_64-arm-none-eabi/bin/../lib/gcc/arm-none-eabi/14.3.1/../../../../arm-none-eabi/lib/thumb/v8-m.base/nofp/libc_nano.a(libc_a-malloc.o)
                0x00004e08                free
 .text.memcmp   0x00004e1c       0x1c /opt/arm-gnu-toolchain-14.3.rel1-x86_64-arm-none-eabi/bin/../lib/gcc/arm-none-eabi/14.3.1/../../../../arm-none-eabi/lib/thumb/v8-m.base/nofp/libc_nano.a(libc_a-memcmp.o)
                0x00004e1c                memcmp
 .text.memcpy   0x00004e38       0x12 /opt/arm-gnu-toolchain-14.3.rel1-x86_64-arm-none-eabi/bin/../lib/gcc/arm-none-eabi/14.3.1/../../../../arm-none-eabi/lib/thumb/v8-m.base/nofp/libc_nano.a(libc_a-memcpy-stub.o)
                0x00004e38                memcpy
 *fill*         0x00004e4a        0x2 
 .text._exit    0x00004e4c        0x4 /opt/arm-gnu-toolchain-14.3.rel1-x86_64-arm-none-eabi/bin/../lib/gcc/arm-none-eabi/14.3.1/../../../../arm-none-eabi/lib/thumb/v8-m.base/nofp/libnosys.a(_exit.o)
                0x00004e4c                _exit
 *(.rodata*)
 .rodata        0x00004e50      0x16c /home/dwpark/work/spuos-secure-v2/applications/abm_v3/bin/GENERIC_M2354_KPQC/dorsalstream.a(dorsalstream.o)
 .rodata.spi_mode
                0x00004fbc       0x10 /home/dwpark/work/spuos-secure-v2/applications/abm_v3/bin/GENERIC_M2354_KPQC/dorsalstream.a(dorsalstream.o)
 .rodata.ProcessHardFault.str1.1
                0x00004fcc      0x6b5 /home/dwpark/work/spuos-secure-v2/applications/abm_v3/bin/GENERIC_M2354_KPQC/dorsalstream.a(dorsalstream.o)
                                 0x77 (size before relaxing)
 *fill*         0x00005681        0x3 
 .rodata.modtbl_timer
                0x00005684       0xa8 /home/dwpark/work/spuos-secure-v2/applications/abm_v3/bin/GENERIC_M2354_KPQC/dorsalstream.a(dorsalstream.o)
                0x00005684                modtbl_timer
 .rodata.modtbl_qspi
                0x0000572c       0x30 /home/dwpark/work/spuos-secure-v2/applications/abm_v3/bin/GENERIC_M2354_KPQC/dorsalstream.a(dorsalstream.o)
                0x0000572c                modtbl_qspi
 .rodata.modtbl_spi
                0x0000575c       0x78 /home/dwpark/work/spuos-secure-v2/applications/abm_v3/bin/GENERIC_M2354_KPQC/dorsalstream.a(dorsalstream.o)
                0x0000575c                modtbl_spi
 .rodata.modtbl_uart
                0x000057d4       0xa8 /home/dwpark/work/spuos-secure-v2/applications/abm_v3/bin/GENERIC_M2354_KPQC/dorsalstream.a(dorsalstream.o)
                0x000057d4                modtbl_uart
 .rodata.pin_af_qspi_sclk
                0x0000587c       0x18 /home/dwpark/work/spuos-secure-v2/applications/abm_v3/bin/GENERIC_M2354_KPQC/dorsalstream.a(dorsalstream.o)
                0x0000587c                pin_af_qspi_sclk
 .rodata.pin_af_qspi_ssel
                0x00005894       0x18 /home/dwpark/work/spuos-secure-v2/applications/abm_v3/bin/GENERIC_M2354_KPQC/dorsalstream.a(dorsalstream.o)
                0x00005894                pin_af_qspi_ssel
 .rodata.pin_af_qspi_miso0
                0x000058ac       0x18 /home/dwpark/work/spuos-secure-v2/applications/abm_v3/bin/GENERIC_M2354_KPQC/dorsalstream.a(dorsalstream.o)
                0x000058ac                pin_af_qspi_miso0
 .rodata.pin_af_qspi_mosi0
                0x000058c4       0x18 /home/dwpark/work/spuos-secure-v2/applications/abm_v3/bin/GENERIC_M2354_KPQC/dorsalstream.a(dorsalstream.o)
                0x000058c4                pin_af_qspi_mosi0
 .rodata.pin_af_spi_ssel
                0x000058dc       0x18 /home/dwpark/work/spuos-secure-v2/applications/abm_v3/bin/GENERIC_M2354_KPQC/dorsalstream.a(dorsalstream.o)
                0x000058dc                pin_af_spi_ssel
 .rodata.pin_af_spi_sclk
                0x000058f4       0x18 /home/dwpark/work/spuos-secure-v2/applications/abm_v3/bin/GENERIC_M2354_KPQC/dorsalstream.a(dorsalstream.o)
                0x000058f4                pin_af_spi_sclk
 .rodata.pin_af_spi_miso
                0x0000590c       0x18 /home/dwpark/work/spuos-secure-v2/applications/abm_v3/bin/GENERIC_M2354_KPQC/dorsalstream.a(dorsalstream.o)
                0x0000590c                pin_af_spi_miso
 .rodata.pin_af_spi_mosi
                0x00005924       0x18 /home/dwpark/work/spuos-secure-v2/applications/abm_v3/bin/GENERIC_M2354_KPQC/dorsalstream.a(dorsalstream.o)
                0x00005924                pin_af_spi_mosi
 .rodata.pin_af_uart_tx
                0x0000593c       0x18 /home/dwpark/work/spuos-secure-v2/applications/abm_v3/bin/GENERIC_M2354_KPQC/dorsalstream.a(dorsalstream.o)
                0x0000593c                pin_af_uart_tx
 .rodata.pin_af_uart_rx
                0x00005954       0x18 /home/dwpark/work/spuos-secure-v2/applications/abm_v3/bin/GENERIC_M2354_KPQC/dorsalstream.a(dorsalstream.o)
                0x00005954                pin_af_uart_rx
 .rodata.str1.1
                0x0000596c       0x76 /home/dwpark/work/spuos-secure-v2/applications/abm_v3/bin/GENERIC_M2354_KPQC/dorsalstream.a(dorsalstream.o)
 .rodata.spi_nor_mtd_operation
                0x0000596c       0x10 /home/dwpark/work/spuos-secure-v2/applications/abm_v3/bin/GENERIC_M2354_KPQC/dorsalstream.a(dorsalstream.o)
                0x0000596c                spi_nor_mtd_operation
 .rodata.spi_nor_ids
                0x0000597c       0x28 /home/dwpark/work/spuos-secure-v2/applications/abm_v3/bin/GENERIC_M2354_KPQC/dorsalstream.a(dorsalstream.o)
 .rodata.default_spi_nor_ids
                0x000059a4       0x28 /home/dwpark/work/spuos-secure-v2/applications/abm_v3/bin/GENERIC_M2354_KPQC/dorsalstream.a(dorsalstream.o)
 .rodata.region_display_config.str1.1
                0x000059cc      0x186 /home/dwpark/work/spuos-secure-v2/applications/abm_v3/bin/GENERIC_M2354_KPQC/dorsalstream.a(dorsalstream.o)
 .rodata.CSWTCH.32
                0x000059cc        0x5 /home/dwpark/work/spuos-secure-v2/applications/abm_v3/bin/GENERIC_M2354_KPQC/dorsalstream.a(dorsalstream.o)
 .rodata.version_get_string.str1.1
                0x000059d1       0x18 /home/dwpark/work/spuos-secure-v2/applications/abm_v3/bin/GENERIC_M2354_KPQC/dorsalstream.a(dorsalstream.o)
 .rodata.mtd_get_info.str1.1
                0x000059d1       0x4d /home/dwpark/work/spuos-secure-v2/applications/abm_v3/bin/GENERIC_M2354_KPQC/dorsalstream.a(dorsalstream.o)
 *fill*         0x000059d1        0x3 
 .rodata.extra_dev
                0x000059d4       0x50 /home/dwpark/work/spuos-secure-v2/applications/abm_v3/bin/GENERIC_M2354_KPQC/board.o
 .rodata.boot_dev
                0x00005a24       0x50 /home/dwpark/work/spuos-secure-v2/applications/abm_v3/bin/GENERIC_M2354_KPQC/board.o
 .rodata.numof_TIMER
                0x00005a74        0x4 /home/dwpark/work/spuos-secure-v2/applications/abm_v3/bin/GENERIC_M2354_KPQC/board.o
                0x00005a74                numof_TIMER
 .rodata.numof_SPI
                0x00005a78        0x4 /home/dwpark/work/spuos-secure-v2/applications/abm_v3/bin/GENERIC_M2354_KPQC/board.o
                0x00005a78                numof_SPI
 .rodata.numof_UART
                0x00005a7c        0x4 /home/dwpark/work/spuos-secure-v2/applications/abm_v3/bin/GENERIC_M2354_KPQC/board.o
                0x00005a7c                numof_UART
 .rodata.timer_config
                0x00005a80        0xc /home/dwpark/work/spuos-secure-v2/applications/abm_v3/bin/GENERIC_M2354_KPQC/board.o
                0x00005a80                timer_config
 .rodata.spi_nor_dev
                0x00005a8c       0x14 /home/dwpark/work/spuos-secure-v2/applications/abm_v3/bin/GENERIC_M2354_KPQC/board.o
                0x00005a8c                spi_nor_dev
 .rodata.spi_config
                0x00005aa0       0x30 /home/dwpark/work/spuos-secure-v2/applications/abm_v3/bin/GENERIC_M2354_KPQC/board.o
                0x00005aa0                spi_config
 .rodata.spi0_slave
                0x00005ad0        0x4 /home/dwpark/work/spuos-secure-v2/applications/abm_v3/bin/GENERIC_M2354_KPQC/board.o
 .rodata.uart_stdio_dev
                0x00005ad4        0x4 /home/dwpark/work/spuos-secure-v2/applications/abm_v3/bin/GENERIC_M2354_KPQC/board.o
                0x00005ad4                uart_stdio_dev
 .rodata.uart_config
                0x00005ad8       0x24 /home/dwpark/work/spuos-secure-v2/applications/abm_v3/bin/GENERIC_M2354_KPQC/board.o
                0x00005ad8                uart_config
 .rodata.init_exteral_flash.str1.1
                0x00005afc       0x15 /home/dwpark/work/spuos-secure-v2/applications/abm_v3/bin/GENERIC_M2354_KPQC/application.o
 .rodata.main.str1.1
                0x00005afc      0x3ed /home/dwpark/work/spuos-secure-v2/applications/abm_v3/bin/GENERIC_M2354_KPQC/application.o
                0x00005eec                        . = ALIGN (0x4)
                0x00005afc                        __shell_command_start__ = .
 *(shell_command)
 *(shell_command_end)
                0x00005afc                        __shell_command_end__ = .
                0x00005f00                        . = ALIGN (0x20)
 *fill*         0x00005afc        0x4 
                0x00005aff                        __unprivileged_flash_end__ = (. - 0x1)

.ARM.extab
 *(.ARM.extab* .gnu.linkonce.armextab.*)
                0x00005b00                        __exidx_start = .

.ARM.exidx      0x00005b00        0x8
 *(.ARM.exidx* .gnu.linkonce.armexidx.*)
 .ARM.exidx     0x00005b00        0x8 /opt/arm-gnu-toolchain-14.3.rel1-x86_64-arm-none-eabi/bin/../lib/gcc/arm-none-eabi/14.3.1/../../../../arm-none-eabi/lib/thumb/v8-m.base/nofp/crt0.o
                                 0x10 (size before relaxing)
                0x00005b08                        __exidx_end = .

.rel.dyn        0x00005b08        0x0
 .rel.iplt      0x00005b08        0x0 /opt/arm-gnu-toolchain-14.3.rel1-x86_64-arm-none-eabi/bin/../lib/gcc/arm-none-eabi/14.3.1/thumb/v8-m.base/nofp/crtbegin.o

.copy.table     0x00005b08        0xc
                0x00005b08                        . = ALIGN (0x4)
                0x00005b08                        __copy_table_start__ = .
                0x00005b08        0x4 LONG 0x5b1c __etext
                0x00005b0c        0x4 LONG 0x20000c00 __data_start__
                0x00005b10        0x4 LONG 0x11c (__data_end__ - __data_start__)
                0x00005b14                        __copy_table_end__ = .

.zero.table     0x00005b14        0x8
                0x00005b14                        . = ALIGN (0x4)
                0x00005b14                        __zero_table_start__ = .
                0x00005b14        0x4 LONG 0x20000d1c __bss_start__
                0x00005b18        0x4 LONG 0x239c (__bss_end__ - __bss_start__)
                0x00005b1c                        __zero_table_end__ = .
                0x00005b1c                        __etext = .

._vtor          0x20000000      0x400
 *(vtor_ram)
 vtor_ram       0x20000000      0x400 /home/dwpark/work/spuos-secure-v2/applications/abm_v3/bin/GENERIC_M2354_KPQC/dorsalstream.a(dorsalstream.o)

._stack         0x20000400      0x800
                0x20000400                        __StackLimit = .
                0x20000c00                        . = (. + _ld_stack_size)
 *fill*         0x20000400      0x800 
                0x20000c00                        __StackTop = .

.data           0x20000c00      0x11c load address 0x00005b1c
 FILL mask 0xff
                0x20000c00                        __data_start__ = .
                0x20000c00                        . = ALIGN (0x20)
                0x20000c00                        __privileged_sram_start__ = .
 *(privileged_data)
                0x20000c00                        . = ALIGN (0x20)
                0x20000bff                        __privileged_sram_end__ = (. - 0x1)
 *(vtable)
 *(.data*)
 .data._impure_ptr
                0x20000c00        0x4 /opt/arm-gnu-toolchain-14.3.rel1-x86_64-arm-none-eabi/bin/../lib/gcc/arm-none-eabi/14.3.1/../../../../arm-none-eabi/lib/thumb/v8-m.base/nofp/libc_nano.a(libc_a-impure.o)
                0x20000c00                _impure_ptr
 .data._impure_data
                0x20000c04       0x4c /opt/arm-gnu-toolchain-14.3.rel1-x86_64-arm-none-eabi/bin/../lib/gcc/arm-none-eabi/14.3.1/../../../../arm-none-eabi/lib/thumb/v8-m.base/nofp/libc_nano.a(libc_a-impure.o)
                0x20000c04                _impure_data
 .data.opcode_default
                0x20000c50        0xf /home/dwpark/work/spuos-secure-v2/applications/abm_v3/bin/GENERIC_M2354_KPQC/dorsalstream.a(dorsalstream.o)
                0x20000c50                opcode_default
 *fill*         0x20000c5f        0x1 ff
 .data.internalflash_fop
                0x20000c60        0xc /home/dwpark/work/spuos-secure-v2/applications/abm_v3/bin/GENERIC_M2354_KPQC/dorsalstream.a(dorsalstream.o)
                0x20000c60                internalflash_fop
 .data.mtd_fop  0x20000c6c        0xc /home/dwpark/work/spuos-secure-v2/applications/abm_v3/bin/GENERIC_M2354_KPQC/dorsalstream.a(dorsalstream.o)
                0x20000c6c                mtd_fop
 .data.heap_top
                0x20000c78        0x4 /home/dwpark/work/spuos-secure-v2/applications/abm_v3/bin/GENERIC_M2354_KPQC/dorsalstream.a(dorsalstream.o)
 .data.PllClock
                0x20000c7c        0x4 /home/dwpark/work/spuos-secure-v2/applications/abm_v3/bin/GENERIC_M2354_KPQC/dorsalstream.a(dorsalstream.o)
                0x20000c7c                PllClock
 .data.CyclesPerUs
                0x20000c80        0x4 /home/dwpark/work/spuos-secure-v2/applications/abm_v3/bin/GENERIC_M2354_KPQC/dorsalstream.a(dorsalstream.o)
                0x20000c80                CyclesPerUs
 .data.SystemCoreClock
                0x20000c84        0x4 /home/dwpark/work/spuos-secure-v2/applications/abm_v3/bin/GENERIC_M2354_KPQC/dorsalstream.a(dorsalstream.o)
                0x20000c84                SystemCoreClock
 .data.mtd0     0x20000c88       0x50 /home/dwpark/work/spuos-secure-v2/applications/abm_v3/bin/GENERIC_M2354_KPQC/board.o
                0x20000c88                mtd0
 .data.spi_nor_flash
                0x20000cd8       0x34 /home/dwpark/work/spuos-secure-v2/applications/abm_v3/bin/GENERIC_M2354_KPQC/board.o
 .data.BANK     0x20000d0c        0x8 /home/dwpark/work/spuos-secure-v2/applications/abm_v3/bin/GENERIC_M2354_KPQC/board.o
                0x20000d0c                BANK
                0x20000d14                        . = ALIGN (0x4)
                0x20000d14                        PROVIDE (__preinit_array_start = .)
 *(.preinit_array)
                0x20000d14                        PROVIDE (__preinit_array_end = .)
                0x20000d14                        . = ALIGN (0x4)
                0x20000d14                        PROVIDE (__init_array_start = .)
 *(SORT_BY_NAME(.init_array.*))
 *(.init_array)
 .init_array    0x20000d14        0x4 /opt/arm-gnu-toolchain-14.3.rel1-x86_64-arm-none-eabi/bin/../lib/gcc/arm-none-eabi/14.3.1/thumb/v8-m.base/nofp/crtbegin.o
                0x20000d18                        PROVIDE (__init_array_end = .)
                0x20000d18                        . = ALIGN (0x4)
                [!provide]                        PROVIDE (__fini_array_start = .)
 *(SORT_BY_NAME(.fini_array.*))
 *(.fini_array)
 .fini_array    0x20000d18        0x4 /opt/arm-gnu-toolchain-14.3.rel1-x86_64-arm-none-eabi/bin/../lib/gcc/arm-none-eabi/14.3.1/thumb/v8-m.base/nofp/crtbegin.o
                [!provide]                        PROVIDE (__fini_array_end = .)
 *(.jcr*)
                0x20000d1c                        . = ALIGN (0x4)
                0x20000d1c                        __data_end__ = .

.tm_clone_table
                0x20000d1c        0x0 load address 0x00005c38
 .tm_clone_table
                0x20000d1c        0x0 /opt/arm-gnu-toolchain-14.3.rel1-x86_64-arm-none-eabi/bin/../lib/gcc/arm-none-eabi/14.3.1/thumb/v8-m.base/nofp/crtbegin.o
 .tm_clone_table
                0x20000d1c        0x0 /opt/arm-gnu-toolchain-14.3.rel1-x86_64-arm-none-eabi/bin/../lib/gcc/arm-none-eabi/14.3.1/thumb/v8-m.base/nofp/crtend.o

.igot.plt       0x20000d1c        0x0 load address 0x00005c38
 .igot.plt      0x20000d1c        0x0 /opt/arm-gnu-toolchain-14.3.rel1-x86_64-arm-none-eabi/bin/../lib/gcc/arm-none-eabi/14.3.1/thumb/v8-m.base/nofp/crtbegin.o

.bss            0x20000d1c     0x239c load address 0x00005c38
                0x20000d1c                        . = ALIGN (0x4)
                0x20000d1c                        __bss_start__ = .
 *(.bss*)
 .bss.completed.1
                0x20000d1c        0x1 /opt/arm-gnu-toolchain-14.3.rel1-x86_64-arm-none-eabi/bin/../lib/gcc/arm-none-eabi/14.3.1/thumb/v8-m.base/nofp/crtbegin.o
 *fill*         0x20000d1d        0x3 
 .bss.object.0  0x20000d20       0x18 /opt/arm-gnu-toolchain-14.3.rel1-x86_64-arm-none-eabi/bin/../lib/gcc/arm-none-eabi/14.3.1/thumb/v8-m.base/nofp/crtbegin.o
 .bss.__sf      0x20000d38      0x138 /opt/arm-gnu-toolchain-14.3.rel1-x86_64-arm-none-eabi/bin/../lib/gcc/arm-none-eabi/14.3.1/../../../../arm-none-eabi/lib/thumb/v8-m.base/nofp/libc_nano.a(libc_a-findfp.o)
                0x20000d38                __sf
 .bss.__stdio_exit_handler
                0x20000e70        0x4 /opt/arm-gnu-toolchain-14.3.rel1-x86_64-arm-none-eabi/bin/../lib/gcc/arm-none-eabi/14.3.1/../../../../arm-none-eabi/lib/thumb/v8-m.base/nofp/libc_nano.a(libc_a-findfp.o)
                0x20000e70                __stdio_exit_handler
 .bss.errno     0x20000e74        0x4 /opt/arm-gnu-toolchain-14.3.rel1-x86_64-arm-none-eabi/bin/../lib/gcc/arm-none-eabi/14.3.1/../../../../arm-none-eabi/lib/thumb/v8-m.base/nofp/libc_nano.a(libc_a-reent.o)
                0x20000e74                errno
 .bss.__lock___malloc_recursive_mutex
                0x20000e78        0x1 /opt/arm-gnu-toolchain-14.3.rel1-x86_64-arm-none-eabi/bin/../lib/gcc/arm-none-eabi/14.3.1/../../../../arm-none-eabi/lib/thumb/v8-m.base/nofp/libc_nano.a(libc_a-lock.o)
                0x20000e78                __lock___malloc_recursive_mutex
 *fill*         0x20000e79        0x3 
 .bss.__malloc_sbrk_start
                0x20000e7c        0x4 /opt/arm-gnu-toolchain-14.3.rel1-x86_64-arm-none-eabi/bin/../lib/gcc/arm-none-eabi/14.3.1/../../../../arm-none-eabi/lib/thumb/v8-m.base/nofp/libc_nano.a(libc_a-mallocr.o)
                0x20000e7c                __malloc_sbrk_start
 .bss.__malloc_free_list
                0x20000e80        0x4 /opt/arm-gnu-toolchain-14.3.rel1-x86_64-arm-none-eabi/bin/../lib/gcc/arm-none-eabi/14.3.1/../../../../arm-none-eabi/lib/thumb/v8-m.base/nofp/libc_nano.a(libc_a-mallocr.o)
                0x20000e80                __malloc_free_list
 .bss.spi_lock  0x20000e84       0x10 /home/dwpark/work/spuos-secure-v2/applications/abm_v3/bin/GENERIC_M2354_KPQC/dorsalstream.a(dorsalstream.o)
 .bss.hardfault_mode
                0x20000e94        0x4 /home/dwpark/work/spuos-secure-v2/applications/abm_v3/bin/GENERIC_M2354_KPQC/dorsalstream.a(dorsalstream.o)
 .bss.hardfault_nonsecure_func
                0x20000e98        0x4 /home/dwpark/work/spuos-secure-v2/applications/abm_v3/bin/GENERIC_M2354_KPQC/dorsalstream.a(dorsalstream.o)
 .bss.tick      0x20000e9c        0x4 /home/dwpark/work/spuos-secure-v2/applications/abm_v3/bin/GENERIC_M2354_KPQC/dorsalstream.a(dorsalstream.o)
 .bss.ctx       0x20000ea0      0x1c0 /home/dwpark/work/spuos-secure-v2/applications/abm_v3/bin/GENERIC_M2354_KPQC/dorsalstream.a(dorsalstream.o)
                0x20000ea0                ctx
 .bss.g_FMC_i32ErrCode
                0x20001060        0x4 /home/dwpark/work/spuos-secure-v2/applications/abm_v3/bin/GENERIC_M2354_KPQC/dorsalstream.a(dorsalstream.o)
                0x20001060                g_FMC_i32ErrCode
 .bss._Axio_TMR0_IRQHandler
                0x20001064        0x4 /home/dwpark/work/spuos-secure-v2/applications/abm_v3/bin/GENERIC_M2354_KPQC/dorsalstream.a(dorsalstream.o)
 .bss._Axio_TRNG_IRQHandler
                0x20001068        0x4 /home/dwpark/work/spuos-secure-v2/applications/abm_v3/bin/GENERIC_M2354_KPQC/dorsalstream.a(dorsalstream.o)
 .bss._Axio_CRPT_IRQHandler
                0x2000106c        0x4 /home/dwpark/work/spuos-secure-v2/applications/abm_v3/bin/GENERIC_M2354_KPQC/dorsalstream.a(dorsalstream.o)
 .bss.comm_uart_id
                0x20001070        0x4 /home/dwpark/work/spuos-secure-v2/applications/abm_v3/bin/GENERIC_M2354_KPQC/application.o
 .bss.axtool_isrpipe
                0x20001074       0x30 /home/dwpark/work/spuos-secure-v2/applications/abm_v3/bin/GENERIC_M2354_KPQC/application.o
 .bss.axtool_buf
                0x200010a4     0x1000 /home/dwpark/work/spuos-secure-v2/applications/abm_v3/bin/GENERIC_M2354_KPQC/application.o
 .bss.rcv_buffer
                0x200020a4     0x1008 /home/dwpark/work/spuos-secure-v2/applications/abm_v3/bin/GENERIC_M2354_KPQC/application.o
 .bss.abm_config
                0x200030ac        0xc /home/dwpark/work/spuos-secure-v2/applications/abm_v3/bin/GENERIC_M2354_KPQC/application.o
                0x200030ac                abm_config
 *(COMMON)
                0x200030b8                        . = ALIGN (0x4)
                0x200030b8                        __bss_end__ = .
                0x200030b8                        . = ALIGN (0x4)
                0x200030b8                        __HeapBase = .
                0x200030b8                        __end__ = .
                0x2003fffc                        __HeapLimit = ((ORIGIN (RAM) + LENGTH (RAM)) - 0x4)
                0x20000c00                        PROVIDE (__stack = __StackTop)
                0x20000400                        PROVIDE (__stack_limit = __StackLimit)
                [!provide]                        PROVIDE (__heap_base = __HeapBase)
                [!provide]                        PROVIDE (__heap_limit = __HeapLimit)
                [!provide]                        PROVIDE (__end = __end__)
                [!provide]                        PROVIDE (__sheap = ((__HeapLimit + 0x4) - 0x2800))
OUTPUT(/home/dwpark/work/spuos-secure-v2/applications/abm_v3/bin/GENERIC_M2354_KPQC/abm_v3.elf elf32-littlearm)
LOAD linker stubs

.ARM.attributes
                0x00000000       0x2c
 .ARM.attributes
                0x00000000       0x22 /opt/arm-gnu-toolchain-14.3.rel1-x86_64-arm-none-eabi/bin/../lib/gcc/arm-none-eabi/14.3.1/thumb/v8-m.base/nofp/crti.o
 .ARM.attributes
                0x00000022       0x30 /opt/arm-gnu-toolchain-14.3.rel1-x86_64-arm-none-eabi/bin/../lib/gcc/arm-none-eabi/14.3.1/thumb/v8-m.base/nofp/crtbegin.o
 .ARM.attributes
                0x00000052       0x20 /opt/arm-gnu-toolchain-14.3.rel1-x86_64-arm-none-eabi/bin/../lib/gcc/arm-none-eabi/14.3.1/../../../../arm-none-eabi/lib/thumb/v8-m.base/nofp/crt0.o
 .ARM.attributes
                0x00000072       0x30 /opt/arm-gnu-toolchain-14.3.rel1-x86_64-arm-none-eabi/bin/../lib/gcc/arm-none-eabi/14.3.1/../../../../arm-none-eabi/lib/thumb/v8-m.base/nofp/libc_nano.a(libc_a-exit.o)
 .ARM.attributes
                0x000000a2       0x30 /opt/arm-gnu-toolchain-14.3.rel1-x86_64-arm-none-eabi/bin/../lib/gcc/arm-none-eabi/14.3.1/../../../../arm-none-eabi/lib/thumb/v8-m.base/nofp/libc_nano.a(libc_a-findfp.o)
 .ARM.attributes
                0x000000d2       0x30 /opt/arm-gnu-toolchain-14.3.rel1-x86_64-arm-none-eabi/bin/../lib/gcc/arm-none-eabi/14.3.1/../../../../arm-none-eabi/lib/thumb/v8-m.base/nofp/libc_nano.a(libc_a-memset.o)
 .ARM.attributes
                0x00000102       0x30 /opt/arm-gnu-toolchain-14.3.rel1-x86_64-arm-none-eabi/bin/../lib/gcc/arm-none-eabi/14.3.1/../../../../arm-none-eabi/lib/thumb/v8-m.base/nofp/libc_nano.a(libc_a-reent.o)
 .ARM.attributes
                0x00000132       0x30 /opt/arm-gnu-toolchain-14.3.rel1-x86_64-arm-none-eabi/bin/../lib/gcc/arm-none-eabi/14.3.1/../../../../arm-none-eabi/lib/thumb/v8-m.base/nofp/libc_nano.a(libc_a-impure.o)
 .ARM.attributes
                0x00000162       0x30 /opt/arm-gnu-toolchain-14.3.rel1-x86_64-arm-none-eabi/bin/../lib/gcc/arm-none-eabi/14.3.1/../../../../arm-none-eabi/lib/thumb/v8-m.base/nofp/libc_nano.a(libc_a-init.o)
 .ARM.attributes
                0x00000192       0x30 /opt/arm-gnu-toolchain-14.3.rel1-x86_64-arm-none-eabi/bin/../lib/gcc/arm-none-eabi/14.3.1/../../../../arm-none-eabi/lib/thumb/v8-m.base/nofp/libc_nano.a(libc_a-lock.o)
 .ARM.attributes
                0x000001c2       0x30 /opt/arm-gnu-toolchain-14.3.rel1-x86_64-arm-none-eabi/bin/../lib/gcc/arm-none-eabi/14.3.1/../../../../arm-none-eabi/lib/thumb/v8-m.base/nofp/libc_nano.a(libc_a-freer.o)
 .ARM.attributes
                0x000001f2       0x30 /opt/arm-gnu-toolchain-14.3.rel1-x86_64-arm-none-eabi/bin/../lib/gcc/arm-none-eabi/14.3.1/../../../../arm-none-eabi/lib/thumb/v8-m.base/nofp/libc_nano.a(libc_a-mallocr.o)
 .ARM.attributes
                0x00000222       0x30 /opt/arm-gnu-toolchain-14.3.rel1-x86_64-arm-none-eabi/bin/../lib/gcc/arm-none-eabi/14.3.1/../../../../arm-none-eabi/lib/thumb/v8-m.base/nofp/libc_nano.a(libc_a-mlock.o)
 .ARM.attributes
                0x00000252       0x30 /opt/arm-gnu-toolchain-14.3.rel1-x86_64-arm-none-eabi/bin/../lib/gcc/arm-none-eabi/14.3.1/../../../../arm-none-eabi/lib/thumb/v8-m.base/nofp/libc_nano.a(libc_a-sbrkr.o)
 .ARM.attributes
                0x00000282       0x2e /home/dwpark/work/spuos-secure-v2/applications/abm_v3/bin/GENERIC_M2354_KPQC/dorsalstream.a(dorsalstream.o)
 .ARM.attributes
                0x000002b0       0x30 /home/dwpark/work/spuos-secure-v2/applications/abm_v3/bin/GENERIC_M2354_KPQC/board.o
 .ARM.attributes
                0x000002e0       0x30 /home/dwpark/work/spuos-secure-v2/applications/abm_v3/bin/GENERIC_M2354_KPQC/application.o
 .ARM.attributes
                0x00000310       0x22 /opt/arm-gnu-toolchain-14.3.rel1-x86_64-arm-none-eabi/bin/../lib/gcc/arm-none-eabi/14.3.1/thumb/v8-m.base/nofp/libgcc.a(_thumb1_case_sqi.o)
 .ARM.attributes
                0x00000332       0x22 /opt/arm-gnu-toolchain-14.3.rel1-x86_64-arm-none-eabi/bin/../lib/gcc/arm-none-eabi/14.3.1/thumb/v8-m.base/nofp/libgcc.a(_thumb1_case_uqi.o)
 .ARM.attributes
                0x00000354       0x30 /opt/arm-gnu-toolchain-14.3.rel1-x86_64-arm-none-eabi/bin/../lib/gcc/arm-none-eabi/14.3.1/../../../../arm-none-eabi/lib/thumb/v8-m.base/nofp/libc_nano.a(libc_a-calloc.o)
 .ARM.attributes
                0x00000384       0x30 /opt/arm-gnu-toolchain-14.3.rel1-x86_64-arm-none-eabi/bin/../lib/gcc/arm-none-eabi/14.3.1/../../../../arm-none-eabi/lib/thumb/v8-m.base/nofp/libc_nano.a(libc_a-callocr.o)
 .ARM.attributes
                0x000003b4       0x30 /opt/arm-gnu-toolchain-14.3.rel1-x86_64-arm-none-eabi/bin/../lib/gcc/arm-none-eabi/14.3.1/../../../../arm-none-eabi/lib/thumb/v8-m.base/nofp/libc_nano.a(libc_a-malloc.o)
 .ARM.attributes
                0x000003e4       0x30 /opt/arm-gnu-toolchain-14.3.rel1-x86_64-arm-none-eabi/bin/../lib/gcc/arm-none-eabi/14.3.1/../../../../arm-none-eabi/lib/thumb/v8-m.base/nofp/libc_nano.a(libc_a-memcmp.o)
 .ARM.attributes
                0x00000414       0x30 /opt/arm-gnu-toolchain-14.3.rel1-x86_64-arm-none-eabi/bin/../lib/gcc/arm-none-eabi/14.3.1/../../../../arm-none-eabi/lib/thumb/v8-m.base/nofp/libc_nano.a(libc_a-memcpy-stub.o)
 .ARM.attributes
                0x00000444       0x30 /opt/arm-gnu-toolchain-14.3.rel1-x86_64-arm-none-eabi/bin/../lib/gcc/arm-none-eabi/14.3.1/thumb/v8-m.base/nofp/crtend.o
 .ARM.attributes
                0x00000474       0x22 /opt/arm-gnu-toolchain-14.3.rel1-x86_64-arm-none-eabi/bin/../lib/gcc/arm-none-eabi/14.3.1/thumb/v8-m.base/nofp/crtn.o
 .ARM.attributes
                0x00000496       0x30 /opt/arm-gnu-toolchain-14.3.rel1-x86_64-arm-none-eabi/bin/../lib/gcc/arm-none-eabi/14.3.1/../../../../arm-none-eabi/lib/thumb/v8-m.base/nofp/libnosys.a(_exit.o)

.stack          0x00000000        0x0
 .stack         0x00000000        0x0 /home/dwpark/work/spuos-secure-v2/applications/abm_v3/bin/GENERIC_M2354_KPQC/dorsalstream.a(dorsalstream.o)

.comment        0x00000000       0x46
 .comment       0x00000000       0x46 /home/dwpark/work/spuos-secure-v2/applications/abm_v3/bin/GENERIC_M2354_KPQC/dorsalstream.a(dorsalstream.o)
                                0xba6 (size before relaxing)
 .comment       0x00000046      0x11c /home/dwpark/work/spuos-secure-v2/applications/abm_v3/bin/GENERIC_M2354_KPQC/board.o
 .comment       0x00000046      0x11c /home/dwpark/work/spuos-secure-v2/applications/abm_v3/bin/GENERIC_M2354_KPQC/application.o

.heap           0x00000000        0x0
 .heap          0x00000000        0x0 /home/dwpark/work/spuos-secure-v2/applications/abm_v3/bin/GENERIC_M2354_KPQC/dorsalstream.a(dorsalstream.o)

.debug_line_str
                0x00000000      0x197
 .debug_line_str
                0x00000000      0x197 /opt/arm-gnu-toolchain-14.3.rel1-x86_64-arm-none-eabi/bin/../lib/gcc/arm-none-eabi/14.3.1/../../../../arm-none-eabi/lib/thumb/v8-m.base/nofp/crt0.o
                                 0xd0 (size before relaxing)
 .debug_line_str
                0x00000197       0xc7 /opt/arm-gnu-toolchain-14.3.rel1-x86_64-arm-none-eabi/bin/../lib/gcc/arm-none-eabi/14.3.1/thumb/v8-m.base/nofp/libgcc.a(_thumb1_case_sqi.o)
 .debug_line_str
                0x00000197       0xc7 /opt/arm-gnu-toolchain-14.3.rel1-x86_64-arm-none-eabi/bin/../lib/gcc/arm-none-eabi/14.3.1/thumb/v8-m.base/nofp/libgcc.a(_thumb1_case_uqi.o)

.debug_frame    0x00000000      0x478
 .debug_frame   0x00000000       0x28 /opt/arm-gnu-toolchain-14.3.rel1-x86_64-arm-none-eabi/bin/../lib/gcc/arm-none-eabi/14.3.1/../../../../arm-none-eabi/lib/thumb/v8-m.base/nofp/libc_nano.a(libc_a-exit.o)
 .debug_frame   0x00000028      0x138 /opt/arm-gnu-toolchain-14.3.rel1-x86_64-arm-none-eabi/bin/../lib/gcc/arm-none-eabi/14.3.1/../../../../arm-none-eabi/lib/thumb/v8-m.base/nofp/libc_nano.a(libc_a-findfp.o)
 .debug_frame   0x00000160       0x20 /opt/arm-gnu-toolchain-14.3.rel1-x86_64-arm-none-eabi/bin/../lib/gcc/arm-none-eabi/14.3.1/../../../../arm-none-eabi/lib/thumb/v8-m.base/nofp/libc_nano.a(libc_a-memset.o)
 .debug_frame   0x00000180       0x2c /opt/arm-gnu-toolchain-14.3.rel1-x86_64-arm-none-eabi/bin/../lib/gcc/arm-none-eabi/14.3.1/../../../../arm-none-eabi/lib/thumb/v8-m.base/nofp/libc_nano.a(libc_a-reent.o)
 .debug_frame   0x000001ac       0x2c /opt/arm-gnu-toolchain-14.3.rel1-x86_64-arm-none-eabi/bin/../lib/gcc/arm-none-eabi/14.3.1/../../../../arm-none-eabi/lib/thumb/v8-m.base/nofp/libc_nano.a(libc_a-init.o)
 .debug_frame   0x000001d8       0xb0 /opt/arm-gnu-toolchain-14.3.rel1-x86_64-arm-none-eabi/bin/../lib/gcc/arm-none-eabi/14.3.1/../../../../arm-none-eabi/lib/thumb/v8-m.base/nofp/libc_nano.a(libc_a-lock.o)
 .debug_frame   0x00000288       0x2c /opt/arm-gnu-toolchain-14.3.rel1-x86_64-arm-none-eabi/bin/../lib/gcc/arm-none-eabi/14.3.1/../../../../arm-none-eabi/lib/thumb/v8-m.base/nofp/libc_nano.a(libc_a-freer.o)
 .debug_frame   0x000002b4       0x50 /opt/arm-gnu-toolchain-14.3.rel1-x86_64-arm-none-eabi/bin/../lib/gcc/arm-none-eabi/14.3.1/../../../../arm-none-eabi/lib/thumb/v8-m.base/nofp/libc_nano.a(libc_a-mallocr.o)
 .debug_frame   0x00000304       0x40 /opt/arm-gnu-toolchain-14.3.rel1-x86_64-arm-none-eabi/bin/../lib/gcc/arm-none-eabi/14.3.1/../../../../arm-none-eabi/lib/thumb/v8-m.base/nofp/libc_nano.a(libc_a-mlock.o)
 .debug_frame   0x00000344       0x2c /opt/arm-gnu-toolchain-14.3.rel1-x86_64-arm-none-eabi/bin/../lib/gcc/arm-none-eabi/14.3.1/../../../../arm-none-eabi/lib/thumb/v8-m.base/nofp/libc_nano.a(libc_a-sbrkr.o)
 .debug_frame   0x00000370       0x28 /opt/arm-gnu-toolchain-14.3.rel1-x86_64-arm-none-eabi/bin/../lib/gcc/arm-none-eabi/14.3.1/../../../../arm-none-eabi/lib/thumb/v8-m.base/nofp/libc_nano.a(libc_a-calloc.o)
 .debug_frame   0x00000398       0x2c /opt/arm-gnu-toolchain-14.3.rel1-x86_64-arm-none-eabi/bin/../lib/gcc/arm-none-eabi/14.3.1/../../../../arm-none-eabi/lib/thumb/v8-m.base/nofp/libc_nano.a(libc_a-callocr.o)
 .debug_frame   0x000003c4       0x40 /opt/arm-gnu-toolchain-14.3.rel1-x86_64-arm-none-eabi/bin/../lib/gcc/arm-none-eabi/14.3.1/../../../../arm-none-eabi/lib/thumb/v8-m.base/nofp/libc_nano.a(libc_a-malloc.o)
 .debug_frame   0x00000404       0x2c /opt/arm-gnu-toolchain-14.3.rel1-x86_64-arm-none-eabi/bin/../lib/gcc/arm-none-eabi/14.3.1/../../../../arm-none-eabi/lib/thumb/v8-m.base/nofp/libc_nano.a(libc_a-memcmp.o)
 .debug_frame   0x00000430       0x28 /opt/arm-gnu-toolchain-14.3.rel1-x86_64-arm-none-eabi/bin/../lib/gcc/arm-none-eabi/14.3.1/../../../../arm-none-eabi/lib/thumb/v8-m.base/nofp/libc_nano.a(libc_a-memcpy-stub.o)
 .debug_frame   0x00000458       0x20 /opt/arm-gnu-toolchain-14.3.rel1-x86_64-arm-none-eabi/bin/../lib/gcc/arm-none-eabi/14.3.1/../../../../arm-none-eabi/lib/thumb/v8-m.base/nofp/libnosys.a(_exit.o)
