Archive member included to satisfy reference by file (symbol)

/opt/arm-gnu-toolchain-14.3.rel1-x86_64-arm-none-eabi/bin/../lib/gcc/arm-none-eabi/14.3.1/../../../../arm-none-eabi/lib/thumb/v8-m.base/nofp/libc_nano.a(libc_a-exit.o)
                              /opt/arm-gnu-toolchain-14.3.rel1-x86_64-arm-none-eabi/bin/../lib/gcc/arm-none-eabi/14.3.1/../../../../arm-none-eabi/lib/thumb/v8-m.base/nofp/crt0.o (exit)
/opt/arm-gnu-toolchain-14.3.rel1-x86_64-arm-none-eabi/bin/../lib/gcc/arm-none-eabi/14.3.1/../../../../arm-none-eabi/lib/thumb/v8-m.base/nofp/libc_nano.a(libc_a-findfp.o)
                              /opt/arm-gnu-toolchain-14.3.rel1-x86_64-arm-none-eabi/bin/../lib/gcc/arm-none-eabi/14.3.1/../../../../arm-none-eabi/lib/thumb/v8-m.base/nofp/libc_nano.a(libc_a-exit.o) (__stdio_exit_handler)
/opt/arm-gnu-toolchain-14.3.rel1-x86_64-arm-none-eabi/bin/../lib/gcc/arm-none-eabi/14.3.1/../../../../arm-none-eabi/lib/thumb/v8-m.base/nofp/libc_nano.a(libc_a-fwalk.o)
                              /opt/arm-gnu-toolchain-14.3.rel1-x86_64-arm-none-eabi/bin/../lib/gcc/arm-none-eabi/14.3.1/../../../../arm-none-eabi/lib/thumb/v8-m.base/nofp/libc_nano.a(libc_a-findfp.o) (_fwalk_sglue)
/opt/arm-gnu-toolchain-14.3.rel1-x86_64-arm-none-eabi/bin/../lib/gcc/arm-none-eabi/14.3.1/../../../../arm-none-eabi/lib/thumb/v8-m.base/nofp/libc_nano.a(libc_a-stdio.o)
                              /opt/arm-gnu-toolchain-14.3.rel1-x86_64-arm-none-eabi/bin/../lib/gcc/arm-none-eabi/14.3.1/../../../../arm-none-eabi/lib/thumb/v8-m.base/nofp/libc_nano.a(libc_a-findfp.o) (__sread)
/opt/arm-gnu-toolchain-14.3.rel1-x86_64-arm-none-eabi/bin/../lib/gcc/arm-none-eabi/14.3.1/../../../../arm-none-eabi/lib/thumb/v8-m.base/nofp/libc_nano.a(libc_a-memset.o)
                              /opt/arm-gnu-toolchain-14.3.rel1-x86_64-arm-none-eabi/bin/../lib/gcc/arm-none-eabi/14.3.1/../../../../arm-none-eabi/lib/thumb/v8-m.base/nofp/crt0.o (memset)
/opt/arm-gnu-toolchain-14.3.rel1-x86_64-arm-none-eabi/bin/../lib/gcc/arm-none-eabi/14.3.1/../../../../arm-none-eabi/lib/thumb/v8-m.base/nofp/libc_nano.a(libc_a-closer.o)
                              /opt/arm-gnu-toolchain-14.3.rel1-x86_64-arm-none-eabi/bin/../lib/gcc/arm-none-eabi/14.3.1/../../../../arm-none-eabi/lib/thumb/v8-m.base/nofp/libc_nano.a(libc_a-stdio.o) (_close_r)
/opt/arm-gnu-toolchain-14.3.rel1-x86_64-arm-none-eabi/bin/../lib/gcc/arm-none-eabi/14.3.1/../../../../arm-none-eabi/lib/thumb/v8-m.base/nofp/libc_nano.a(libc_a-reent.o)
                              /opt/arm-gnu-toolchain-14.3.rel1-x86_64-arm-none-eabi/bin/../lib/gcc/arm-none-eabi/14.3.1/../../../../arm-none-eabi/lib/thumb/v8-m.base/nofp/libc_nano.a(libc_a-closer.o) (errno)
/opt/arm-gnu-toolchain-14.3.rel1-x86_64-arm-none-eabi/bin/../lib/gcc/arm-none-eabi/14.3.1/../../../../arm-none-eabi/lib/thumb/v8-m.base/nofp/libc_nano.a(libc_a-impure.o)
                              /opt/arm-gnu-toolchain-14.3.rel1-x86_64-arm-none-eabi/bin/../lib/gcc/arm-none-eabi/14.3.1/../../../../arm-none-eabi/lib/thumb/v8-m.base/nofp/libc_nano.a(libc_a-reent.o) (_impure_ptr)
/opt/arm-gnu-toolchain-14.3.rel1-x86_64-arm-none-eabi/bin/../lib/gcc/arm-none-eabi/14.3.1/../../../../arm-none-eabi/lib/thumb/v8-m.base/nofp/libc_nano.a(libc_a-lseekr.o)
                              /opt/arm-gnu-toolchain-14.3.rel1-x86_64-arm-none-eabi/bin/../lib/gcc/arm-none-eabi/14.3.1/../../../../arm-none-eabi/lib/thumb/v8-m.base/nofp/libc_nano.a(libc_a-stdio.o) (_lseek_r)
/opt/arm-gnu-toolchain-14.3.rel1-x86_64-arm-none-eabi/bin/../lib/gcc/arm-none-eabi/14.3.1/../../../../arm-none-eabi/lib/thumb/v8-m.base/nofp/libc_nano.a(libc_a-readr.o)
                              /opt/arm-gnu-toolchain-14.3.rel1-x86_64-arm-none-eabi/bin/../lib/gcc/arm-none-eabi/14.3.1/../../../../arm-none-eabi/lib/thumb/v8-m.base/nofp/libc_nano.a(libc_a-stdio.o) (_read_r)
/opt/arm-gnu-toolchain-14.3.rel1-x86_64-arm-none-eabi/bin/../lib/gcc/arm-none-eabi/14.3.1/../../../../arm-none-eabi/lib/thumb/v8-m.base/nofp/libc_nano.a(libc_a-writer.o)
                              /opt/arm-gnu-toolchain-14.3.rel1-x86_64-arm-none-eabi/bin/../lib/gcc/arm-none-eabi/14.3.1/../../../../arm-none-eabi/lib/thumb/v8-m.base/nofp/libc_nano.a(libc_a-stdio.o) (_write_r)
/opt/arm-gnu-toolchain-14.3.rel1-x86_64-arm-none-eabi/bin/../lib/gcc/arm-none-eabi/14.3.1/../../../../arm-none-eabi/lib/thumb/v8-m.base/nofp/libc_nano.a(libc_a-init.o)
                              /opt/arm-gnu-toolchain-14.3.rel1-x86_64-arm-none-eabi/bin/../lib/gcc/arm-none-eabi/14.3.1/../../../../arm-none-eabi/lib/thumb/v8-m.base/nofp/crt0.o (__libc_init_array)
/opt/arm-gnu-toolchain-14.3.rel1-x86_64-arm-none-eabi/bin/../lib/gcc/arm-none-eabi/14.3.1/../../../../arm-none-eabi/lib/thumb/v8-m.base/nofp/libc_nano.a(libc_a-lock.o)
                              /opt/arm-gnu-toolchain-14.3.rel1-x86_64-arm-none-eabi/bin/../lib/gcc/arm-none-eabi/14.3.1/../../../../arm-none-eabi/lib/thumb/v8-m.base/nofp/libc_nano.a(libc_a-findfp.o) (__retarget_lock_init_recursive)
[...]
Memory Configuration

Name             Origin             Length             Attributes
SECURE_NSC       0x0001c000         0x00001000         xr
SECURE_CODE      0x0001d000         0x0005f000         xr
SECURE_RAM       0x20000000         0x00007000         xrw
AXIOCRYPTO_RAM   0x20007000         0x00001000         xrw
SECURE_STACK     0x20008000         0x00018000         xrw
*default*        0x00000000         0xffffffff

Linker script and memory map

LOAD /opt/arm-gnu-toolchain-14.3.rel1-x86_64-arm-none-eabi/bin/../lib/gcc/arm-none-eabi/14.3.1/thumb/v8-m.base/nofp/crti.o
LOAD /opt/arm-gnu-toolchain-14.3.rel1-x86_64-arm-none-eabi/bin/../lib/gcc/arm-none-eabi/14.3.1/thumb/v8-m.base/nofp/crtbegin.o
LOAD /opt/arm-gnu-toolchain-14.3.rel1-x86_64-arm-none-eabi/bin/../lib/gcc/arm-none-eabi/14.3.1/../../../../arm-none-eabi/lib/thumb/v8-m.base/nofp/crt0.o
LOAD /opt/arm-gnu-toolchain-14.3.rel1-x86_64-arm-none-eabi/bin/../lib/gcc/arm-none-eabi/14.3.1/../../../../arm-none-eabi/lib/thumb/v8-m.base/nofp/libc_nano.a
LOAD /opt/arm-gnu-toolchain-14.3.rel1-x86_64-arm-none-eabi/bin/../lib/gcc/arm-none-eabi/14.3.1/../../../../arm-none-eabi/lib/thumb/v8-m.base/nofp/libm.a
                0x00000800                        ld_stack_size = 0x800
                0x0001c000                        ld_flash_start = 0x1c000
                0x00060000                        ld_flash_length = 0x60000
                0x0001f000                        ld_ram_length = 0x1f000
LOAD /home/dwpark/work/spuos-secure-v2/applications/secure/bin/GENERIC_M2354_KPQC/dorsalstream.a
START GROUP
LOAD /home/dwpark/work/spuos-secure-v2/extmodules/MbedTLS_2.16//library//libmbedx509.a
LOAD /home/dwpark/work/spuos-secure-v2/extmodules/MbedTLS_2.16//library//libmbedcrypto.a
LOAD /home/dwpark/work/spuos-secure-v2/applications/secure/bin/GENERIC_M2354_KPQC/board.o
LOAD /home/dwpark/work/spuos-secure-v2/applications/secure/bin/GENERIC_M2354_KPQC/application.o
END GROUP
START GROUP
LOAD /opt/arm-gnu-toolchain-14.3.rel1-x86_64-arm-none-eabi/bin/../lib/gcc/arm-none-eabi/14.3.1/thumb/v8-m.base/nofp/libgcc.a
LOAD /opt/arm-gnu-toolchain-14.3.rel1-x86_64-arm-none-eabi/bin/../lib/gcc/arm-none-eabi/14.3.1/../../../../arm-none-eabi/lib/thumb/v8-m.base/nofp/libc_nano.a
END GROUP
START GROUP
LOAD /opt/arm-gnu-toolchain-14.3.rel1-x86_64-arm-none-eabi/bin/../lib/gcc/arm-none-eabi/14.3.1/thumb/v8-m.base/nofp/libgcc.a
LOAD /opt/arm-gnu-toolchain-14.3.rel1-x86_64-arm-none-eabi/bin/../lib/gcc/arm-none-eabi/14.3.1/../../../../arm-none-eabi/lib/thumb/v8-m.base/nofp/libc_nano.a
END GROUP
LOAD /opt/arm-gnu-toolchain-14.3.rel1-x86_64-arm-none-eabi/bin/../lib/gcc/arm-none-eabi/14.3.1/thumb/v8-m.base/nofp/crtend.o
LOAD /opt/arm-gnu-toolchain-14.3.rel1-x86_64-arm-none-eabi/bin/../lib/gcc/arm-none-eabi/14.3.1/thumb/v8-m.base/nofp/crtn.o
                0x0001c000                        _ld_flash_start = DEFINED (ld_flash_start)?ld_flash_start:0x0
                0x00060000                        _ld_flash_length = DEFINED (ld_flash_length)?ld_flash_length:0x100000
                0x20000000                        _ld_ram_start = DEFINED (ld_ram_start)?ld_ram_start:0x20000000
                0x0001f000                        _ld_ram_length = DEFINED (ld_ram_length)?ld_ram_length:0x40000
                0x00000800                        _ld_stack_size = DEFINED (ld_stack_size)?ld_stack_size:0xc00
START GROUP
LOAD /opt/arm-gnu-toolchain-14.3.rel1-x86_64-arm-none-eabi/bin/../lib/gcc/arm-none-eabi/14.3.1/thumb/v8-m.base/nofp/libgcc.a
LOAD /opt/arm-gnu-toolchain-14.3.rel1-x86_64-arm-none-eabi/bin/../lib/gcc/arm-none-eabi/14.3.1/../../../../arm-none-eabi/lib/thumb/v8-m.base/nofp/libc.a
LOAD /opt/arm-gnu-toolchain-14.3.rel1-x86_64-arm-none-eabi/bin/../lib/gcc/arm-none-eabi/14.3.1/../../../../arm-none-eabi/lib/thumb/v8-m.base/nofp/libm.a
LOAD /opt/arm-gnu-toolchain-14.3.rel1-x86_64-arm-none-eabi/bin/../lib/gcc/arm-none-eabi/14.3.1/../../../../arm-none-eabi/lib/thumb/v8-m.base/nofp/libnosys.a
END GROUP

.text           0x0001d000      0x22c
 FILL mask 0xff
 *(.vectors)
 .vectors       0x0001d000      0x210 /home/dwpark/work/spuos-secure-v2/applications/secure/bin/GENERIC_M2354_KPQC/dorsalstream.a(dorsalstream.o)
                0x0001d000                __Vectors
                0x0001d210                        __Vectors_End = .
                0x0001d210                        __Vectors_Size = (__Vectors_End - __Vectors)
                0x0001d210                        . = ALIGN (0x4)
 *(.init)
 .init          0x0001d210        0x4 /opt/arm-gnu-toolchain-14.3.rel1-x86_64-arm-none-eabi/bin/../lib/gcc/arm-none-eabi/14.3.1/thumb/v8-m.base/nofp/crti.o
                0x0001d210                _init
 .init          0x0001d214        0x8 /opt/arm-gnu-toolchain-14.3.rel1-x86_64-arm-none-eabi/bin/../lib/gcc/arm-none-eabi/14.3.1/thumb/v8-m.base/nofp/crtn.o
 *(.fini)
 .fini          0x0001d21c        0x4 /opt/arm-gnu-toolchain-14.3.rel1-x86_64-arm-none-eabi/bin/../lib/gcc/arm-none-eabi/14.3.1/thumb/v8-m.base/nofp/crti.o
                0x0001d21c                _fini
 .fini          0x0001d220        0x8 /opt/arm-gnu-toolchain-14.3.rel1-x86_64-arm-none-eabi/bin/../lib/gcc/arm-none-eabi/14.3.1/thumb/v8-m.base/nofp/crtn.o
 *crtbegin.o(.ctors)
 *crtbegin?.o(.ctors)
 *(EXCLUDE_FILE(*crtend.o *crtend?.o) .ctors)
 *(SORT_BY_NAME(.ctors.*))
 *(.ctors)
 *crtbegin.o(.dtors)
 *crtbegin?.o(.dtors)
 *(EXCLUDE_FILE(*crtend.o *crtend?.o) .dtors)
 *(SORT_BY_NAME(.dtors.*))
 *(.dtors)
 *(.eh_frame*)
 .eh_frame      0x0001d228        0x0 /opt/arm-gnu-toolchain-14.3.rel1-x86_64-arm-none-eabi/bin/../lib/gcc/arm-none-eabi/14.3.1/thumb/v8-m.base/nofp/crtbegin.o
 .eh_frame      0x0001d228        0x4 /opt/arm-gnu-toolchain-14.3.rel1-x86_64-arm-none-eabi/bin/../lib/gcc/arm-none-eabi/14.3.1/thumb/v8-m.base/nofp/crtend.o

.glue_7         0x0001d22c        0x0
 .glue_7        0x0001d22c        0x0 linker stubs

.glue_7t        0x0001d22c        0x0
 .glue_7t       0x0001d22c        0x0 linker stubs

.vfp11_veneer   0x0001d22c        0x0
 .vfp11_veneer  0x0001d22c        0x0 linker stubs

.v4_bx          0x0001d22c        0x0
 .v4_bx         0x0001d22c        0x0 linker stubs

.iplt           0x0001d22c        0x0
 .iplt          0x0001d22c        0x0 /opt/arm-gnu-toolchain-14.3.rel1-x86_64-arm-none-eabi/bin/../lib/gcc/arm-none-eabi/14.3.1/thumb/v8-m.base/nofp/crtbegin.o

.privileged_functions
                0x0001d22c       0x14
                0x0001d240                        . = ALIGN (0x20)
 *fill*         0x0001d22c       0x14 
                0x0001d240                        __privileged_functions_start__ = .
 *(privileged_functions)
                0x0001d240                        . = ALIGN (0x20)
                0x0001d23f                        __privileged_functions_end__ = (. - 0x1)

.freertos_system_calls
                0x0001d240        0x0
                0x0001d240                        . = ALIGN (0x20)
                0x0001d240                        __syscalls_flash_start__ = .
 *(freertos_system_calls)
                0x0001d240                        . = ALIGN (0x20)
                0x0001d23f                        __syscalls_flash_end__ = (. - 0x1)

.text           0x0001d240    0x29c40
                0x0001d240                        . = ALIGN (0x20)
                0x0001d240                        __unprivileged_flash_start__ = .
 *(.text*)
 .text.deregister_tm_clones
                0x0001d240       0x24 /opt/arm-gnu-toolchain-14.3.rel1-x86_64-arm-none-eabi/bin/../lib/gcc/arm-none-eabi/14.3.1/thumb/v8-m.base/nofp/crtbegin.o
 .text.register_tm_clones
                0x0001d264       0x2c /opt/arm-gnu-toolchain-14.3.rel1-x86_64-arm-none-eabi/bin/../lib/gcc/arm-none-eabi/14.3.1/thumb/v8-m.base/nofp/crtbegin.o
 .text.__do_global_dtors_aux
                0x0001d290       0x30 /opt/arm-gnu-toolchain-14.3.rel1-x86_64-arm-none-eabi/bin/../lib/gcc/arm-none-eabi/14.3.1/thumb/v8-m.base/nofp/crtbegin.o
 .text.frame_dummy
                0x0001d2c0       0x28 /opt/arm-gnu-toolchain-14.3.rel1-x86_64-arm-none-eabi/bin/../lib/gcc/arm-none-eabi/14.3.1/thumb/v8-m.base/nofp/crtbegin.o
 .text          0x0001d2e8       0x80 /opt/arm-gnu-toolchain-14.3.rel1-x86_64-arm-none-eabi/bin/../lib/gcc/arm-none-eabi/14.3.1/../../../../arm-none-eabi/lib/thumb/v8-m.base/nofp/crt0.o
                0x0001d2e8                _stack_init
                0x0001d2f4                _mainCRTStartup
                0x0001d2f4                _start
 .text.exit     0x0001d368       0x24 /opt/arm-gnu-toolchain-14.3.rel1-x86_64-arm-none-eabi/bin/../lib/gcc/arm-none-eabi/14.3.1/../../../../arm-none-eabi/lib/thumb/v8-m.base/nofp/libc_nano.a(libc_a-exit.o)
                0x0001d368                exit
 .text.std      0x0001d38c       0x6c /opt/arm-gnu-toolchain-14.3.rel1-x86_64-arm-none-eabi/bin/../lib/gcc/arm-none-eabi/14.3.1/../../../../arm-none-eabi/lib/thumb/v8-m.base/nofp/libc_nano.a(libc_a-findfp.o)
 .text.stdio_exit_handler
                0x0001d3f8       0x1c /opt/arm-gnu-toolchain-14.3.rel1-x86_64-arm-none-eabi/bin/../lib/gcc/arm-none-eabi/14.3.1/../../../../arm-none-eabi/lib/thumb/v8-m.base/nofp/libc_nano.a(libc_a-findfp.o)
 .text.cleanup_stdio
                0x0001d414       0x3c /opt/arm-gnu-toolchain-14.3.rel1-x86_64-arm-none-eabi/bin/../lib/gcc/arm-none-eabi/14.3.1/../../../../arm-none-eabi/lib/thumb/v8-m.base/nofp/libc_nano.a(libc_a-findfp.o)
 .text.global_stdio_init.part.0
                0x0001d450       0x3c /opt/arm-gnu-toolchain-14.3.rel1-x86_64-arm-none-eabi/bin/../lib/gcc/arm-none-eabi/14.3.1/../../../../arm-none-eabi/lib/thumb/v8-m.base/nofp/libc_nano.a(libc_a-findfp.o)
 .text.__sfp_lock_acquire
                0x0001d48c       0x10 /opt/arm-gnu-toolchain-14.3.rel1-x86_64-arm-none-eabi/bin/../lib/gcc/arm-none-eabi/14.3.1/../../../../arm-none-eabi/lib/thumb/v8-m.base/nofp/libc_nano.a(libc_a-findfp.o)
                0x0001d48c                __sfp_lock_acquire
 .text.__sfp_lock_release
                0x0001d49c       0x10 /opt/arm-gnu-toolchain-14.3.rel1-x86_64-arm-none-eabi/bin/../lib/gcc/arm-none-eabi/14.3.1/../../../../arm-none-eabi/lib/thumb/v8-m.base/nofp/libc_nano.a(libc_a-findfp.o)
                0x0001d49c                __sfp_lock_release
 .text.__sinit  0x0001d4ac       0x2c /opt/arm-gnu-toolchain-14.3.rel1-x86_64-arm-none-eabi/bin/../lib/gcc/arm-none-eabi/14.3.1/../../../../arm-none-eabi/lib/thumb/v8-m.base/nofp/libc_nano.a(libc_a-findfp.o)
                0x0001d4ac                __sinit
 .text._fwalk_sglue
                0x0001d4d8       0x38 /opt/arm-gnu-toolchain-14.3.rel1-x86_64-arm-none-eabi/bin/../lib/gcc/arm-none-eabi/14.3.1/../../../../arm-none-eabi/lib/thumb/v8-m.base/nofp/libc_nano.a(libc_a-fwalk.o)
                0x0001d4d8                _fwalk_sglue
 .text.__sread  0x0001d510       0x28 /opt/arm-gnu-toolchain-14.3.rel1-x86_64-arm-none-eabi/bin/../lib/gcc/arm-none-eabi/14.3.1/../../../../arm-none-eabi/lib/thumb/v8-m.base/nofp/libc_nano.a(libc_a-stdio.o)
                0x0001d510                __sread
 .text.__swrite
                0x0001d538       0x38 /opt/arm-gnu-toolchain-14.3.rel1-x86_64-arm-none-eabi/bin/../lib/gcc/arm-none-eabi/14.3.1/../../../../arm-none-eabi/lib/thumb/v8-m.base/nofp/libc_nano.a(libc_a-stdio.o)
                0x0001d538                __swrite
 .text.__sseek  0x0001d570       0x2c /opt/arm-gnu-toolchain-14.3.rel1-x86_64-arm-none-eabi/bin/../lib/gcc/arm-none-eabi/14.3.1/../../../../arm-none-eabi/lib/thumb/v8-m.base/nofp/libc_nano.a(libc_a-stdio.o)
                0x0001d570                __sseek
 .text.__sclose
                0x0001d59c        0xc /opt/arm-gnu-toolchain-14.3.rel1-x86_64-arm-none-eabi/bin/../lib/gcc/arm-none-eabi/14.3.1/../../../../arm-none-eabi/lib/thumb/v8-m.base/nofp/libc_nano.a(libc_a-stdio.o)
                0x0001d59c                __sclose
 .text.memset   0x0001d5a8       0x10 /opt/arm-gnu-toolchain-14.3.rel1-x86_64-arm-none-eabi/bin/../lib/gcc/arm-none-eabi/14.3.1/../../../../arm-none-eabi/lib/thumb/v8-m.base/nofp/libc_nano.a(libc_a-memset.o)
                0x0001d5a8                memset
 .text._close_r
                0x0001d5b8       0x20 /opt/arm-gnu-toolchain-14.3.rel1-x86_64-arm-none-eabi/bin/../lib/gcc/arm-none-eabi/14.3.1/../../../../arm-none-eabi/lib/thumb/v8-m.base/nofp/libc_nano.a(libc_a-closer.o)
                0x0001d5b8                _close_r
 .text._lseek_r
                0x0001d5d8       0x24 /opt/arm-gnu-toolchain-14.3.rel1-x86_64-arm-none-eabi/bin/../lib/gcc/arm-none-eabi/14.3.1/../../../../arm-none-eabi/lib/thumb/v8-m.base/nofp/libc_nano.a(libc_a-lseekr.o)
                0x0001d5d8                _lseek_r
 .text._read_r  0x0001d5fc       0x24 /opt/arm-gnu-toolchain-14.3.rel1-x86_64-arm-none-eabi/bin/../lib/gcc/arm-none-eabi/14.3.1/../../../../arm-none-eabi/lib/thumb/v8-m.base/nofp/libc_nano.a(libc_a-readr.o)
                0x0001d5fc                _read_r
 .text._write_r
                0x0001d620       0x24 /opt/arm-gnu-toolchain-14.3.rel1-x86_64-arm-none-eabi/bin/../lib/gcc/arm-none-eabi/14.3.1/../../../../arm-none-eabi/lib/thumb/v8-m.base/nofp/libc_nano.a(libc_a-writer.o)
                0x0001d620                _write_r
 .text.__libc_init_array
                0x0001d644       0x50 /opt/arm-gnu-toolchain-14.3.rel1-x86_64-arm-none-eabi/bin/../lib/gcc/arm-none-eabi/14.3.1/../../../../arm-none-eabi/lib/thumb/v8-m.base/nofp/libc_nano.a(libc_a-init.o)
                0x0001d644                __libc_init_array
 .text.__retarget_lock_init_recursive
                0x0001d694        0x2 /opt/arm-gnu-toolchain-14.3.rel1-x86_64-arm-none-eabi/bin/../lib/gcc/arm-none-eabi/14.3.1/../../../../arm-none-eabi/lib/thumb/v8-m.base/nofp/libc_nano.a(libc_a-lock.o)
                0x0001d694                __retarget_lock_init_recursive
 .text.__retarget_lock_acquire_recursive
                0x0001d696        0x2 /opt/arm-gnu-toolchain-14.3.rel1-x86_64-arm-none-eabi/bin/../lib/gcc/arm-none-eabi/14.3.1/../../../../arm-none-eabi/lib/thumb/v8-m.base/nofp/libc_nano.a(libc_a-lock.o)
                0x0001d696                __retarget_lock_acquire_recursive
 .text.__retarget_lock_release_recursive
                0x0001d698        0x2 /opt/arm-gnu-toolchain-14.3.rel1-x86_64-arm-none-eabi/bin/../lib/gcc/arm-none-eabi/14.3.1/../../../../arm-none-eabi/lib/thumb/v8-m.base/nofp/libc_nano.a(libc_a-lock.o)
                0x0001d698                __retarget_lock_release_recursive
 *fill*         0x0001d69a        0x2 
 .text._free_r  0x0001d69c       0x90 /opt/arm-gnu-toolchain-14.3.rel1-x86_64-arm-none-eabi/bin/../lib/gcc/arm-none-eabi/14.3.1/../../../../arm-none-eabi/lib/thumb/v8-m.base/nofp/libc_nano.a(libc_a-freer.o)
                0x0001d69c                _free_r
 .text.sbrk_aligned
                0x0001d72c       0x44 /opt/arm-gnu-toolchain-14.3.rel1-x86_64-arm-none-eabi/bin/../lib/gcc/arm-none-eabi/14.3.1/../../../../arm-none-eabi/lib/thumb/v8-m.base/nofp/libc_nano.a(libc_a-mallocr.o)
 .text._malloc_r
                0x0001d770      0x100 /opt/arm-gnu-toolchain-14.3.rel1-x86_64-arm-none-eabi/bin/../lib/gcc/arm-none-eabi/14.3.1/../../../../arm-none-eabi/lib/thumb/v8-m.base/nofp/libc_nano.a(libc_a-mallocr.o)
                0x0001d770                _malloc_r
 .text.__malloc_lock
                0x0001d870       0x10 /opt/arm-gnu-toolchain-14.3.rel1-x86_64-arm-none-eabi/bin/../lib/gcc/arm-none-eabi/14.3.1/../../../../arm-none-eabi/lib/thumb/v8-m.base/nofp/libc_nano.a(libc_a-mlock.o)
                0x0001d870                __malloc_lock
 .text.__malloc_unlock
                0x0001d880       0x10 /opt/arm-gnu-toolchain-14.3.rel1-x86_64-arm-none-eabi/bin/../lib/gcc/arm-none-eabi/14.3.1/../../../../arm-none-eabi/lib/thumb/v8-m.base/nofp/libc_nano.a(libc_a-mlock.o)
                0x0001d880                __malloc_unlock
 .text.__sflush_r
                0x0001d890      0x10c /opt/arm-gnu-toolchain-14.3.rel1-x86_64-arm-none-eabi/bin/../lib/gcc/arm-none-eabi/14.3.1/../../../../arm-none-eabi/lib/thumb/v8-m.base/nofp/libc_nano.a(libc_a-fflush.o)
                0x0001d890                __sflush_r
 .text._fflush_r
                0x0001d99c       0x50 /opt/arm-gnu-toolchain-14.3.rel1-x86_64-arm-none-eabi/bin/../lib/gcc/arm-none-eabi/14.3.1/../../../../arm-none-eabi/lib/thumb/v8-m.base/nofp/libc_nano.a(libc_a-fflush.o)
                0x0001d99c                _fflush_r
 .text._sbrk_r  0x0001d9ec       0x20 /opt/arm-gnu-toolchain-14.3.rel1-x86_64-arm-none-eabi/bin/../lib/gcc/arm-none-eabi/14.3.1/../../../../arm-none-eabi/lib/thumb/v8-m.base/nofp/libc_nano.a(libc_a-sbrkr.o)
                0x0001d9ec                _sbrk_r
 .text          0x0001da0c       0x64 /home/dwpark/work/spuos-secure-v2/applications/secure/bin/GENERIC_M2354_KPQC/dorsalstream.a(dorsalstream.o)
                0x0001da0c                Reset_Handler
                0x0001da54                ProcessHardFaultx
                0x0001da56                BRAKE0_IRQHandler
                0x0001da56                SC2_IRQHandler
                0x0001da56                CLKFAIL_IRQHandler
                0x0001da56                ACMP01_IRQHandler
                0x0001da56                I2C0_IRQHandler
                0x0001da56                CRPT_IRQHandler
                0x0001da56                SC0_IRQHandler
                0x0001da56                EADC0_IRQHandler
                0x0001da56                USCI0_IRQHandler
                0x0001da56                SysTick_Handler
                0x0001da56                PendSV_Handler
                0x0001da56                NMI_Handler
                0x0001da56                I2C1_IRQHandler
                0x0001da56                EINT2_IRQHandler
                0x0001da56                UART1_IRQHandler
                0x0001da56                EINT3_IRQHandler
                0x0001da56                SCU_IRQHandler
                0x0001da56                I2S0_IRQHandler
                0x0001da56                EINT6_IRQHandler
                0x0001da56                UART0_IRQHandler
                0x0001da56                EPWM0_P0_IRQHandler
                0x0001da56                BRAKE1_IRQHandler
                0x0001da56                GPE_IRQHandler
                0x0001da56                EPWM0_P2_IRQHandler
                0x0001da56                USBD_IRQHandler
                0x0001da56                EPWM1_P1_IRQHandler
                0x0001da56                KS_IRQHandler
                0x0001da56                GPB_IRQHandler
                0x0001da56                SPI1_IRQHandler
                0x0001da56                TAMPER_IRQHandler
                0x0001da56                TMR0_IRQHandler
                0x0001da56                USCI1_IRQHandler
                0x0001da56                SDH0_IRQHandler
                0x0001da56                QSPI0_IRQHandler
                0x0001da56                GPA_IRQHandler
                0x0001da56                IRC_IRQHandler
                0x0001da56                EPWM1_P0_IRQHandler
                0x0001da56                I2C2_IRQHandler
                0x0001da56                PDMA0_IRQHandler
                0x0001da56                EINT7_IRQHandler
                0x0001da56                RTC_IRQHandler
                0x0001da56                PWRWU_IRQHandler
                0x0001da56                LCD_IRQHandler
                0x0001da56                UART5_IRQHandler
                0x0001da56                BPWM1_IRQHandler
                0x0001da56                EINT1_IRQHandler
                0x0001da56                UART2_IRQHandler
                0x0001da56                GPH_IRQHandler
                0x0001da56                UART4_IRQHandler
                0x0001da56                GPC_IRQHandler
                0x0001da56                Default_Handler
                0x0001da56                TMR5_IRQHandler
                0x0001da56                QEI1_IRQHandler
                0x0001da56                TMR2_IRQHandler
                0x0001da56                EPWM0_P1_IRQHandler
                0x0001da56                SRAM_IRQHandler
                0x0001da56                ECAP0_IRQHandler
                0x0001da56                QEI0_IRQHandler
                0x0001da56                BPWM0_IRQHandler
                0x0001da56                BOD_IRQHandler
                0x0001da56                SPI2_IRQHandler
                0x0001da56                EPWM1_P2_IRQHandler
                0x0001da56                EADC2_IRQHandler
                0x0001da56                WDT_IRQHandler
                0x0001da56                SVC_Handler
                0x0001da56                EADC3_IRQHandler
                0x0001da56                USBOTG_IRQHandler
                0x0001da56                OPA0_IRQHandler
                0x0001da56                EWWDT_IRQHandler
                0x0001da56                EINT4_IRQHandler
                0x0001da56                NS_ISP_IRQHandler
                0x0001da56                SC1_IRQHandler
                0x0001da56                TMR4_IRQHandler
                0x0001da56                EINT0_IRQHandler
                0x0001da56                EINT5_IRQHandler
                0x0001da56                GPG_IRQHandler
                0x0001da56                CAN0_IRQHandler
                0x0001da56                PDMA1_IRQHandler
                0x0001da56                TMR3_IRQHandler
                0x0001da56                EADC1_IRQHandler
                0x0001da56                DAC_IRQHandler
                0x0001da56                SPI0_IRQHandler
                0x0001da56                GPD_IRQHandler
                0x0001da56                ECAP1_IRQHandler
                0x0001da56                EWDT_IRQHandler
                0x0001da56                GPF_IRQHandler
                0x0001da56                SPI3_IRQHandler
                0x0001da56                UART3_IRQHandler
                0x0001da56                TMR1_IRQHandler
                0x0001da56                TRNG_IRQHandler
                0x0001da56                WWDT_IRQHandler
                0x0001da56                USBH_IRQHandler
                0x0001da64                __PC
 .text.axiocrypto_pqc_keypair
                0x0001da70       0xf8 /home/dwpark/work/spuos-secure-v2/applications/secure/bin/GENERIC_M2354_KPQC/dorsalstream.a(dorsalstream.o)
                0x0001da70                axiocrypto_pqc_keypair
 .text.axiocrypto_pqc_sign_signature
                0x0001db68       0xa6 /home/dwpark/work/spuos-secure-v2/applications/secure/bin/GENERIC_M2354_KPQC/dorsalstream.a(dorsalstream.o)
                0x0001db68                axiocrypto_pqc_sign_signature
 .text.axiocrypto_pqc_verify
                0x0001dc0e       0xa0 /home/dwpark/work/spuos-secure-v2/applications/secure/bin/GENERIC_M2354_KPQC/dorsalstream.a(dorsalstream.o)
                0x0001dc0e                axiocrypto_pqc_verify
 .text.axiocrypto_pqc_sign
                0x0001dcae       0xd2 /home/dwpark/work/spuos-secure-v2/applications/secure/bin/GENERIC_M2354_KPQC/dorsalstream.a(dorsalstream.o)
                0x0001dcae                axiocrypto_pqc_sign
 .text.axiocrypto_pqc_open
                0x0001dd80       0x9a /home/dwpark/work/spuos-secure-v2/applications/secure/bin/GENERIC_M2354_KPQC/dorsalstream.a(dorsalstream.o)
                0x0001dd80                axiocrypto_pqc_open
 .text.axiocrypto_pqc_encapsulate
                0x0001de1a       0x90 /home/dwpark/work/spuos-secure-v2/applications/secure/bin/GENERIC_M2354_KPQC/dorsalstream.a(dorsalstream.o)
                0x0001de1a                axiocrypto_pqc_encapsulate
 .text.axiocrypto_pqc_decapsulate
                0x0001deaa       0x90 /home/dwpark/work/spuos-secure-v2/applications/secure/bin/GENERIC_M2354_KPQC/dorsalstream.a(dorsalstream.o)
                0x0001deaa                axiocrypto_pqc_decapsulate
 .text.HardFault_Handler
                0x0001df3a        0xe /home/dwpark/work/spuos-secure-v2/applications/secure/bin/GENERIC_M2354_KPQC/dorsalstream.a(dorsalstream.o)
                0x0001df3a                HardFault_Handler
 .text.cpu_msp_set_seal
                0x0001df48       0x14 /home/dwpark/work/spuos-secure-v2/applications/secure/bin/GENERIC_M2354_KPQC/dorsalstream.a(dorsalstream.o)
                0x0001df48                cpu_msp_set_seal
 .text.cpu_init
                0x0001df5c       0xac /home/dwpark/work/spuos-secure-v2/applications/secure/bin/GENERIC_M2354_KPQC/dorsalstream.a(dorsalstream.o)
                0x0001df5c                cpu_init
 .text.cpu_msp_check_seal
                0x0001e008       0x30 /home/dwpark/work/spuos-secure-v2/applications/secure/bin/GENERIC_M2354_KPQC/dorsalstream.a(dorsalstream.o)
                0x0001e008                cpu_msp_check_seal
 .text.nsc_dispatcher
                0x0001e038      0xd20 /home/dwpark/work/spuos-secure-v2/applications/secure/bin/GENERIC_M2354_KPQC/dorsalstream.a(dorsalstream.o)
                0x0001e038                __acle_se_nsc_dispatcher
 .text.QSPI_IO32.isra.0
                0x0001ed58       0x48 /home/dwpark/work/spuos-secure-v2/applications/secure/bin/GENERIC_M2354_KPQC/dorsalstream.a(dorsalstream.o)
 .text.QSPI_IO16.isra.0
                0x0001eda0       0x48 /home/dwpark/work/spuos-secure-v2/applications/secure/bin/GENERIC_M2354_KPQC/dorsalstream.a(dorsalstream.o)
 .text.QSPI_IO8.isra.0
                0x0001ede8       0x40 /home/dwpark/work/spuos-secure-v2/applications/secure/bin/GENERIC_M2354_KPQC/dorsalstream.a(dorsalstream.o)
 .text.SPI_IO32.isra.0
                0x0001ee28       0x48 /home/dwpark/work/spuos-secure-v2/applications/secure/bin/GENERIC_M2354_KPQC/dorsalstream.a(dorsalstream.o)
 .text.SPI_IO16.isra.0
                0x0001ee70       0x48 /home/dwpark/work/spuos-secure-v2/applications/secure/bin/GENERIC_M2354_KPQC/dorsalstream.a(dorsalstream.o)
 .text.SPI_IO8.isra.0
                0x0001eeb8       0x40 /home/dwpark/work/spuos-secure-v2/applications/secure/bin/GENERIC_M2354_KPQC/dorsalstream.a(dorsalstream.o)
 .text.uart_init
                0x0001eef8       0xa4 /home/dwpark/work/spuos-secure-v2/applications/secure/bin/GENERIC_M2354_KPQC/dorsalstream.a(dorsalstream.o)
                0x0001eef8                uart_init
 .text.uart_write
                0x0001ef9c       0x2c /home/dwpark/work/spuos-secure-v2/applications/secure/bin/GENERIC_M2354_KPQC/dorsalstream.a(dorsalstream.o)
                0x0001ef9c                uart_write
 .text.timer_init
                0x0001efc8       0x4c /home/dwpark/work/spuos-secure-v2/applications/secure/bin/GENERIC_M2354_KPQC/dorsalstream.a(dorsalstream.o)
                0x0001efc8                timer_init
 .text.timer_start
                0x0001f014       0x90 /home/dwpark/work/spuos-secure-v2/applications/secure/bin/GENERIC_M2354_KPQC/dorsalstream.a(dorsalstream.o)
                0x0001f014                timer_start
 .text.trng_random
                0x0001f0a4       0x3e /home/dwpark/work/spuos-secure-v2/applications/secure/bin/GENERIC_M2354_KPQC/dorsalstream.a(dorsalstream.o)
                0x0001f0a4                trng_random
 *fill*         0x0001f0e2        0x2 
 .text.gpio_init
                0x0001f0e4       0x60 /home/dwpark/work/spuos-secure-v2/applications/secure/bin/GENERIC_M2354_KPQC/dorsalstream.a(dorsalstream.o)
                0x0001f0e4                gpio_init
 .text.spi_init
                0x0001f144      0x224 /home/dwpark/work/spuos-secure-v2/applications/secure/bin/GENERIC_M2354_KPQC/dorsalstream.a(dorsalstream.o)
                0x0001f144                spi_init
 .text.spi_acquire
                0x0001f368       0x84 /home/dwpark/work/spuos-secure-v2/applications/secure/bin/GENERIC_M2354_KPQC/dorsalstream.a(dorsalstream.o)
                0x0001f368                spi_acquire
 .text.spi_release
                0x0001f3ec       0x50 /home/dwpark/work/spuos-secure-v2/applications/secure/bin/GENERIC_M2354_KPQC/dorsalstream.a(dorsalstream.o)
                0x0001f3ec                spi_release
 .text.spi_transfer_bytes
                0x0001f43c      0x18c /home/dwpark/work/spuos-secure-v2/applications/secure/bin/GENERIC_M2354_KPQC/dorsalstream.a(dorsalstream.o)
                0x0001f43c                spi_transfer_bytes
 .text.systick_config
                0x0001f5c8       0x44 /home/dwpark/work/spuos-secure-v2/applications/secure/bin/GENERIC_M2354_KPQC/dorsalstream.a(dorsalstream.o)
                0x0001f5c8                systick_config
 .text.flash_erase
                0x0001f60c       0xec /home/dwpark/work/spuos-secure-v2/applications/secure/bin/GENERIC_M2354_KPQC/dorsalstream.a(dorsalstream.o)
                0x0001f60c                flash_erase
 .text.flash_read
                0x0001f6f8       0xd4 /home/dwpark/work/spuos-secure-v2/applications/secure/bin/GENERIC_M2354_KPQC/dorsalstream.a(dorsalstream.o)
                0x0001f6f8                flash_read
 .text.flash_write
                0x0001f7cc      0x148 /home/dwpark/work/spuos-secure-v2/applications/secure/bin/GENERIC_M2354_KPQC/dorsalstream.a(dorsalstream.o)
                0x0001f7cc                flash_write
 .text.rng_get  0x0001f914       0x28 /home/dwpark/work/spuos-secure-v2/applications/secure/bin/GENERIC_M2354_KPQC/dorsalstream.a(dorsalstream.o)
                0x0001f914                rng_get
 .text.TAMPER_IOSEL_RTC
                0x0001f93c       0x2c /home/dwpark/work/spuos-secure-v2/applications/secure/bin/GENERIC_M2354_KPQC/dorsalstream.a(dorsalstream.o)
 .text.get_tamper_int_mask
                0x0001f968       0x3e /home/dwpark/work/spuos-secure-v2/applications/secure/bin/GENERIC_M2354_KPQC/dorsalstream.a(dorsalstream.o)
 *fill*         0x0001f9a6        0x2 
 .text.wdt_isr  0x0001f9a8       0x1c /home/dwpark/work/spuos-secure-v2/applications/secure/bin/GENERIC_M2354_KPQC/dorsalstream.a(dorsalstream.o)
 .text.ProcessHardFault
                0x0001f9c4       0xbc /home/dwpark/work/spuos-secure-v2/applications/secure/bin/GENERIC_M2354_KPQC/dorsalstream.a(dorsalstream.o)
                0x0001f9c4                ProcessHardFault
 .text.hardfault_set_mode
                0x0001fa80        0xc /home/dwpark/work/spuos-secure-v2/applications/secure/bin/GENERIC_M2354_KPQC/dorsalstream.a(dorsalstream.o)
                0x0001fa80                hardfault_set_mode
 .text.hardfault_set_func
                0x0001fa8c        0xc /home/dwpark/work/spuos-secure-v2/applications/secure/bin/GENERIC_M2354_KPQC/dorsalstream.a(dorsalstream.o)
                0x0001fa8c                hardfault_set_func
 .text.hardfault_get_mode
                0x0001fa98        0xc /home/dwpark/work/spuos-secure-v2/applications/secure/bin/GENERIC_M2354_KPQC/dorsalstream.a(dorsalstream.o)
                0x0001fa98                hardfault_get_mode
 .text.rtc_set_clock
                0x0001faa4       0x12 /home/dwpark/work/spuos-secure-v2/applications/secure/bin/GENERIC_M2354_KPQC/dorsalstream.a(dorsalstream.o)
                0x0001faa4                rtc_set_clock
 *fill*         0x0001fab6        0x2 
 .text.rtc_get  0x0001fab8       0x44 /home/dwpark/work/spuos-secure-v2/applications/secure/bin/GENERIC_M2354_KPQC/dorsalstream.a(dorsalstream.o)
                0x0001fab8                rtc_get
 .text.rtc_set  0x0001fafc       0x3a /home/dwpark/work/spuos-secure-v2/applications/secure/bin/GENERIC_M2354_KPQC/dorsalstream.a(dorsalstream.o)
                0x0001fafc                rtc_set
 *fill*         0x0001fb36        0x2 
 .text.rtc_init
                0x0001fb38       0x1c /home/dwpark/work/spuos-secure-v2/applications/secure/bin/GENERIC_M2354_KPQC/dorsalstream.a(dorsalstream.o)
                0x0001fb38                rtc_init
 .text.SYS_ResetModule_S
                0x0001fb54        0xa /home/dwpark/work/spuos-secure-v2/applications/secure/bin/GENERIC_M2354_KPQC/dorsalstream.a(dorsalstream.o)
                0x0001fb54                SYS_ResetModule_S
 .text.CLK_SetModuleClock_S
                0x0001fb5e        0xa /home/dwpark/work/spuos-secure-v2/applications/secure/bin/GENERIC_M2354_KPQC/dorsalstream.a(dorsalstream.o)
                0x0001fb5e                CLK_SetModuleClock_S
 .text.CLK_EnableModuleClock_S
                0x0001fb68        0xa /home/dwpark/work/spuos-secure-v2/applications/secure/bin/GENERIC_M2354_KPQC/dorsalstream.a(dorsalstream.o)
                0x0001fb68                CLK_EnableModuleClock_S
 .text.CLK_DisableModuleClock_S
                0x0001fb72        0xa /home/dwpark/work/spuos-secure-v2/applications/secure/bin/GENERIC_M2354_KPQC/dorsalstream.a(dorsalstream.o)
                0x0001fb72                CLK_DisableModuleClock_S
 .text.pin_function_s
                0x0001fb7c       0x50 /home/dwpark/work/spuos-secure-v2/applications/secure/bin/GENERIC_M2354_KPQC/dorsalstream.a(dorsalstream.o)
                0x0001fb7c                pin_function_s
 .text.reset_chip
                0x0001fbcc        0x8 /home/dwpark/work/spuos-secure-v2/applications/secure/bin/GENERIC_M2354_KPQC/dorsalstream.a(dorsalstream.o)
                0x0001fbcc                reset_chip
 .text.pm_get_wakeup
                0x0001fbd4       0xb0 /home/dwpark/work/spuos-secure-v2/applications/secure/bin/GENERIC_M2354_KPQC/dorsalstream.a(dorsalstream.o)
                0x0001fbd4                pm_get_wakeup
 .text.pm_set_env
                0x0001fc84      0x200 /home/dwpark/work/spuos-secure-v2/applications/secure/bin/GENERIC_M2354_KPQC/dorsalstream.a(dorsalstream.o)
                0x0001fc84                pm_set_env
 .text.pm_powerdown
                0x0001fe84        0xe /home/dwpark/work/spuos-secure-v2/applications/secure/bin/GENERIC_M2354_KPQC/dorsalstream.a(dorsalstream.o)
                0x0001fe84                pm_powerdown
 *fill*         0x0001fe92        0x2 
 .text.pm_set_wakeup_pin
                0x0001fe94       0x74 /home/dwpark/work/spuos-secure-v2/applications/secure/bin/GENERIC_M2354_KPQC/dorsalstream.a(dorsalstream.o)
                0x0001fe94                pm_set_wakeup_pin
 .text.pm_set_wakeup_rtc
                0x0001ff08       0xc0 /home/dwpark/work/spuos-secure-v2/applications/secure/bin/GENERIC_M2354_KPQC/dorsalstream.a(dorsalstream.o)
                0x0001ff08                pm_set_wakeup_rtc
 .text.scr_lock
                0x0001ffc8       0x20 /home/dwpark/work/spuos-secure-v2/applications/secure/bin/GENERIC_M2354_KPQC/dorsalstream.a(dorsalstream.o)
                0x0001ffc8                scr_lock
 .text.scr_is_lock
                0x0001ffe8       0x2c /home/dwpark/work/spuos-secure-v2/applications/secure/bin/GENERIC_M2354_KPQC/dorsalstream.a(dorsalstream.o)
                0x0001ffe8                scr_is_lock
 .text.usb_select_mode_s
                0x00020014       0x20 /home/dwpark/work/spuos-secure-v2/applications/secure/bin/GENERIC_M2354_KPQC/dorsalstream.a(dorsalstream.o)
                0x00020014                usb_select_mode_s
 .text.CLK_DisableCKO_S
                0x00020034        0xa /home/dwpark/work/spuos-secure-v2/applications/secure/bin/GENERIC_M2354_KPQC/dorsalstream.a(dorsalstream.o)
                0x00020034                CLK_DisableCKO_S
 .text.CLK_EnableCKO_S
                0x0002003e        0xa /home/dwpark/work/spuos-secure-v2/applications/secure/bin/GENERIC_M2354_KPQC/dorsalstream.a(dorsalstream.o)
                0x0002003e                CLK_EnableCKO_S
 .text.CLK_PowerDown_S
                0x00020048        0xa /home/dwpark/work/spuos-secure-v2/applications/secure/bin/GENERIC_M2354_KPQC/dorsalstream.a(dorsalstream.o)
                0x00020048                CLK_PowerDown_S
 .text.CLK_Idle_S
                0x00020052        0xa /home/dwpark/work/spuos-secure-v2/applications/secure/bin/GENERIC_M2354_KPQC/dorsalstream.a(dorsalstream.o)
                0x00020052                CLK_Idle_S
 .text.CLK_SetCoreClock_S
                0x0002005c       0x14 /home/dwpark/work/spuos-secure-v2/applications/secure/bin/GENERIC_M2354_KPQC/dorsalstream.a(dorsalstream.o)
                0x0002005c                CLK_SetCoreClock_S
 .text.CLK_SetHCLK_S
                0x00020070        0xa /home/dwpark/work/spuos-secure-v2/applications/secure/bin/GENERIC_M2354_KPQC/dorsalstream.a(dorsalstream.o)
                0x00020070                CLK_SetHCLK_S
 .text.CLK_SetSysTickClockSrc_S
                0x0002007a        0xa /home/dwpark/work/spuos-secure-v2/applications/secure/bin/GENERIC_M2354_KPQC/dorsalstream.a(dorsalstream.o)
                0x0002007a                CLK_SetSysTickClockSrc_S
 .text.CLK_EnableXtalRC_S
                0x00020084        0xa /home/dwpark/work/spuos-secure-v2/applications/secure/bin/GENERIC_M2354_KPQC/dorsalstream.a(dorsalstream.o)
                0x00020084                CLK_EnableXtalRC_S
 .text.CLK_DisableXtalRC_S
                0x0002008e        0xa /home/dwpark/work/spuos-secure-v2/applications/secure/bin/GENERIC_M2354_KPQC/dorsalstream.a(dorsalstream.o)
                0x0002008e                CLK_DisableXtalRC_S
 .text.CLK_EnablePLL_S
                0x00020098       0x14 /home/dwpark/work/spuos-secure-v2/applications/secure/bin/GENERIC_M2354_KPQC/dorsalstream.a(dorsalstream.o)
                0x00020098                CLK_EnablePLL_S
 .text.CLK_DisablePLL_S
                0x000200ac        0xa /home/dwpark/work/spuos-secure-v2/applications/secure/bin/GENERIC_M2354_KPQC/dorsalstream.a(dorsalstream.o)
                0x000200ac                CLK_DisablePLL_S
 .text.CLK_WaitClockReady_S
                0x000200b6       0x14 /home/dwpark/work/spuos-secure-v2/applications/secure/bin/GENERIC_M2354_KPQC/dorsalstream.a(dorsalstream.o)
                0x000200b6                CLK_WaitClockReady_S
 .text.CLK_EnableSysTick_S
                0x000200ca        0xa /home/dwpark/work/spuos-secure-v2/applications/secure/bin/GENERIC_M2354_KPQC/dorsalstream.a(dorsalstream.o)
                0x000200ca                CLK_EnableSysTick_S
 .text.CLK_DisableSysTick_S
                0x000200d4        0xa /home/dwpark/work/spuos-secure-v2/applications/secure/bin/GENERIC_M2354_KPQC/dorsalstream.a(dorsalstream.o)
                0x000200d4                CLK_DisableSysTick_S
 .text.CLK_SetPowerDownMode_S
                0x000200de        0xa /home/dwpark/work/spuos-secure-v2/applications/secure/bin/GENERIC_M2354_KPQC/dorsalstream.a(dorsalstream.o)
                0x000200de                CLK_SetPowerDownMode_S
 .text.CLK_EnableDPDWKPin_S
                0x000200e8        0xa /home/dwpark/work/spuos-secure-v2/applications/secure/bin/GENERIC_M2354_KPQC/dorsalstream.a(dorsalstream.o)
                0x000200e8                CLK_EnableDPDWKPin_S
 .text.CLK_GetPMUWKSrc_S
                0x000200f2       0x12 /home/dwpark/work/spuos-secure-v2/applications/secure/bin/GENERIC_M2354_KPQC/dorsalstream.a(dorsalstream.o)
                0x000200f2                CLK_GetPMUWKSrc_S
 .text.CLK_EnableSPDWKPin_S
                0x00020104        0xa /home/dwpark/work/spuos-secure-v2/applications/secure/bin/GENERIC_M2354_KPQC/dorsalstream.a(dorsalstream.o)
                0x00020104                CLK_EnableSPDWKPin_S
 *fill*         0x0002010e        0x2 
 .text.CLK_ENABLE_RTCWK_S
                0x00020110       0x2c /home/dwpark/work/spuos-secure-v2/applications/secure/bin/GENERIC_M2354_KPQC/dorsalstream.a(dorsalstream.o)
                0x00020110                CLK_ENABLE_RTCWK_S
 .text.CLK_DISABLE_RTCWK_S
                0x0002013c       0x2c /home/dwpark/work/spuos-secure-v2/applications/secure/bin/GENERIC_M2354_KPQC/dorsalstream.a(dorsalstream.o)
                0x0002013c                CLK_DISABLE_RTCWK_S
 .text.SYS_ClearResetSrc_S
                0x00020168        0xa /home/dwpark/work/spuos-secure-v2/applications/secure/bin/GENERIC_M2354_KPQC/dorsalstream.a(dorsalstream.o)
                0x00020168                SYS_ClearResetSrc_S
 .text.SYS_GetBODStatus_S
                0x00020172       0x12 /home/dwpark/work/spuos-secure-v2/applications/secure/bin/GENERIC_M2354_KPQC/dorsalstream.a(dorsalstream.o)
                0x00020172                SYS_GetBODStatus_S
 .text.SYS_GetResetSrc_S
                0x00020184       0x12 /home/dwpark/work/spuos-secure-v2/applications/secure/bin/GENERIC_M2354_KPQC/dorsalstream.a(dorsalstream.o)
                0x00020184                SYS_GetResetSrc_S
 .text.SYS_IsRegLocked_S
                0x00020196       0x12 /home/dwpark/work/spuos-secure-v2/applications/secure/bin/GENERIC_M2354_KPQC/dorsalstream.a(dorsalstream.o)
                0x00020196                SYS_IsRegLocked_S
 .text.SYS_ReadPDID_S
                0x000201a8       0x12 /home/dwpark/work/spuos-secure-v2/applications/secure/bin/GENERIC_M2354_KPQC/dorsalstream.a(dorsalstream.o)
                0x000201a8                SYS_ReadPDID_S
 .text.SYS_SetPowerLevel_S
                0x000201ba        0xa /home/dwpark/work/spuos-secure-v2/applications/secure/bin/GENERIC_M2354_KPQC/dorsalstream.a(dorsalstream.o)
                0x000201ba                SYS_SetPowerLevel_S
 .text.SYS_SetPowerRegulator_S
                0x000201c4       0x14 /home/dwpark/work/spuos-secure-v2/applications/secure/bin/GENERIC_M2354_KPQC/dorsalstream.a(dorsalstream.o)
                0x000201c4                SYS_SetPowerRegulator_S
 .text.SYS_SetSSRAMPowerMode_S
                0x000201d8        0xa /home/dwpark/work/spuos-secure-v2/applications/secure/bin/GENERIC_M2354_KPQC/dorsalstream.a(dorsalstream.o)
                0x000201d8                SYS_SetSSRAMPowerMode_S
 .text.SYS_SetPSRAMPowerMode_S
                0x000201e2        0xa /home/dwpark/work/spuos-secure-v2/applications/secure/bin/GENERIC_M2354_KPQC/dorsalstream.a(dorsalstream.o)
                0x000201e2                SYS_SetPSRAMPowerMode_S
 .text.SYS_SetVRef_S
                0x000201ec        0xa /home/dwpark/work/spuos-secure-v2/applications/secure/bin/GENERIC_M2354_KPQC/dorsalstream.a(dorsalstream.o)
                0x000201ec                SYS_SetVRef_S
 .text.RTC_SetClockSource_S
                0x000201f6       0x14 /home/dwpark/work/spuos-secure-v2/applications/secure/bin/GENERIC_M2354_KPQC/dorsalstream.a(dorsalstream.o)
                0x000201f6                RTC_SetClockSource_S
 .text.RTC_EnableSpareAccess_S
                0x0002020a        0xa /home/dwpark/work/spuos-secure-v2/applications/secure/bin/GENERIC_M2354_KPQC/dorsalstream.a(dorsalstream.o)
                0x0002020a                RTC_EnableSpareAccess_S
 .text.RTC_DynamicTamperEnable_S
                0x00020214        0xa /home/dwpark/work/spuos-secure-v2/applications/secure/bin/GENERIC_M2354_KPQC/dorsalstream.a(dorsalstream.o)
                0x00020214                RTC_DynamicTamperEnable_S
 .text.RTC_DynamicTamperConfig_S
                0x0002021e        0xa /home/dwpark/work/spuos-secure-v2/applications/secure/bin/GENERIC_M2354_KPQC/dorsalstream.a(dorsalstream.o)
                0x0002021e                RTC_DynamicTamperConfig_S
 .text.RTC_EnableInt_S
                0x00020228        0xa /home/dwpark/work/spuos-secure-v2/applications/secure/bin/GENERIC_M2354_KPQC/dorsalstream.a(dorsalstream.o)
                0x00020228                RTC_EnableInt_S
 .text.RTC_SetGPIOMode_S
                0x00020232        0xe /home/dwpark/work/spuos-secure-v2/applications/secure/bin/GENERIC_M2354_KPQC/dorsalstream.a(dorsalstream.o)
                0x00020232                RTC_SetGPIOMode_S
 .text.RTC_WRITE_SPARE_REGISTER_S
                0x00020240       0x10 /home/dwpark/work/spuos-secure-v2/applications/secure/bin/GENERIC_M2354_KPQC/dorsalstream.a(dorsalstream.o)
                0x00020240                RTC_WRITE_SPARE_REGISTER_S
 .text.RTC_READ_SPARE_REGISTER_S
                0x00020250       0x10 /home/dwpark/work/spuos-secure-v2/applications/secure/bin/GENERIC_M2354_KPQC/dorsalstream.a(dorsalstream.o)
                0x00020250                RTC_READ_SPARE_REGISTER_S
 .text.RTC_GET_TAMPER_INT_FLAG_S
                0x00020260       0x14 /home/dwpark/work/spuos-secure-v2/applications/secure/bin/GENERIC_M2354_KPQC/dorsalstream.a(dorsalstream.o)
                0x00020260                RTC_GET_TAMPER_INT_FLAG_S
 .text.RTC_CLEAR_TAMPER_INT_FLAG_S
                0x00020274        0xc /home/dwpark/work/spuos-secure-v2/applications/secure/bin/GENERIC_M2354_KPQC/dorsalstream.a(dorsalstream.o)
                0x00020274                RTC_CLEAR_TAMPER_INT_FLAG_S
 .text.TAMPER_IOSEL_RTC_S
                0x00020280        0xa /home/dwpark/work/spuos-secure-v2/applications/secure/bin/GENERIC_M2354_KPQC/dorsalstream.a(dorsalstream.o)
                0x00020280                TAMPER_IOSEL_RTC_S
 *fill*         0x0002028a        0x2 
 .text.tamper_set_env
                0x0002028c       0x38 /home/dwpark/work/spuos-secure-v2/applications/secure/bin/GENERIC_M2354_KPQC/dorsalstream.a(dorsalstream.o)
                0x0002028c                tamper_set_env
 .text.tamper_init
                0x000202c4       0xd4 /home/dwpark/work/spuos-secure-v2/applications/secure/bin/GENERIC_M2354_KPQC/dorsalstream.a(dorsalstream.o)
                0x000202c4                tamper_init
 .text.tamper_get_interrupt_flag
                0x00020398        0xc /home/dwpark/work/spuos-secure-v2/applications/secure/bin/GENERIC_M2354_KPQC/dorsalstream.a(dorsalstream.o)
                0x00020398                tamper_get_interrupt_flag
 .text.RTC_TAMPER_IRQHandler
                0x000203a4       0x4c /home/dwpark/work/spuos-secure-v2/applications/secure/bin/GENERIC_M2354_KPQC/dorsalstream.a(dorsalstream.o)
                0x000203a4                RTC_TAMPER_IRQHandler
 .text.tamper_handler_set_func
                0x000203f0        0xc /home/dwpark/work/spuos-secure-v2/applications/secure/bin/GENERIC_M2354_KPQC/dorsalstream.a(dorsalstream.o)
                0x000203f0                tamper_handler_set_func
 .text.setRegister_S
                0x000203fc        0x6 /home/dwpark/work/spuos-secure-v2/applications/secure/bin/GENERIC_M2354_KPQC/dorsalstream.a(dorsalstream.o)
                0x000203fc                setRegister_S
 .text.getRegister_S
                0x00020402        0xe /home/dwpark/work/spuos-secure-v2/applications/secure/bin/GENERIC_M2354_KPQC/dorsalstream.a(dorsalstream.o)
                0x00020402                getRegister_S
 .text.setTemperatureEnable_S
                0x00020410       0x10 /home/dwpark/work/spuos-secure-v2/applications/secure/bin/GENERIC_M2354_KPQC/dorsalstream.a(dorsalstream.o)
                0x00020410                setTemperatureEnable_S
 .text.mcu_wdt_init
                0x00020420       0x40 /home/dwpark/work/spuos-secure-v2/applications/secure/bin/GENERIC_M2354_KPQC/dorsalstream.a(dorsalstream.o)
                0x00020420                mcu_wdt_init
 .text.mcu_wdt_fini
                0x00020460       0x28 /home/dwpark/work/spuos-secure-v2/applications/secure/bin/GENERIC_M2354_KPQC/dorsalstream.a(dorsalstream.o)
                0x00020460                mcu_wdt_fini
 .text.secureboot_status
                0x00020488       0x20 /home/dwpark/work/spuos-secure-v2/applications/secure/bin/GENERIC_M2354_KPQC/dorsalstream.a(dorsalstream.o)
                0x00020488                secureboot_status
 .text.secureboot_enable
                0x000204a8       0x9c /home/dwpark/work/spuos-secure-v2/applications/secure/bin/GENERIC_M2354_KPQC/dorsalstream.a(dorsalstream.o)
                0x000204a8                secureboot_enable
 .text.find_pin_af
                0x00020544       0x1e /home/dwpark/work/spuos-secure-v2/applications/secure/bin/GENERIC_M2354_KPQC/dorsalstream.a(dorsalstream.o)
                0x00020544                find_pin_af
 .text.find_mod_desc
                0x00020562       0x14 /home/dwpark/work/spuos-secure-v2/applications/secure/bin/GENERIC_M2354_KPQC/dorsalstream.a(dorsalstream.o)
                0x00020562                find_mod_desc
 *fill*         0x00020576        0x2 
 .text.uart_stdout_init
                0x00020578       0x14 /home/dwpark/work/spuos-secure-v2/applications/secure/bin/GENERIC_M2354_KPQC/dorsalstream.a(dorsalstream.o)
                0x00020578                uart_stdout_init
 .text.uart_stdio_write
                0x0002058c       0x14 /home/dwpark/work/spuos-secure-v2/applications/secure/bin/GENERIC_M2354_KPQC/dorsalstream.a(dorsalstream.o)
                0x0002058c                uart_stdio_write
 .text.spi_nor_lock
                0x000205a0       0x18 /home/dwpark/work/spuos-secure-v2/applications/secure/bin/GENERIC_M2354_KPQC/dorsalstream.a(dorsalstream.o)
 .text.spi_nor_unlock
                0x000205b8       0x18 /home/dwpark/work/spuos-secure-v2/applications/secure/bin/GENERIC_M2354_KPQC/dorsalstream.a(dorsalstream.o)
 .text.spi_nor_is_locked
                0x000205d0       0x18 /home/dwpark/work/spuos-secure-v2/applications/secure/bin/GENERIC_M2354_KPQC/dorsalstream.a(dorsalstream.o)
 .text.spi_nor_read
                0x000205e8       0x4e /home/dwpark/work/spuos-secure-v2/applications/secure/bin/GENERIC_M2354_KPQC/dorsalstream.a(dorsalstream.o)
 .text.spi_nor_wait_till_ready_with_timeout
                0x00020636       0xbe /home/dwpark/work/spuos-secure-v2/applications/secure/bin/GENERIC_M2354_KPQC/dorsalstream.a(dorsalstream.o)
 .text._spi_nor_write
                0x000206f4       0x7a /home/dwpark/work/spuos-secure-v2/applications/secure/bin/GENERIC_M2354_KPQC/dorsalstream.a(dorsalstream.o)
 .text._spi_nor_read
                0x0002076e       0x76 /home/dwpark/work/spuos-secure-v2/applications/secure/bin/GENERIC_M2354_KPQC/dorsalstream.a(dorsalstream.o)
 .text._spi_nor_write_reg
                0x000207e4       0x5e /home/dwpark/work/spuos-secure-v2/applications/secure/bin/GENERIC_M2354_KPQC/dorsalstream.a(dorsalstream.o)
 .text._spi_nor_read_reg
                0x00020842       0x50 /home/dwpark/work/spuos-secure-v2/applications/secure/bin/GENERIC_M2354_KPQC/dorsalstream.a(dorsalstream.o)
 .text.write_enable.isra.0
                0x00020892       0x12 /home/dwpark/work/spuos-secure-v2/applications/secure/bin/GENERIC_M2354_KPQC/dorsalstream.a(dorsalstream.o)
 .text.spi_nor_write
                0x000208a4       0x80 /home/dwpark/work/spuos-secure-v2/applications/secure/bin/GENERIC_M2354_KPQC/dorsalstream.a(dorsalstream.o)
 .text.spi_nor_init
                0x00020924      0x14c /home/dwpark/work/spuos-secure-v2/applications/secure/bin/GENERIC_M2354_KPQC/dorsalstream.a(dorsalstream.o)
 .text.spi_nor_erase
                0x00020a70       0xde /home/dwpark/work/spuos-secure-v2/applications/secure/bin/GENERIC_M2354_KPQC/dorsalstream.a(dorsalstream.o)
 *fill*         0x00020b4e        0x2 
 .text.systick_isr
                0x00020b50       0x10 /home/dwpark/work/spuos-secure-v2/applications/secure/bin/GENERIC_M2354_KPQC/dorsalstream.a(dorsalstream.o)
 .text.get_systick
                0x00020b60        0xc /home/dwpark/work/spuos-secure-v2/applications/secure/bin/GENERIC_M2354_KPQC/dorsalstream.a(dorsalstream.o)
                0x00020b60                get_systick
 .text.systick_diff
                0x00020b6c        0xe /home/dwpark/work/spuos-secure-v2/applications/secure/bin/GENERIC_M2354_KPQC/dorsalstream.a(dorsalstream.o)
                0x00020b6c                systick_diff
 *fill*         0x00020b7a        0x2 
 .text.systick_delay
                0x00020b7c       0x20 /home/dwpark/work/spuos-secure-v2/applications/secure/bin/GENERIC_M2354_KPQC/dorsalstream.a(dorsalstream.o)
                0x00020b7c                systick_delay
 .text.systick_init
                0x00020b9c       0x10 /home/dwpark/work/spuos-secure-v2/applications/secure/bin/GENERIC_M2354_KPQC/dorsalstream.a(dorsalstream.o)
                0x00020b9c                systick_init
 .text._mtd_erase
                0x00020bac       0x1c /home/dwpark/work/spuos-secure-v2/applications/secure/bin/GENERIC_M2354_KPQC/dorsalstream.a(dorsalstream.o)
 .text._mtd_write
                0x00020bc8       0x18 /home/dwpark/work/spuos-secure-v2/applications/secure/bin/GENERIC_M2354_KPQC/dorsalstream.a(dorsalstream.o)
 .text._mtd_read
                0x00020be0       0x18 /home/dwpark/work/spuos-secure-v2/applications/secure/bin/GENERIC_M2354_KPQC/dorsalstream.a(dorsalstream.o)
 .text.region_read_image
                0x00020bf8       0x20 /home/dwpark/work/spuos-secure-v2/applications/secure/bin/GENERIC_M2354_KPQC/dorsalstream.a(dorsalstream.o)
                0x00020bf8                region_read_image
 .text.region_erase_image
                0x00020c18       0x1e /home/dwpark/work/spuos-secure-v2/applications/secure/bin/GENERIC_M2354_KPQC/dorsalstream.a(dorsalstream.o)
                0x00020c18                region_erase_image
 .text.region_write_image
                0x00020c36       0x20 /home/dwpark/work/spuos-secure-v2/applications/secure/bin/GENERIC_M2354_KPQC/dorsalstream.a(dorsalstream.o)
                0x00020c36                region_write_image
 *fill*         0x00020c56        0x2 
 .text.abm_config_load
                0x00020c58       0x54 /home/dwpark/work/spuos-secure-v2/applications/secure/bin/GENERIC_M2354_KPQC/dorsalstream.a(dorsalstream.o)
                0x00020c58                abm_config_load
 .text.abm_config_save
                0x00020cac       0x48 /home/dwpark/work/spuos-secure-v2/applications/secure/bin/GENERIC_M2354_KPQC/dorsalstream.a(dorsalstream.o)
                0x00020cac                abm_config_save
 .text._putchar
                0x00020cf4       0x12 /home/dwpark/work/spuos-secure-v2/applications/secure/bin/GENERIC_M2354_KPQC/dorsalstream.a(dorsalstream.o)
                0x00020cf4                _putchar
 .text._out_null
                0x00020d06        0x2 /home/dwpark/work/spuos-secure-v2/applications/secure/bin/GENERIC_M2354_KPQC/dorsalstream.a(dorsalstream.o)
 .text._ntoa_long
                0x00020d08      0x1a8 /home/dwpark/work/spuos-secure-v2/applications/secure/bin/GENERIC_M2354_KPQC/dorsalstream.a(dorsalstream.o)
 .text._out_char
                0x00020eb0        0xa /home/dwpark/work/spuos-secure-v2/applications/secure/bin/GENERIC_M2354_KPQC/dorsalstream.a(dorsalstream.o)
 *fill*         0x00020eba        0x2 
 .text._vsnprintf
                0x00020ebc      0x414 /home/dwpark/work/spuos-secure-v2/applications/secure/bin/GENERIC_M2354_KPQC/dorsalstream.a(dorsalstream.o)
 .text.printf_  0x000212d0       0x24 /home/dwpark/work/spuos-secure-v2/applications/secure/bin/GENERIC_M2354_KPQC/dorsalstream.a(dorsalstream.o)
                0x000212d0                printf_
 .text.br_range_dec32le
                0x000212f4       0x28 /home/dwpark/work/spuos-secure-v2/applications/secure/bin/GENERIC_M2354_KPQC/dorsalstream.a(dorsalstream.o)
 .text.br_aes_ct64_bitslice_Sbox
                0x0002131c      0x524 /home/dwpark/work/spuos-secure-v2/applications/secure/bin/GENERIC_M2354_KPQC/dorsalstream.a(dorsalstream.o)
 .text.br_aes_ct64_ortho
                0x00021840      0x390 /home/dwpark/work/spuos-secure-v2/applications/secure/bin/GENERIC_M2354_KPQC/dorsalstream.a(dorsalstream.o)
 .text.br_aes_ct64_interleave_in
                0x00021bd0       0x94 /home/dwpark/work/spuos-secure-v2/applications/secure/bin/GENERIC_M2354_KPQC/dorsalstream.a(dorsalstream.o)
 .text.br_aes_ct64_skey_expand
                0x00021c64       0xe4 /home/dwpark/work/spuos-secure-v2/applications/secure/bin/GENERIC_M2354_KPQC/dorsalstream.a(dorsalstream.o)
 .text.shift_rows
                0x00021d48       0x60 /home/dwpark/work/spuos-secure-v2/applications/secure/bin/GENERIC_M2354_KPQC/dorsalstream.a(dorsalstream.o)
 .text.sub_word
                0x00021da8       0x2e /home/dwpark/work/spuos-secure-v2/applications/secure/bin/GENERIC_M2354_KPQC/dorsalstream.a(dorsalstream.o)
 *fill*         0x00021dd6        0x2 
 .text.br_aes_ct64_keysched
                0x00021dd8      0x174 /home/dwpark/work/spuos-secure-v2/applications/secure/bin/GENERIC_M2354_KPQC/dorsalstream.a(dorsalstream.o)
 .text.aes_ecb4x
                0x00021f4c      0x4dc /home/dwpark/work/spuos-secure-v2/applications/secure/bin/GENERIC_M2354_KPQC/dorsalstream.a(dorsalstream.o)
 .text.aes_ecb  0x00022428       0x68 /home/dwpark/work/spuos-secure-v2/applications/secure/bin/GENERIC_M2354_KPQC/dorsalstream.a(dorsalstream.o)
 .text.aes256_ecb_keyexp
                0x00022490       0x34 /home/dwpark/work/spuos-secure-v2/applications/secure/bin/GENERIC_M2354_KPQC/dorsalstream.a(dorsalstream.o)
                0x00022490                aes256_ecb_keyexp
 .text.aes256_ecb
                0x000224c4        0xe /home/dwpark/work/spuos-secure-v2/applications/secure/bin/GENERIC_M2354_KPQC/dorsalstream.a(dorsalstream.o)
                0x000224c4                aes256_ecb
 .text.aes256_ctx_release
                0x000224d2        0xa /home/dwpark/work/spuos-secure-v2/applications/secure/bin/GENERIC_M2354_KPQC/dorsalstream.a(dorsalstream.o)
                0x000224d2                aes256_ctx_release
 .text.KeccakF1600_StatePermute
                0x000224dc      0xe14 /home/dwpark/work/spuos-secure-v2/applications/secure/bin/GENERIC_M2354_KPQC/dorsalstream.a(dorsalstream.o)
 .text.keccak_absorb
                0x000232f0       0xb4 /home/dwpark/work/spuos-secure-v2/applications/secure/bin/GENERIC_M2354_KPQC/dorsalstream.a(dorsalstream.o)
 .text.keccak_squeeze
                0x000233a4       0x54 /home/dwpark/work/spuos-secure-v2/applications/secure/bin/GENERIC_M2354_KPQC/dorsalstream.a(dorsalstream.o)
 .text.keccak_absorb_once
                0x000233f8       0xda /home/dwpark/work/spuos-secure-v2/applications/secure/bin/GENERIC_M2354_KPQC/dorsalstream.a(dorsalstream.o)
 .text.keccak_squeezeblocks
                0x000234d2       0x60 /home/dwpark/work/spuos-secure-v2/applications/secure/bin/GENERIC_M2354_KPQC/dorsalstream.a(dorsalstream.o)
 .text.keccak_finalize.constprop.0
                0x00023532       0x34 /home/dwpark/work/spuos-secure-v2/applications/secure/bin/GENERIC_M2354_KPQC/dorsalstream.a(dorsalstream.o)
 .text.shake128_init
                0x00023566       0x14 /home/dwpark/work/spuos-secure-v2/applications/secure/bin/GENERIC_M2354_KPQC/dorsalstream.a(dorsalstream.o)
                0x00023566                shake128_init
 .text.shake128_absorb
                0x0002357a       0x16 /home/dwpark/work/spuos-secure-v2/applications/secure/bin/GENERIC_M2354_KPQC/dorsalstream.a(dorsalstream.o)
                0x0002357a                shake128_absorb
 .text.shake128_finalize
                0x00023590       0x14 /home/dwpark/work/spuos-secure-v2/applications/secure/bin/GENERIC_M2354_KPQC/dorsalstream.a(dorsalstream.o)
                0x00023590                shake128_finalize
 .text.shake128_squeeze
                0x000235a4       0x14 /home/dwpark/work/spuos-secure-v2/applications/secure/bin/GENERIC_M2354_KPQC/dorsalstream.a(dorsalstream.o)
                0x000235a4                shake128_squeeze
 .text.shake128_absorb_once
                0x000235b8       0x1a /home/dwpark/work/spuos-secure-v2/applications/secure/bin/GENERIC_M2354_KPQC/dorsalstream.a(dorsalstream.o)
                0x000235b8                shake128_absorb_once
 .text.shake128_squeezeblocks
                0x000235d2        0xa /home/dwpark/work/spuos-secure-v2/applications/secure/bin/GENERIC_M2354_KPQC/dorsalstream.a(dorsalstream.o)
                0x000235d2                shake128_squeezeblocks
 .text.shake256_init
                0x000235dc        0x8 /home/dwpark/work/spuos-secure-v2/applications/secure/bin/GENERIC_M2354_KPQC/dorsalstream.a(dorsalstream.o)
                0x000235dc                shake256_init
 .text.shake256_absorb
                0x000235e4       0x16 /home/dwpark/work/spuos-secure-v2/applications/secure/bin/GENERIC_M2354_KPQC/dorsalstream.a(dorsalstream.o)
                0x000235e4                shake256_absorb
 .text.shake256_finalize
                0x000235fa       0x14 /home/dwpark/work/spuos-secure-v2/applications/secure/bin/GENERIC_M2354_KPQC/dorsalstream.a(dorsalstream.o)
                0x000235fa                shake256_finalize
 .text.shake256_squeeze
                0x0002360e       0x14 /home/dwpark/work/spuos-secure-v2/applications/secure/bin/GENERIC_M2354_KPQC/dorsalstream.a(dorsalstream.o)
                0x0002360e                shake256_squeeze
 .text.shake256_absorb_once
                0x00023622       0x1a /home/dwpark/work/spuos-secure-v2/applications/secure/bin/GENERIC_M2354_KPQC/dorsalstream.a(dorsalstream.o)
                0x00023622                shake256_absorb_once
 .text.shake256_squeezeblocks
                0x0002363c        0xa /home/dwpark/work/spuos-secure-v2/applications/secure/bin/GENERIC_M2354_KPQC/dorsalstream.a(dorsalstream.o)
                0x0002363c                shake256_squeezeblocks
 .text.shake128
                0x00023646       0x32 /home/dwpark/work/spuos-secure-v2/applications/secure/bin/GENERIC_M2354_KPQC/dorsalstream.a(dorsalstream.o)
                0x00023646                shake128
 .text.shake256
                0x00023678       0x32 /home/dwpark/work/spuos-secure-v2/applications/secure/bin/GENERIC_M2354_KPQC/dorsalstream.a(dorsalstream.o)
                0x00023678                shake256
 .text.sha3_256
                0x000236aa       0x4c /home/dwpark/work/spuos-secure-v2/applications/secure/bin/GENERIC_M2354_KPQC/dorsalstream.a(dorsalstream.o)
                0x000236aa                sha3_256
 .text.sha3_512
                0x000236f6       0x4c /home/dwpark/work/spuos-secure-v2/applications/secure/bin/GENERIC_M2354_KPQC/dorsalstream.a(dorsalstream.o)
                0x000236f6                sha3_512
 .text.AES256_ECB
                0x00023742       0x22 /home/dwpark/work/spuos-secure-v2/applications/secure/bin/GENERIC_M2354_KPQC/dorsalstream.a(dorsalstream.o)
                0x00023742                AES256_ECB
 .text.AES256_CTR_DRBG_Update
                0x00023764       0x6c /home/dwpark/work/spuos-secure-v2/applications/secure/bin/GENERIC_M2354_KPQC/dorsalstream.a(dorsalstream.o)
                0x00023764                AES256_CTR_DRBG_Update
 .text.randombytes_init
                0x000237d0       0x5c /home/dwpark/work/spuos-secure-v2/applications/secure/bin/GENERIC_M2354_KPQC/dorsalstream.a(dorsalstream.o)
                0x000237d0                randombytes_init
 .text.randombytes
                0x0002382c       0xbc /home/dwpark/work/spuos-secure-v2/applications/secure/bin/GENERIC_M2354_KPQC/dorsalstream.a(dorsalstream.o)
                0x0002382c                randombytes
 .text.cryptolab_smaug1_poly_cbd
                0x000238e8       0x60 /home/dwpark/work/spuos-secure-v2/applications/secure/bin/GENERIC_M2354_KPQC/dorsalstream.a(dorsalstream.o)
                0x000238e8                cryptolab_smaug1_poly_cbd
 .text.cryptolab_smaug1_computeC1
                0x00023948       0x40 /home/dwpark/work/spuos-secure-v2/applications/secure/bin/GENERIC_M2354_KPQC/dorsalstream.a(dorsalstream.o)
                0x00023948                cryptolab_smaug1_computeC1
 .text.cryptolab_smaug1_computeC2
                0x00023988       0x58 /home/dwpark/work/spuos-secure-v2/applications/secure/bin/GENERIC_M2354_KPQC/dorsalstream.a(dorsalstream.o)
                0x00023988                cryptolab_smaug1_computeC2
 .text.cryptolab_smaug1_addGaussianError
                0x000239e0      0x2a0 /home/dwpark/work/spuos-secure-v2/applications/secure/bin/GENERIC_M2354_KPQC/dorsalstream.a(dorsalstream.o)
                0x000239e0                cryptolab_smaug1_addGaussianError
 .text.cryptolab_smaug1_addGaussianErrorVec
                0x00023c80       0x38 /home/dwpark/work/spuos-secure-v2/applications/secure/bin/GENERIC_M2354_KPQC/dorsalstream.a(dorsalstream.o)
                0x00023c80                cryptolab_smaug1_addGaussianErrorVec
 .text.cryptolab_smaug1_shake256_absorb_twice_squeeze
                0x00023cb8       0x3a /home/dwpark/work/spuos-secure-v2/applications/secure/bin/GENERIC_M2354_KPQC/dorsalstream.a(dorsalstream.o)
                0x00023cb8                cryptolab_smaug1_shake256_absorb_twice_squeeze
 *fill*         0x00023cf2        0x2 
 .text.cryptolab_smaug1_hwt
                0x00023cf4      0x138 /home/dwpark/work/spuos-secure-v2/applications/secure/bin/GENERIC_M2354_KPQC/dorsalstream.a(dorsalstream.o)
                0x00023cf4                cryptolab_smaug1_hwt
 .text.cryptolab_smaug1_genRx_vec
                0x00023e2c       0x68 /home/dwpark/work/spuos-secure-v2/applications/secure/bin/GENERIC_M2354_KPQC/dorsalstream.a(dorsalstream.o)
                0x00023e2c                cryptolab_smaug1_genRx_vec
 .text.cryptolab_smaug1_indcpa_keypair
                0x00023e94       0x98 /home/dwpark/work/spuos-secure-v2/applications/secure/bin/GENERIC_M2354_KPQC/dorsalstream.a(dorsalstream.o)
                0x00023e94                cryptolab_smaug1_indcpa_keypair
 .text.cryptolab_smaug1_indcpa_enc
                0x00023f2c       0x9c /home/dwpark/work/spuos-secure-v2/applications/secure/bin/GENERIC_M2354_KPQC/dorsalstream.a(dorsalstream.o)
                0x00023f2c                cryptolab_smaug1_indcpa_enc
 .text.cryptolab_smaug1_indcpa_dec
                0x00023fc8      0x100 /home/dwpark/work/spuos-secure-v2/applications/secure/bin/GENERIC_M2354_KPQC/dorsalstream.a(dorsalstream.o)
                0x00023fc8                cryptolab_smaug1_indcpa_dec
 .text.cryptolab_smaug1_save_to_string
                0x000240c8       0x1c /home/dwpark/work/spuos-secure-v2/applications/secure/bin/GENERIC_M2354_KPQC/dorsalstream.a(dorsalstream.o)
                0x000240c8                cryptolab_smaug1_save_to_string
 .text.cryptolab_smaug1_load_from_string
                0x000240e4       0x1c /home/dwpark/work/spuos-secure-v2/applications/secure/bin/GENERIC_M2354_KPQC/dorsalstream.a(dorsalstream.o)
                0x000240e4                cryptolab_smaug1_load_from_string
 .text.cryptolab_smaug1_save_to_string_sk
                0x00024100       0x1a /home/dwpark/work/spuos-secure-v2/applications/secure/bin/GENERIC_M2354_KPQC/dorsalstream.a(dorsalstream.o)
                0x00024100                cryptolab_smaug1_save_to_string_sk
 .text.cryptolab_smaug1_load_from_string_sk
                0x0002411a       0x1a /home/dwpark/work/spuos-secure-v2/applications/secure/bin/GENERIC_M2354_KPQC/dorsalstream.a(dorsalstream.o)
                0x0002411a                cryptolab_smaug1_load_from_string_sk
 .text.cryptolab_smaug1_save_to_string_pk
                0x00024134       0x1c /home/dwpark/work/spuos-secure-v2/applications/secure/bin/GENERIC_M2354_KPQC/dorsalstream.a(dorsalstream.o)
                0x00024134                cryptolab_smaug1_save_to_string_pk
 .text.cryptolab_smaug1_load_from_string_pk
                0x00024150       0x26 /home/dwpark/work/spuos-secure-v2/applications/secure/bin/GENERIC_M2354_KPQC/dorsalstream.a(dorsalstream.o)
                0x00024150                cryptolab_smaug1_load_from_string_pk
 .text.cryptolab_smaug1_crypto_kem_keypair
                0x00024176       0x2a /home/dwpark/work/spuos-secure-v2/applications/secure/bin/GENERIC_M2354_KPQC/dorsalstream.a(dorsalstream.o)
                0x00024176                cryptolab_smaug1_crypto_kem_keypair
 .text.cryptolab_smaug1_crypto_kem_enc
                0x000241a0       0x70 /home/dwpark/work/spuos-secure-v2/applications/secure/bin/GENERIC_M2354_KPQC/dorsalstream.a(dorsalstream.o)
                0x000241a0                cryptolab_smaug1_crypto_kem_enc
 .text.cryptolab_smaug1_crypto_kem_dec
                0x00024210       0xd8 /home/dwpark/work/spuos-secure-v2/applications/secure/bin/GENERIC_M2354_KPQC/dorsalstream.a(dorsalstream.o)
                0x00024210                cryptolab_smaug1_crypto_kem_dec
 .text.cryptolab_smaug1_genAx
                0x000242e8       0x82 /home/dwpark/work/spuos-secure-v2/applications/secure/bin/GENERIC_M2354_KPQC/dorsalstream.a(dorsalstream.o)
                0x000242e8                cryptolab_smaug1_genAx
 .text.cryptolab_smaug1_genBx
                0x0002436a       0x1a /home/dwpark/work/spuos-secure-v2/applications/secure/bin/GENERIC_M2354_KPQC/dorsalstream.a(dorsalstream.o)
                0x0002436a                cryptolab_smaug1_genBx
 .text.cryptolab_smaug1_genSx_vec
                0x00024384       0x50 /home/dwpark/work/spuos-secure-v2/applications/secure/bin/GENERIC_M2354_KPQC/dorsalstream.a(dorsalstream.o)
                0x00024384                cryptolab_smaug1_genSx_vec
 .text.cryptolab_smaug1_genPubkey
                0x000243d4       0x34 /home/dwpark/work/spuos-secure-v2/applications/secure/bin/GENERIC_M2354_KPQC/dorsalstream.a(dorsalstream.o)
                0x000243d4                cryptolab_smaug1_genPubkey
 .text.cryptolab_smaug1_Rq_to_bytes
                0x00024408       0xec /home/dwpark/work/spuos-secure-v2/applications/secure/bin/GENERIC_M2354_KPQC/dorsalstream.a(dorsalstream.o)
                0x00024408                cryptolab_smaug1_Rq_to_bytes
 .text.cryptolab_smaug1_bytes_to_Rq
                0x000244f4       0xcc /home/dwpark/work/spuos-secure-v2/applications/secure/bin/GENERIC_M2354_KPQC/dorsalstream.a(dorsalstream.o)
                0x000244f4                cryptolab_smaug1_bytes_to_Rq
 .text.cryptolab_smaug1_Rq_vec_to_bytes
                0x000245c0       0x1c /home/dwpark/work/spuos-secure-v2/applications/secure/bin/GENERIC_M2354_KPQC/dorsalstream.a(dorsalstream.o)
                0x000245c0                cryptolab_smaug1_Rq_vec_to_bytes
 .text.cryptolab_smaug1_bytes_to_Rq_vec
                0x000245dc       0x1c /home/dwpark/work/spuos-secure-v2/applications/secure/bin/GENERIC_M2354_KPQC/dorsalstream.a(dorsalstream.o)
                0x000245dc                cryptolab_smaug1_bytes_to_Rq_vec
 .text.cryptolab_smaug1_Rp_to_bytes
                0x000245f8       0x24 /home/dwpark/work/spuos-secure-v2/applications/secure/bin/GENERIC_M2354_KPQC/dorsalstream.a(dorsalstream.o)
                0x000245f8                cryptolab_smaug1_Rp_to_bytes
 .text.cryptolab_smaug1_Rp2_to_bytes
                0x0002461c       0x84 /home/dwpark/work/spuos-secure-v2/applications/secure/bin/GENERIC_M2354_KPQC/dorsalstream.a(dorsalstream.o)
                0x0002461c                cryptolab_smaug1_Rp2_to_bytes
 .text.cryptolab_smaug1_bytes_to_Rp
                0x000246a0       0x24 /home/dwpark/work/spuos-secure-v2/applications/secure/bin/GENERIC_M2354_KPQC/dorsalstream.a(dorsalstream.o)
                0x000246a0                cryptolab_smaug1_bytes_to_Rp
 .text.cryptolab_smaug1_bytes_to_Rp2
                0x000246c4       0x90 /home/dwpark/work/spuos-secure-v2/applications/secure/bin/GENERIC_M2354_KPQC/dorsalstream.a(dorsalstream.o)
                0x000246c4                cryptolab_smaug1_bytes_to_Rp2
 .text.cryptolab_smaug1_Rp_vec_to_bytes
                0x00024754       0x1a /home/dwpark/work/spuos-secure-v2/applications/secure/bin/GENERIC_M2354_KPQC/dorsalstream.a(dorsalstream.o)
                0x00024754                cryptolab_smaug1_Rp_vec_to_bytes
 .text.cryptolab_smaug1_bytes_to_Rp_vec
                0x0002476e       0x1a /home/dwpark/work/spuos-secure-v2/applications/secure/bin/GENERIC_M2354_KPQC/dorsalstream.a(dorsalstream.o)
                0x0002476e                cryptolab_smaug1_bytes_to_Rp_vec
 .text.cryptolab_smaug1_Sx_to_bytes
                0x00024788       0x34 /home/dwpark/work/spuos-secure-v2/applications/secure/bin/GENERIC_M2354_KPQC/dorsalstream.a(dorsalstream.o)
                0x00024788                cryptolab_smaug1_Sx_to_bytes
 .text.cryptolab_smaug1_bytes_to_Sx
                0x000247bc       0x4c /home/dwpark/work/spuos-secure-v2/applications/secure/bin/GENERIC_M2354_KPQC/dorsalstream.a(dorsalstream.o)
                0x000247bc                cryptolab_smaug1_bytes_to_Sx
 .text.vec_vec_mult
                0x00024808       0x22 /home/dwpark/work/spuos-secure-v2/applications/secure/bin/GENERIC_M2354_KPQC/dorsalstream.a(dorsalstream.o)
                0x00024808                vec_vec_mult
 *fill*         0x0002482a        0x2 
 .text.cryptolab_smaug1_vec_vec_mult_add
                0x0002482c       0x80 /home/dwpark/work/spuos-secure-v2/applications/secure/bin/GENERIC_M2354_KPQC/dorsalstream.a(dorsalstream.o)
                0x0002482c                cryptolab_smaug1_vec_vec_mult_add
 .text.cryptolab_smaug1_matrix_vec_mult_add
                0x000248ac       0x78 /home/dwpark/work/spuos-secure-v2/applications/secure/bin/GENERIC_M2354_KPQC/dorsalstream.a(dorsalstream.o)
                0x000248ac                cryptolab_smaug1_matrix_vec_mult_add
 .text.cryptolab_smaug1_matrix_vec_mult_sub
                0x00024924       0x98 /home/dwpark/work/spuos-secure-v2/applications/secure/bin/GENERIC_M2354_KPQC/dorsalstream.a(dorsalstream.o)
                0x00024924                cryptolab_smaug1_matrix_vec_mult_sub
 .text.smaug1_keypair
                0x000249bc        0x8 /home/dwpark/work/spuos-secure-v2/applications/secure/bin/GENERIC_M2354_KPQC/dorsalstream.a(dorsalstream.o)
                0x000249bc                smaug1_keypair
 .text.smaug1_enc
                0x000249c4       0x2c /home/dwpark/work/spuos-secure-v2/applications/secure/bin/GENERIC_M2354_KPQC/dorsalstream.a(dorsalstream.o)
                0x000249c4                smaug1_enc
 .text.smaug1_dec
                0x000249f0       0x2c /home/dwpark/work/spuos-secure-v2/applications/secure/bin/GENERIC_M2354_KPQC/dorsalstream.a(dorsalstream.o)
                0x000249f0                smaug1_dec
 .text.karatsuba_simple
                0x00024a1c      0x244 /home/dwpark/work/spuos-secure-v2/applications/secure/bin/GENERIC_M2354_KPQC/dorsalstream.a(dorsalstream.o)
 .text.cryptolab_smaug1_poly_mul_acc
                0x00024c60      0x374 /home/dwpark/work/spuos-secure-v2/applications/secure/bin/GENERIC_M2354_KPQC/dorsalstream.a(dorsalstream.o)
                0x00024c60                cryptolab_smaug1_poly_mul_acc
 .text.cryptolab_smaug1_verify
                0x00024fd4       0x24 /home/dwpark/work/spuos-secure-v2/applications/secure/bin/GENERIC_M2354_KPQC/dorsalstream.a(dorsalstream.o)
                0x00024fd4                cryptolab_smaug1_verify
 .text.cryptolab_smaug1_cmov
                0x00024ff8       0x1e /home/dwpark/work/spuos-secure-v2/applications/secure/bin/GENERIC_M2354_KPQC/dorsalstream.a(dorsalstream.o)
                0x00024ff8                cryptolab_smaug1_cmov
 *fill*         0x00025016        0x2 
 .text.crypto_kem_keypair
                0x00025018       0xf8 /home/dwpark/work/spuos-secure-v2/applications/secure/bin/GENERIC_M2354_KPQC/dorsalstream.a(dorsalstream.o)
                0x00025018                crypto_kem_keypair
 .text.crypto_kem_enc
                0x00025110       0xdc /home/dwpark/work/spuos-secure-v2/applications/secure/bin/GENERIC_M2354_KPQC/dorsalstream.a(dorsalstream.o)
                0x00025110                crypto_kem_enc
 .text.crypto_kem_dec
                0x000251ec      0x1a4 /home/dwpark/work/spuos-secure-v2/applications/secure/bin/GENERIC_M2354_KPQC/dorsalstream.a(dorsalstream.o)
                0x000251ec                crypto_kem_dec
 .text.ntru768_keypair
                0x00025390       0x12 /home/dwpark/work/spuos-secure-v2/applications/secure/bin/GENERIC_M2354_KPQC/dorsalstream.a(dorsalstream.o)
                0x00025390                ntru768_keypair
 .text.ntru768_enc
                0x000253a2       0x2c /home/dwpark/work/spuos-secure-v2/applications/secure/bin/GENERIC_M2354_KPQC/dorsalstream.a(dorsalstream.o)
                0x000253a2                ntru768_enc
 .text.ntru768_dec
                0x000253ce       0x2c /home/dwpark/work/spuos-secure-v2/applications/secure/bin/GENERIC_M2354_KPQC/dorsalstream.a(dorsalstream.o)
                0x000253ce                ntru768_dec
 *fill*         0x000253fa        0x2 
 .text.plantard_reduce
                0x000253fc       0x18 /home/dwpark/work/spuos-secure-v2/applications/secure/bin/GENERIC_M2354_KPQC/dorsalstream.a(dorsalstream.o)
 .text.plantard_reduce_acc
                0x00025414        0xe /home/dwpark/work/spuos-secure-v2/applications/secure/bin/GENERIC_M2354_KPQC/dorsalstream.a(dorsalstream.o)
 .text.plantard_mul
                0x00025422       0x10 /home/dwpark/work/spuos-secure-v2/applications/secure/bin/GENERIC_M2354_KPQC/dorsalstream.a(dorsalstream.o)
 *fill*         0x00025432        0x2 
 .text.fqinv    0x00025434       0x84 /home/dwpark/work/spuos-secure-v2/applications/secure/bin/GENERIC_M2354_KPQC/dorsalstream.a(dorsalstream.o)
 .text.ntt      0x000254b8      0x430 /home/dwpark/work/spuos-secure-v2/applications/secure/bin/GENERIC_M2354_KPQC/dorsalstream.a(dorsalstream.o)
                0x000254b8                ntt
 .text.invntt   0x000258e8      0x488 /home/dwpark/work/spuos-secure-v2/applications/secure/bin/GENERIC_M2354_KPQC/dorsalstream.a(dorsalstream.o)
                0x000258e8                invntt
 .text.baseinv  0x00025d70      0x260 /home/dwpark/work/spuos-secure-v2/applications/secure/bin/GENERIC_M2354_KPQC/dorsalstream.a(dorsalstream.o)
                0x00025d70                baseinv
 .text.basemul  0x00025fd0      0x13c /home/dwpark/work/spuos-secure-v2/applications/secure/bin/GENERIC_M2354_KPQC/dorsalstream.a(dorsalstream.o)
                0x00025fd0                basemul
 .text.basemul_add
                0x0002610c      0x164 /home/dwpark/work/spuos-secure-v2/applications/secure/bin/GENERIC_M2354_KPQC/dorsalstream.a(dorsalstream.o)
                0x0002610c                basemul_add
 .text.poly_tobytes
                0x00026270       0x40 /home/dwpark/work/spuos-secure-v2/applications/secure/bin/GENERIC_M2354_KPQC/dorsalstream.a(dorsalstream.o)
                0x00026270                poly_tobytes
 .text.poly_frombytes
                0x000262b0       0x2c /home/dwpark/work/spuos-secure-v2/applications/secure/bin/GENERIC_M2354_KPQC/dorsalstream.a(dorsalstream.o)
                0x000262b0                poly_frombytes
 .text.poly_cbd1
                0x000262dc       0x3a /home/dwpark/work/spuos-secure-v2/applications/secure/bin/GENERIC_M2354_KPQC/dorsalstream.a(dorsalstream.o)
                0x000262dc                poly_cbd1
 .text.poly_sotp_encode
                0x00026316       0x30 /home/dwpark/work/spuos-secure-v2/applications/secure/bin/GENERIC_M2354_KPQC/dorsalstream.a(dorsalstream.o)
                0x00026316                poly_sotp_encode
 .text.poly_sotp_decode
                0x00026346       0x6c /home/dwpark/work/spuos-secure-v2/applications/secure/bin/GENERIC_M2354_KPQC/dorsalstream.a(dorsalstream.o)
                0x00026346                poly_sotp_decode
 .text.poly_ntt
                0x000263b2        0x8 /home/dwpark/work/spuos-secure-v2/applications/secure/bin/GENERIC_M2354_KPQC/dorsalstream.a(dorsalstream.o)
                0x000263b2                poly_ntt
 .text.poly_invntt
                0x000263ba        0x8 /home/dwpark/work/spuos-secure-v2/applications/secure/bin/GENERIC_M2354_KPQC/dorsalstream.a(dorsalstream.o)
                0x000263ba                poly_invntt
 *fill*         0x000263c2        0x2 
 .text.poly_baseinv
                0x000263c4       0x2c /home/dwpark/work/spuos-secure-v2/applications/secure/bin/GENERIC_M2354_KPQC/dorsalstream.a(dorsalstream.o)
                0x000263c4                poly_baseinv
 .text.poly_basemul
                0x000263f0       0x4c /home/dwpark/work/spuos-secure-v2/applications/secure/bin/GENERIC_M2354_KPQC/dorsalstream.a(dorsalstream.o)
                0x000263f0                poly_basemul
 .text.poly_basemul_add
                0x0002643c       0x58 /home/dwpark/work/spuos-secure-v2/applications/secure/bin/GENERIC_M2354_KPQC/dorsalstream.a(dorsalstream.o)
                0x0002643c                poly_basemul_add
 .text.poly_sub
                0x00026494       0x18 /home/dwpark/work/spuos-secure-v2/applications/secure/bin/GENERIC_M2354_KPQC/dorsalstream.a(dorsalstream.o)
                0x00026494                poly_sub
 .text.poly_triple
                0x000264ac       0x18 /home/dwpark/work/spuos-secure-v2/applications/secure/bin/GENERIC_M2354_KPQC/dorsalstream.a(dorsalstream.o)
                0x000264ac                poly_triple
 .text.poly_crepmod3
                0x000264c4       0x50 /home/dwpark/work/spuos-secure-v2/applications/secure/bin/GENERIC_M2354_KPQC/dorsalstream.a(dorsalstream.o)
                0x000264c4                poly_crepmod3
 .text.hash_g   0x00026514       0x44 /home/dwpark/work/spuos-secure-v2/applications/secure/bin/GENERIC_M2354_KPQC/dorsalstream.a(dorsalstream.o)
                0x00026514                hash_g
 .text.hash_h_kem
                0x00026558       0x32 /home/dwpark/work/spuos-secure-v2/applications/secure/bin/GENERIC_M2354_KPQC/dorsalstream.a(dorsalstream.o)
                0x00026558                hash_h_kem
 .text.samsungsds_aimer128f_mem_opt_GF_exp_invmer_e_1
                0x0002658a      0x352 /home/dwpark/work/spuos-secure-v2/applications/secure/bin/GENERIC_M2354_KPQC/dorsalstream.a(dorsalstream.o)
                0x0002658a                samsungsds_aimer128f_mem_opt_GF_exp_invmer_e_1
 .text.samsungsds_aimer128f_mem_opt_GF_exp_invmer_e_2
                0x000268dc      0x322 /home/dwpark/work/spuos-secure-v2/applications/secure/bin/GENERIC_M2354_KPQC/dorsalstream.a(dorsalstream.o)
                0x000268dc                samsungsds_aimer128f_mem_opt_GF_exp_invmer_e_2
 .text.samsungsds_aimer128f_mem_opt_GF_exp_mer_e_star
                0x00026bfe       0x3a /home/dwpark/work/spuos-secure-v2/applications/secure/bin/GENERIC_M2354_KPQC/dorsalstream.a(dorsalstream.o)
                0x00026bfe                samsungsds_aimer128f_mem_opt_GF_exp_mer_e_star
 .text.samsungsds_aimer128f_mem_opt_generate_matrices_L_and_U
                0x00026c38      0x124 /home/dwpark/work/spuos-secure-v2/applications/secure/bin/GENERIC_M2354_KPQC/dorsalstream.a(dorsalstream.o)
                0x00026c38                samsungsds_aimer128f_mem_opt_generate_matrices_L_and_U
 .text.samsungsds_aimer128f_mem_opt_generate_matrix_LU
                0x00026d5c       0x54 /home/dwpark/work/spuos-secure-v2/applications/secure/bin/GENERIC_M2354_KPQC/dorsalstream.a(dorsalstream.o)
                0x00026d5c                samsungsds_aimer128f_mem_opt_generate_matrix_LU
 .text.samsungsds_aimer128f_mem_opt_aim2
                0x00026db0       0xdc /home/dwpark/work/spuos-secure-v2/applications/secure/bin/GENERIC_M2354_KPQC/dorsalstream.a(dorsalstream.o)
                0x00026db0                samsungsds_aimer128f_mem_opt_aim2
 .text.samsungsds_aimer128f_mem_opt_aim2_sbox_outputs
                0x00026e8c       0x34 /home/dwpark/work/spuos-secure-v2/applications/secure/bin/GENERIC_M2354_KPQC/dorsalstream.a(dorsalstream.o)
                0x00026e8c                samsungsds_aimer128f_mem_opt_aim2_sbox_outputs
 .text.aimer128f_keypair
                0x00026ec0        0x8 /home/dwpark/work/spuos-secure-v2/applications/secure/bin/GENERIC_M2354_KPQC/dorsalstream.a(dorsalstream.o)
                0x00026ec0                aimer128f_keypair
 .text.aimer128f_sign_signature
                0x00026ec8        0xc /home/dwpark/work/spuos-secure-v2/applications/secure/bin/GENERIC_M2354_KPQC/dorsalstream.a(dorsalstream.o)
                0x00026ec8                aimer128f_sign_signature
 .text.aimer128f_verify
                0x00026ed4       0x18 /home/dwpark/work/spuos-secure-v2/applications/secure/bin/GENERIC_M2354_KPQC/dorsalstream.a(dorsalstream.o)
                0x00026ed4                aimer128f_verify
 .text.aimer128f_sign
                0x00026eec        0xc /home/dwpark/work/spuos-secure-v2/applications/secure/bin/GENERIC_M2354_KPQC/dorsalstream.a(dorsalstream.o)
                0x00026eec                aimer128f_sign
 .text.aimer128f_open
                0x00026ef8        0xc /home/dwpark/work/spuos-secure-v2/applications/secure/bin/GENERIC_M2354_KPQC/dorsalstream.a(dorsalstream.o)
                0x00026ef8                aimer128f_open
 .text.poly64_mul
                0x00026f04      0x420 /home/dwpark/work/spuos-secure-v2/applications/secure/bin/GENERIC_M2354_KPQC/dorsalstream.a(dorsalstream.o)
 .text.poly64_mul_s
                0x00027324      0xdcc /home/dwpark/work/spuos-secure-v2/applications/secure/bin/GENERIC_M2354_KPQC/dorsalstream.a(dorsalstream.o)
 .text.poly64_sqr_s
                0x000280f0       0xc4 /home/dwpark/work/spuos-secure-v2/applications/secure/bin/GENERIC_M2354_KPQC/dorsalstream.a(dorsalstream.o)
 .text.samsungsds_aimer128f_mem_opt_GF_to_bytes
                0x000281b4       0x34 /home/dwpark/work/spuos-secure-v2/applications/secure/bin/GENERIC_M2354_KPQC/dorsalstream.a(dorsalstream.o)
                0x000281b4                samsungsds_aimer128f_mem_opt_GF_to_bytes
 .text.samsungsds_aimer128f_mem_opt_GF_from_bytes
                0x000281e8       0x40 /home/dwpark/work/spuos-secure-v2/applications/secure/bin/GENERIC_M2354_KPQC/dorsalstream.a(dorsalstream.o)
                0x000281e8                samsungsds_aimer128f_mem_opt_GF_from_bytes
 .text.samsungsds_aimer128f_mem_opt_GF_set0
                0x00028228        0xe /home/dwpark/work/spuos-secure-v2/applications/secure/bin/GENERIC_M2354_KPQC/dorsalstream.a(dorsalstream.o)
                0x00028228                samsungsds_aimer128f_mem_opt_GF_set0
 .text.samsungsds_aimer128f_mem_opt_GF_copy
                0x00028236       0x12 /home/dwpark/work/spuos-secure-v2/applications/secure/bin/GENERIC_M2354_KPQC/dorsalstream.a(dorsalstream.o)
                0x00028236                samsungsds_aimer128f_mem_opt_GF_copy
 .text.samsungsds_aimer128f_mem_opt_GF_add
                0x00028248       0x24 /home/dwpark/work/spuos-secure-v2/applications/secure/bin/GENERIC_M2354_KPQC/dorsalstream.a(dorsalstream.o)
                0x00028248                samsungsds_aimer128f_mem_opt_GF_add
 .text.samsungsds_aimer128f_mem_opt_GF_mul
                0x0002826c      0x128 /home/dwpark/work/spuos-secure-v2/applications/secure/bin/GENERIC_M2354_KPQC/dorsalstream.a(dorsalstream.o)
                0x0002826c                samsungsds_aimer128f_mem_opt_GF_mul
 .text.samsungsds_aimer128f_mem_opt_GF_mul_add
                0x00028394      0x15a /home/dwpark/work/spuos-secure-v2/applications/secure/bin/GENERIC_M2354_KPQC/dorsalstream.a(dorsalstream.o)
                0x00028394                samsungsds_aimer128f_mem_opt_GF_mul_add
 .text.samsungsds_aimer128f_mem_opt_GF_transposed_matmul
                0x000284ee      0x1e6 /home/dwpark/work/spuos-secure-v2/applications/secure/bin/GENERIC_M2354_KPQC/dorsalstream.a(dorsalstream.o)
                0x000284ee                samsungsds_aimer128f_mem_opt_GF_transposed_matmul
 .text.samsungsds_aimer128f_mem_opt_GF_transposed_matmul_add
                0x000286d4      0x20c /home/dwpark/work/spuos-secure-v2/applications/secure/bin/GENERIC_M2354_KPQC/dorsalstream.a(dorsalstream.o)
                0x000286d4                samsungsds_aimer128f_mem_opt_GF_transposed_matmul_add
 .text.samsungsds_aimer128f_mem_opt_GF_mul_s
                0x000288e0      0x128 /home/dwpark/work/spuos-secure-v2/applications/secure/bin/GENERIC_M2354_KPQC/dorsalstream.a(dorsalstream.o)
                0x000288e0                samsungsds_aimer128f_mem_opt_GF_mul_s
 .text.samsungsds_aimer128f_mem_opt_GF_mul_add_s
                0x00028a08      0x15a /home/dwpark/work/spuos-secure-v2/applications/secure/bin/GENERIC_M2354_KPQC/dorsalstream.a(dorsalstream.o)
                0x00028a08                samsungsds_aimer128f_mem_opt_GF_mul_add_s
 .text.samsungsds_aimer128f_mem_opt_GF_sqr_s
                0x00028b62       0xbe /home/dwpark/work/spuos-secure-v2/applications/secure/bin/GENERIC_M2354_KPQC/dorsalstream.a(dorsalstream.o)
                0x00028b62                samsungsds_aimer128f_mem_opt_GF_sqr_s
 .text.samsungsds_aimer128f_mem_opt_hash_init
                0x00028c20        0x8 /home/dwpark/work/spuos-secure-v2/applications/secure/bin/GENERIC_M2354_KPQC/dorsalstream.a(dorsalstream.o)
                0x00028c20                samsungsds_aimer128f_mem_opt_hash_init
 .text.samsungsds_aimer128f_mem_opt_hash_init_prefix
                0x00028c28       0x1a /home/dwpark/work/spuos-secure-v2/applications/secure/bin/GENERIC_M2354_KPQC/dorsalstream.a(dorsalstream.o)
                0x00028c28                samsungsds_aimer128f_mem_opt_hash_init_prefix
 .text.samsungsds_aimer128f_mem_opt_hash_update
                0x00028c42        0x8 /home/dwpark/work/spuos-secure-v2/applications/secure/bin/GENERIC_M2354_KPQC/dorsalstream.a(dorsalstream.o)
                0x00028c42                samsungsds_aimer128f_mem_opt_hash_update
 .text.samsungsds_aimer128f_mem_opt_hash_final
                0x00028c4a        0x8 /home/dwpark/work/spuos-secure-v2/applications/secure/bin/GENERIC_M2354_KPQC/dorsalstream.a(dorsalstream.o)
                0x00028c4a                samsungsds_aimer128f_mem_opt_hash_final
 .text.samsungsds_aimer128f_mem_opt_hash_squeeze
                0x00028c52       0x10 /home/dwpark/work/spuos-secure-v2/applications/secure/bin/GENERIC_M2354_KPQC/dorsalstream.a(dorsalstream.o)
                0x00028c52                samsungsds_aimer128f_mem_opt_hash_squeeze
 .text.samsungsds_aimer128f_mem_opt_hash_ctx_clone
                0x00028c62        0xa /home/dwpark/work/spuos-secure-v2/applications/secure/bin/GENERIC_M2354_KPQC/dorsalstream.a(dorsalstream.o)
                0x00028c62                samsungsds_aimer128f_mem_opt_hash_ctx_clone
 .text.samsungsds_aimer128f_mem_opt_hash_ctx_release
                0x00028c6c        0x2 /home/dwpark/work/spuos-secure-v2/applications/secure/bin/GENERIC_M2354_KPQC/dorsalstream.a(dorsalstream.o)
                0x00028c6c                samsungsds_aimer128f_mem_opt_hash_ctx_release
 .text.samsungsds_aimer128f_mem_opt_commit_and_expand_tape
                0x00028c6e       0x56 /home/dwpark/work/spuos-secure-v2/applications/secure/bin/GENERIC_M2354_KPQC/dorsalstream.a(dorsalstream.o)
                0x00028c6e                samsungsds_aimer128f_mem_opt_commit_and_expand_tape
 .text.samsungsds_aimer128f_mem_opt_aim2_mpc
                0x00028cc4       0x90 /home/dwpark/work/spuos-secure-v2/applications/secure/bin/GENERIC_M2354_KPQC/dorsalstream.a(dorsalstream.o)
                0x00028cc4                samsungsds_aimer128f_mem_opt_aim2_mpc
 .text.samsungsds_aimer128f_mem_opt_run_phase_1
                0x00028d54      0x15c /home/dwpark/work/spuos-secure-v2/applications/secure/bin/GENERIC_M2354_KPQC/dorsalstream.a(dorsalstream.o)
                0x00028d54                samsungsds_aimer128f_mem_opt_run_phase_1
 .text.samsungsds_aimer128f_mem_opt_run_phase_1_to_3
                0x00028eb0      0x234 /home/dwpark/work/spuos-secure-v2/applications/secure/bin/GENERIC_M2354_KPQC/dorsalstream.a(dorsalstream.o)
                0x00028eb0                samsungsds_aimer128f_mem_opt_run_phase_1_to_3
 .text.samsungsds_aimer128f_mem_opt_run_phase_1_to_5
                0x000290e4      0x1c8 /home/dwpark/work/spuos-secure-v2/applications/secure/bin/GENERIC_M2354_KPQC/dorsalstream.a(dorsalstream.o)
                0x000290e4                samsungsds_aimer128f_mem_opt_run_phase_1_to_5
 .text.samsungsds_aimer128f_mem_opt_crypto_sign_keypair
                0x000292ac       0x40 /home/dwpark/work/spuos-secure-v2/applications/secure/bin/GENERIC_M2354_KPQC/dorsalstream.a(dorsalstream.o)
                0x000292ac                samsungsds_aimer128f_mem_opt_crypto_sign_keypair
 .text.samsungsds_aimer128f_mem_opt_crypto_sign_signature
                0x000292ec      0x140 /home/dwpark/work/spuos-secure-v2/applications/secure/bin/GENERIC_M2354_KPQC/dorsalstream.a(dorsalstream.o)
                0x000292ec                samsungsds_aimer128f_mem_opt_crypto_sign_signature
 .text.samsungsds_aimer128f_mem_opt_crypto_sign
                0x0002942c       0x2a /home/dwpark/work/spuos-secure-v2/applications/secure/bin/GENERIC_M2354_KPQC/dorsalstream.a(dorsalstream.o)
                0x0002942c                samsungsds_aimer128f_mem_opt_crypto_sign
 *fill*         0x00029456        0x2 
 .text.samsungsds_aimer128f_mem_opt_crypto_sign_verify
                0x00029458      0x3d8 /home/dwpark/work/spuos-secure-v2/applications/secure/bin/GENERIC_M2354_KPQC/dorsalstream.a(dorsalstream.o)
                0x00029458                samsungsds_aimer128f_mem_opt_crypto_sign_verify
 .text.samsungsds_aimer128f_mem_opt_crypto_sign_open
                0x00029830       0x4c /home/dwpark/work/spuos-secure-v2/applications/secure/bin/GENERIC_M2354_KPQC/dorsalstream.a(dorsalstream.o)
                0x00029830                samsungsds_aimer128f_mem_opt_crypto_sign_open
 .text.samsungsds_aimer128f_mem_opt_expand_tree
                0x0002987c       0x7e /home/dwpark/work/spuos-secure-v2/applications/secure/bin/GENERIC_M2354_KPQC/dorsalstream.a(dorsalstream.o)
                0x0002987c                samsungsds_aimer128f_mem_opt_expand_tree
 *fill*         0x000298fa        0x2 
 .text.samsungsds_aimer128f_mem_opt_reveal_all_but
                0x000298fc       0x38 /home/dwpark/work/spuos-secure-v2/applications/secure/bin/GENERIC_M2354_KPQC/dorsalstream.a(dorsalstream.o)
                0x000298fc                samsungsds_aimer128f_mem_opt_reveal_all_but
 .text.samsungsds_aimer128f_mem_opt_reconstruct_tree
                0x00029934       0xcc /home/dwpark/work/spuos-secure-v2/applications/secure/bin/GENERIC_M2354_KPQC/dorsalstream.a(dorsalstream.o)
                0x00029934                samsungsds_aimer128f_mem_opt_reconstruct_tree
 .text.cryptolab_haetae2_decompose_z1
                0x00029a00       0x1c /home/dwpark/work/spuos-secure-v2/applications/secure/bin/GENERIC_M2354_KPQC/dorsalstream.a(dorsalstream.o)
                0x00029a00                cryptolab_haetae2_decompose_z1
 .text.cryptolab_haetae2_decompose_hint
                0x00029a1c       0x16 /home/dwpark/work/spuos-secure-v2/applications/secure/bin/GENERIC_M2354_KPQC/dorsalstream.a(dorsalstream.o)
                0x00029a1c                cryptolab_haetae2_decompose_hint
 .text.cryptolab_haetae2_decompose_vk
                0x00029a32       0x14 /home/dwpark/work/spuos-secure-v2/applications/secure/bin/GENERIC_M2354_KPQC/dorsalstream.a(dorsalstream.o)
                0x00029a32                cryptolab_haetae2_decompose_vk
 *fill*         0x00029a46        0x2 
 .text.cryptolab_haetae2_encode_h
                0x00029a48       0xb8 /home/dwpark/work/spuos-secure-v2/applications/secure/bin/GENERIC_M2354_KPQC/dorsalstream.a(dorsalstream.o)
                0x00029a48                cryptolab_haetae2_encode_h
 .text.cryptolab_haetae2_decode_h
                0x00029b00       0xb8 /home/dwpark/work/spuos-secure-v2/applications/secure/bin/GENERIC_M2354_KPQC/dorsalstream.a(dorsalstream.o)
                0x00029b00                cryptolab_haetae2_decode_h